Archive member included to satisfy reference by file (symbol)

/home/dmitrii/ti/pdk_am335x_1_0_17/packages/ti/drv/gpio/lib/am335x/a8/release/ti.drv.gpio.aa8fg(GPIO_v1.oa8fg)
                              ./GPIO_soc.o (GPIO_FxnTable_v1)
/home/dmitrii/ti/pdk_am335x_1_0_17/packages/ti/drv/gpio/lib/am335x/a8/release/ti.drv.gpio.aa8fg(GPIO_drv.oa8fg)
                              /home/dmitrii/ti/pdk_am335x_1_0_17/packages/ti/drv/gpio/lib/am335x/a8/release/ti.drv.gpio.aa8fg(GPIO_v1.oa8fg) (GPIO_setCallback)
/home/dmitrii/ti/pdk_am335x_1_0_17/packages/ti/board/lib/bbbAM335x/a8/release/ti.board.aa8fg(bbbAM335x.oa8fg)
                              ./main.o (Board_init)
/home/dmitrii/ti/pdk_am335x_1_0_17/packages/ti/board/lib/bbbAM335x/a8/release/ti.board.aa8fg(bbbAM335x_lld_init.oa8fg)
                              /home/dmitrii/ti/pdk_am335x_1_0_17/packages/ti/board/lib/bbbAM335x/a8/release/ti.board.aa8fg(bbbAM335x.oa8fg) (Board_uartStdioInit)
/home/dmitrii/ti/pdk_am335x_1_0_17/packages/ti/board/lib/bbbAM335x/a8/release/ti.board.aa8fg(bbbAM335x_pinmux.oa8fg)
                              /home/dmitrii/ti/pdk_am335x_1_0_17/packages/ti/board/lib/bbbAM335x/a8/release/ti.board.aa8fg(bbbAM335x.oa8fg) (Board_pinmuxConfig)
/home/dmitrii/ti/pdk_am335x_1_0_17/packages/ti/board/lib/bbbAM335x/a8/release/ti.board.aa8fg(am335x_chipdb.oa8fg)
                              /home/dmitrii/ti/pdk_am335x_1_0_17/packages/ti/board/lib/bbbAM335x/a8/release/ti.board.aa8fg(bbbAM335x_pinmux.oa8fg) (CHIPDBBaseAddress)
/home/dmitrii/ti/pdk_am335x_1_0_17/packages/ti/board/lib/bbbAM335x/a8/release/ti.board.aa8fg(am335x_prcm.oa8fg)
                              /home/dmitrii/ti/pdk_am335x_1_0_17/packages/ti/board/lib/bbbAM335x/a8/release/ti.board.aa8fg(bbbAM335x.oa8fg) (PRCMModuleEnable)
/home/dmitrii/ti/pdk_am335x_1_0_17/packages/ti/board/lib/bbbAM335x/a8/release/ti.board.aa8fg(hw_am335x_chipdb.oa8fg)
                              /home/dmitrii/ti/pdk_am335x_1_0_17/packages/ti/board/lib/bbbAM335x/a8/release/ti.board.aa8fg(am335x_chipdb.oa8fg) (CHIPDBSpeedGradeProcID)
/home/dmitrii/ti/pdk_am335x_1_0_17/packages/ti/board/lib/bbbAM335x/a8/release/ti.board.aa8fg(hw_am335x_chipdb_baseaddr.oa8fg)
                              /home/dmitrii/ti/pdk_am335x_1_0_17/packages/ti/board/lib/bbbAM335x/a8/release/ti.board.aa8fg(am335x_chipdb.oa8fg) (gChipDBBaseAddrTable)
/home/dmitrii/ti/pdk_am335x_1_0_17/packages/ti/board/lib/bbbAM335x/a8/release/ti.board.aa8fg(hw_am335x_chipdb_interrupt.oa8fg)
                              /home/dmitrii/ti/pdk_am335x_1_0_17/packages/ti/board/lib/bbbAM335x/a8/release/ti.board.aa8fg(am335x_chipdb.oa8fg) (gChipDBInterruptTables)
/home/dmitrii/ti/pdk_am335x_1_0_17/packages/ti/board/lib/bbbAM335x/a8/release/ti.board.aa8fg(am335x_beagleboneblack_pinmux_data.oa8fg)
                              /home/dmitrii/ti/pdk_am335x_1_0_17/packages/ti/board/lib/bbbAM335x/a8/release/ti.board.aa8fg(bbbAM335x_pinmux.oa8fg) (gBbbPinmuxData)
/home/dmitrii/ti/pdk_am335x_1_0_17/packages/ti/drv/i2c/lib/am335x/a8/release/ti.drv.i2c.aa8fg(I2C_drv.oa8fg)
                              /home/dmitrii/ti/pdk_am335x_1_0_17/packages/ti/board/lib/bbbAM335x/a8/release/ti.board.aa8fg(bbbAM335x_lld_init.oa8fg) (I2C_init)
/home/dmitrii/ti/pdk_am335x_1_0_17/packages/ti/drv/i2c/lib/am335x/a8/release/ti.drv.i2c.aa8fg(I2C_soc.oa8fg)
                              /home/dmitrii/ti/pdk_am335x_1_0_17/packages/ti/board/lib/bbbAM335x/a8/release/ti.board.aa8fg(bbbAM335x_lld_init.oa8fg) (I2C_config)
/home/dmitrii/ti/pdk_am335x_1_0_17/packages/ti/drv/i2c/lib/am335x/a8/release/ti.drv.i2c.aa8fg(I2C_v2.oa8fg)
                              /home/dmitrii/ti/pdk_am335x_1_0_17/packages/ti/drv/i2c/lib/am335x/a8/release/ti.drv.i2c.aa8fg(I2C_soc.oa8fg) (I2C_v2_FxnTable)
/home/dmitrii/ti/pdk_am335x_1_0_17/packages/ti/drv/i2c/lib/am335x/a8/release/ti.drv.i2c.aa8fg(I2C_v1.oa8fg)
                              /home/dmitrii/ti/pdk_am335x_1_0_17/packages/ti/drv/i2c/lib/am335x/a8/release/ti.drv.i2c.aa8fg(I2C_soc.oa8fg) (I2C_v1_FxnTable)
/home/dmitrii/ti/pdk_am335x_1_0_17/packages/ti/drv/uart/lib/a8/release/ti.drv.uart.aa8fg(UART_stdio.oa8fg)
                              ./GPIO_log.o (UART_stdioInit)
/home/dmitrii/ti/pdk_am335x_1_0_17/packages/ti/drv/uart/lib/a8/release/ti.drv.uart.aa8fg(UART_ascii_utils.oa8fg)
                              /home/dmitrii/ti/pdk_am335x_1_0_17/packages/ti/drv/uart/lib/a8/release/ti.drv.uart.aa8fg(UART_stdio.oa8fg) (UART_ASCIIUtils_charToDigit)
/home/dmitrii/ti/pdk_am335x_1_0_17/packages/ti/drv/uart/lib/a8/release/ti.drv.uart.aa8fg(UART_drv.oa8fg)
                              /home/dmitrii/ti/pdk_am335x_1_0_17/packages/ti/drv/uart/lib/a8/release/ti.drv.uart.aa8fg(UART_stdio.oa8fg) (UART_close)
/home/dmitrii/ti/pdk_am335x_1_0_17/packages/ti/osal/lib/tirtos/a8/release/ti.osal.aa8fg(SemaphoreP_tirtos.oa8fg)
                              /home/dmitrii/ti/pdk_am335x_1_0_17/packages/ti/drv/i2c/lib/am335x/a8/release/ti.drv.i2c.aa8fg(I2C_v2.oa8fg) (SemaphoreP_create)
[...]
Memory Configuration

Name             Origin             Length             Attributes
SRAM_LO          0x00000000402f0000 0x0000000000000400 xrw
SRAM_HI          0x00000000402f0400 0x000000000000fc00 xrw
OCMC_SRAM        0x0000000040300000 0x0000000000010000 xrw
DDR2             0x0000000080000000 0x0000000010000000
*default*        0x0000000000000000 0xffffffffffffffff

Linker script and memory map

                0x000000000001c000                STACKSIZE = 0x1c000
                0x0000000000000400                HEAPSIZE = 0x400
LOAD ./GPIO_log.o
LOAD ./GPIO_soc.o
LOAD ./main.o
                0x0000000000004000                __TI_STACK_SIZE = 0x4000
                0x0000000000004000                __STACK_SIZE = __TI_STACK_SIZE
                0x0000000000000000                __HEAP_SIZE = 0x0
LOAD /home/dmitrii/ti/ccs930/ccs/workspace/Test04_GPIO/Debug/configPkg/package/cfg/app_pa8fg.oa8fg
LOAD /home/dmitrii/ti/pdk_am335x_1_0_17/packages/ti/drv/gpio/lib/am335x/a8/release/ti.drv.gpio.aa8fg
LOAD /home/dmitrii/ti/pdk_am335x_1_0_17/packages/ti/board/lib/bbbAM335x/a8/release/ti.board.aa8fg
LOAD /home/dmitrii/ti/pdk_am335x_1_0_17/packages/ti/drv/i2c/lib/am335x/a8/release/ti.drv.i2c.aa8fg
LOAD /home/dmitrii/ti/pdk_am335x_1_0_17/packages/ti/drv/uart/lib/a8/release/ti.drv.uart.aa8fg
LOAD /home/dmitrii/ti/pdk_am335x_1_0_17/packages/ti/osal/lib/tirtos/a8/release/ti.osal.aa8fg
LOAD /home/dmitrii/ti/ccs930/ccs/workspace/Test04_GPIO/src/sysbios/sysbios.aa8fg
LOAD /home/dmitrii/ti/pdk_am335x_1_0_17/packages/ti/utils/profiling/lib/a8/release/ti.utils.profiling.aa8fg
LOAD /home/dmitrii/ti/pdk_am335x_1_0_17/packages/ti/csl/lib/am335x/a8/release/ti.csl.aa8fg
LOAD /home/dmitrii/ti/bios_6_76_03_01/packages/gnu/targets/arm/rtsv7A/lib/gnu.targets.arm.rtsv7A.aa8fg
LOAD /home/dmitrii/ti/bios_6_76_03_01/packages/gnu/targets/arm/rtsv7A/lib/boot.aa8fg
LOAD /home/dmitrii/ti/bios_6_76_03_01/packages/gnu/targets/arm/rtsv7A/lib/syscalls.aa8fg
                0x0000000000000001                xdc_runtime_Startup__EXECFXN__C = 0x1
                0x0000000000000001                xdc_runtime_Startup__RESETFXN__C = 0x1
                0x0000000000000001                xdc_rov_runtime_Mon__checksum = 0x1
                0x0000000000000001                xdc_rov_runtime_Mon__write = 0x1
                0x0000000048200000                ti_sysbios_family_arm_a8_intcps_Hwi_intc = 0x48200000

.c_int00        0x0000000080000000       0xb4
 *(.c_int00)
 .c_int00       0x0000000080000000       0xb4 /home/dmitrii/ti/bios_6_76_03_01/packages/gnu/targets/arm/rtsv7A/lib/boot.aa8fg(boot.oa8fg)
                0x0000000080000000                _c_int00

.text           0x00000000800000c0    0x10834
 CREATE_OBJECT_SYMBOLS
 *(.resetVecs)
 *(.text)
 .text          0x00000000800000c0       0x10 ./GPIO_log.o
                0x00000000800000c0                ConsoleUtilsInit
 .text          0x00000000800000d0        0x0 ./GPIO_soc.o
 .text          0x00000000800000d0      0x130 ./main.o
                0x00000000800000d0                taskFxn
                0x00000000800001bc                main
 .text          0x0000000080000200        0x0 /home/dmitrii/ti/ccs930/ccs/workspace/Test04_GPIO/Debug/configPkg/package/cfg/app_pa8fg.oa8fg
 .text          0x0000000080000200        0x0 /home/dmitrii/ti/pdk_am335x_1_0_17/packages/ti/drv/gpio/lib/am335x/a8/release/ti.drv.gpio.aa8fg(GPIO_v1.oa8fg)
 .text          0x0000000080000200        0x0 /home/dmitrii/ti/pdk_am335x_1_0_17/packages/ti/drv/gpio/lib/am335x/a8/release/ti.drv.gpio.aa8fg(GPIO_drv.oa8fg)
 .text          0x0000000080000200        0x0 /home/dmitrii/ti/pdk_am335x_1_0_17/packages/ti/board/lib/bbbAM335x/a8/release/ti.board.aa8fg(bbbAM335x.oa8fg)
 .text          0x0000000080000200        0x0 /home/dmitrii/ti/pdk_am335x_1_0_17/packages/ti/board/lib/bbbAM335x/a8/release/ti.board.aa8fg(bbbAM335x_lld_init.oa8fg)
 .text          0x0000000080000200        0x0 /home/dmitrii/ti/pdk_am335x_1_0_17/packages/ti/board/lib/bbbAM335x/a8/release/ti.board.aa8fg(bbbAM335x_pinmux.oa8fg)
 .text          0x0000000080000200        0x0 /home/dmitrii/ti/pdk_am335x_1_0_17/packages/ti/board/lib/bbbAM335x/a8/release/ti.board.aa8fg(am335x_chipdb.oa8fg)
 .text          0x0000000080000200        0x0 /home/dmitrii/ti/pdk_am335x_1_0_17/packages/ti/board/lib/bbbAM335x/a8/release/ti.board.aa8fg(am335x_prcm.oa8fg)
 .text          0x0000000080000200        0x0 /home/dmitrii/ti/pdk_am335x_1_0_17/packages/ti/board/lib/bbbAM335x/a8/release/ti.board.aa8fg(hw_am335x_chipdb.oa8fg)
 .text          0x0000000080000200        0x0 /home/dmitrii/ti/pdk_am335x_1_0_17/packages/ti/board/lib/bbbAM335x/a8/release/ti.board.aa8fg(hw_am335x_chipdb_baseaddr.oa8fg)
 .text          0x0000000080000200        0x0 /home/dmitrii/ti/pdk_am335x_1_0_17/packages/ti/board/lib/bbbAM335x/a8/release/ti.board.aa8fg(hw_am335x_chipdb_interrupt.oa8fg)
 .text          0x0000000080000200        0x0 /home/dmitrii/ti/pdk_am335x_1_0_17/packages/ti/board/lib/bbbAM335x/a8/release/ti.board.aa8fg(am335x_beagleboneblack_pinmux_data.oa8fg)
 .text          0x0000000080000200        0x0 /home/dmitrii/ti/pdk_am335x_1_0_17/packages/ti/drv/i2c/lib/am335x/a8/release/ti.drv.i2c.aa8fg(I2C_drv.oa8fg)
 .text          0x0000000080000200        0x0 /home/dmitrii/ti/pdk_am335x_1_0_17/packages/ti/drv/i2c/lib/am335x/a8/release/ti.drv.i2c.aa8fg(I2C_soc.oa8fg)
 .text          0x0000000080000200        0x0 /home/dmitrii/ti/pdk_am335x_1_0_17/packages/ti/drv/i2c/lib/am335x/a8/release/ti.drv.i2c.aa8fg(I2C_v2.oa8fg)
 .text          0x0000000080000200        0x0 /home/dmitrii/ti/pdk_am335x_1_0_17/packages/ti/drv/i2c/lib/am335x/a8/release/ti.drv.i2c.aa8fg(I2C_v1.oa8fg)
 .text          0x0000000080000200        0x0 /home/dmitrii/ti/pdk_am335x_1_0_17/packages/ti/drv/uart/lib/a8/release/ti.drv.uart.aa8fg(UART_stdio.oa8fg)
 .text          0x0000000080000200        0x0 /home/dmitrii/ti/pdk_am335x_1_0_17/packages/ti/drv/uart/lib/a8/release/ti.drv.uart.aa8fg(UART_ascii_utils.oa8fg)
 .text          0x0000000080000200        0x0 /home/dmitrii/ti/pdk_am335x_1_0_17/packages/ti/drv/uart/lib/a8/release/ti.drv.uart.aa8fg(UART_drv.oa8fg)
 .text          0x0000000080000200        0x0 /home/dmitrii/ti/pdk_am335x_1_0_17/packages/ti/osal/lib/tirtos/a8/release/ti.osal.aa8fg(SemaphoreP_tirtos.oa8fg)
 .text          0x0000000080000200        0x0 /home/dmitrii/ti/pdk_am335x_1_0_17/packages/ti/osal/lib/tirtos/a8/release/ti.osal.aa8fg(HwiP_tirtos.oa8fg)
 .text          0x0000000080000200        0x0 /home/dmitrii/ti/pdk_am335x_1_0_17/packages/ti/osal/lib/tirtos/a8/release/ti.osal.aa8fg(Utils_tirtos.oa8fg)
 .text          0x0000000080000200        0x0 /home/dmitrii/ti/pdk_am335x_1_0_17/packages/ti/osal/lib/tirtos/a8/release/ti.osal.aa8fg(RegisterIntr_tirtos.oa8fg)
 .text          0x0000000080000200        0x0 /home/dmitrii/ti/ccs930/ccs/workspace/Test04_GPIO/src/sysbios/sysbios.aa8fg(arm_TaskSupport_asm_gnu.o)
 .text          0x0000000080000200        0x0 /home/dmitrii/ti/ccs930/ccs/workspace/Test04_GPIO/src/sysbios/sysbios.aa8fg(a8_Cache_asm_gnu.o)
 .text          0x0000000080000200        0x0 /home/dmitrii/ti/ccs930/ccs/workspace/Test04_GPIO/src/sysbios/sysbios.aa8fg(a8_TimestampProvider_asm_gnu.o)
 .text          0x0000000080000200        0x0 /home/dmitrii/ti/ccs930/ccs/workspace/Test04_GPIO/src/sysbios/sysbios.aa8fg(intcps_Hwi_asm_gnu.o)
 .text          0x0000000080000200        0x0 /home/dmitrii/ti/ccs930/ccs/workspace/Test04_GPIO/src/sysbios/sysbios.aa8fg(exc_Exception_asm_gnu.o)
 .text          0x0000000080000200        0x0 /home/dmitrii/ti/ccs930/ccs/workspace/Test04_GPIO/src/sysbios/sysbios.aa8fg(_BIOS.o)
 .text          0x0000000080000200        0x0 /home/dmitrii/ti/ccs930/ccs/workspace/Test04_GPIO/src/sysbios/sysbios.aa8fg(arm_IntrinsicsSupport.o)
 .text          0x0000000080000200        0x0 /home/dmitrii/ti/ccs930/ccs/workspace/Test04_GPIO/src/sysbios/sysbios.aa8fg(arm_TaskSupport.o)
 .text          0x0000000080000200        0x0 /home/dmitrii/ti/ccs930/ccs/workspace/Test04_GPIO/src/sysbios/sysbios.aa8fg(knl_Clock.o)
 .text          0x0000000080000200        0x0 /home/dmitrii/ti/ccs930/ccs/workspace/Test04_GPIO/src/sysbios/sysbios.aa8fg(knl_Queue.o)
 .text          0x0000000080000200        0x0 /home/dmitrii/ti/ccs930/ccs/workspace/Test04_GPIO/src/sysbios/sysbios.aa8fg(knl_Semaphore.o)
 .text          0x0000000080000200        0x0 /home/dmitrii/ti/ccs930/ccs/workspace/Test04_GPIO/src/sysbios/sysbios.aa8fg(knl_Swi.o)
 .text          0x0000000080000200        0x0 /home/dmitrii/ti/ccs930/ccs/workspace/Test04_GPIO/src/sysbios/sysbios.aa8fg(knl_Task.o)
 .text          0x0000000080000200        0x0 /home/dmitrii/ti/ccs930/ccs/workspace/Test04_GPIO/src/sysbios/sysbios.aa8fg(hal_Core.o)
 .text          0x0000000080000200        0x0 /home/dmitrii/ti/ccs930/ccs/workspace/Test04_GPIO/src/sysbios/sysbios.aa8fg(hal_CoreNull.o)
 .text          0x0000000080000200        0x0 /home/dmitrii/ti/ccs930/ccs/workspace/Test04_GPIO/src/sysbios/sysbios.aa8fg(hal_Hwi.o)
 .text          0x0000000080000200        0x0 /home/dmitrii/ti/ccs930/ccs/workspace/Test04_GPIO/src/sysbios/sysbios.aa8fg(hal_Hwi_stack.o)
 .text          0x0000000080000200        0x0 /home/dmitrii/ti/ccs930/ccs/workspace/Test04_GPIO/src/sysbios/sysbios.aa8fg(hal_Hwi_startup.o)
 .text          0x0000000080000200        0x0 /home/dmitrii/ti/ccs930/ccs/workspace/Test04_GPIO/src/sysbios/sysbios.aa8fg(hal_Timer.o)
 .text          0x0000000080000200        0x0 /home/dmitrii/ti/ccs930/ccs/workspace/Test04_GPIO/src/sysbios/sysbios.aa8fg(gnu_ReentSupport.o)
 .text          0x0000000080000200        0x0 /home/dmitrii/ti/ccs930/ccs/workspace/Test04_GPIO/src/sysbios/sysbios.aa8fg(gnu_SemiHostSupport.o)
 .text          0x0000000080000200        0x0 /home/dmitrii/ti/ccs930/ccs/workspace/Test04_GPIO/src/sysbios/sysbios.aa8fg(heaps_HeapMem.o)
 .text          0x0000000080000200        0x0 /home/dmitrii/ti/ccs930/ccs/workspace/Test04_GPIO/src/sysbios/sysbios.aa8fg(a8_Cache.o)
 .text          0x0000000080000200        0x0 /home/dmitrii/ti/ccs930/ccs/workspace/Test04_GPIO/src/sysbios/sysbios.aa8fg(a8_Mmu.o)
 .text          0x0000000080000200        0x0 /home/dmitrii/ti/ccs930/ccs/workspace/Test04_GPIO/src/sysbios/sysbios.aa8fg(a8_TimestampProvider.o)
 .text          0x0000000080000200        0x0 /home/dmitrii/ti/ccs930/ccs/workspace/Test04_GPIO/src/sysbios/sysbios.aa8fg(intcps_Hwi.o)
 .text          0x0000000080000200        0x0 /home/dmitrii/ti/ccs930/ccs/workspace/Test04_GPIO/src/sysbios/sysbios.aa8fg(exc_Exception.o)
 .text          0x0000000080000200        0x0 /home/dmitrii/ti/ccs930/ccs/workspace/Test04_GPIO/src/sysbios/sysbios.aa8fg(gates_GateHwi.o)
 .text          0x0000000080000200        0x0 /home/dmitrii/ti/ccs930/ccs/workspace/Test04_GPIO/src/sysbios/sysbios.aa8fg(gates_GateMutex.o)
 .text          0x0000000080000200        0x0 /home/dmitrii/ti/ccs930/ccs/workspace/Test04_GPIO/src/sysbios/sysbios.aa8fg(dmtimer_Timer.o)
 .text          0x0000000080000200        0x0 /home/dmitrii/ti/ccs930/ccs/workspace/Test04_GPIO/src/sysbios/sysbios.aa8fg(ti81xx_TimerSupport.o)
 .text          0x0000000080000200        0x0 /home/dmitrii/ti/ccs930/ccs/workspace/Test04_GPIO/src/sysbios/sysbios.aa8fg(arm_IntrinsicsSupport_asm_gnu.o)
 .text          0x0000000080000200        0x0 /home/dmitrii/ti/ccs930/ccs/workspace/Test04_GPIO/src/sysbios/sysbios.aa8fg(a8_Mmu_asm_gnu.o)
 .text          0x0000000080000200        0xc /home/dmitrii/ti/ccs930/ccs/workspace/Test04_GPIO/src/sysbios/sysbios.aa8fg(dmtimer_Timer_asm_gnu.o)
                0x0000000080000200                ti_sysbios_timers_dmtimer_Timer_spinLoop(int0_t)
 .text          0x000000008000020c        0x0 /home/dmitrii/ti/ccs930/ccs/workspace/Test04_GPIO/src/sysbios/sysbios.aa8fg(knl_Idle.o)
 .text          0x000000008000020c        0x0 /home/dmitrii/ti/pdk_am335x_1_0_17/packages/ti/csl/lib/am335x/a8/release/ti.csl.aa8fg(gpio_v2.oa8fg)
 .text          0x000000008000020c        0x0 /home/dmitrii/ti/pdk_am335x_1_0_17/packages/ti/csl/lib/am335x/a8/release/ti.csl.aa8fg(i2c.oa8fg)
 .text          0x000000008000020c        0x0 /home/dmitrii/ti/bios_6_76_03_01/packages/gnu/targets/arm/rtsv7A/lib/gnu.targets.arm.rtsv7A.aa8fg(Assert.oa8fg)
 .text          0x000000008000020c        0x0 /home/dmitrii/ti/bios_6_76_03_01/packages/gnu/targets/arm/rtsv7A/lib/gnu.targets.arm.rtsv7A.aa8fg(Core-mem.oa8fg)
 .text          0x000000008000020c        0x0 /home/dmitrii/ti/bios_6_76_03_01/packages/gnu/targets/arm/rtsv7A/lib/gnu.targets.arm.rtsv7A.aa8fg(Core-smem.oa8fg)
 .text          0x000000008000020c        0x0 /home/dmitrii/ti/bios_6_76_03_01/packages/gnu/targets/arm/rtsv7A/lib/gnu.targets.arm.rtsv7A.aa8fg(Core-label.oa8fg)
 .text          0x000000008000020c        0x0 /home/dmitrii/ti/bios_6_76_03_01/packages/gnu/targets/arm/rtsv7A/lib/gnu.targets.arm.rtsv7A.aa8fg(Core-params.oa8fg)
 .text          0x000000008000020c        0x0 /home/dmitrii/ti/bios_6_76_03_01/packages/gnu/targets/arm/rtsv7A/lib/gnu.targets.arm.rtsv7A.aa8fg(Error.oa8fg)
 .text          0x000000008000020c        0x0 /home/dmitrii/ti/bios_6_76_03_01/packages/gnu/targets/arm/rtsv7A/lib/gnu.targets.arm.rtsv7A.aa8fg(Gate.oa8fg)
 .text          0x000000008000020c        0x0 /home/dmitrii/ti/bios_6_76_03_01/packages/gnu/targets/arm/rtsv7A/lib/gnu.targets.arm.rtsv7A.aa8fg(LoggerBuf.oa8fg)
 .text          0x000000008000020c        0x0 /home/dmitrii/ti/bios_6_76_03_01/packages/gnu/targets/arm/rtsv7A/lib/gnu.targets.arm.rtsv7A.aa8fg(Memory.oa8fg)
 .text          0x000000008000020c        0x0 /home/dmitrii/ti/bios_6_76_03_01/packages/gnu/targets/arm/rtsv7A/lib/gnu.targets.arm.rtsv7A.aa8fg(Startup.oa8fg)
 .text          0x000000008000020c        0x0 /home/dmitrii/ti/bios_6_76_03_01/packages/gnu/targets/arm/rtsv7A/lib/gnu.targets.arm.rtsv7A.aa8fg(System.oa8fg)
 .text          0x000000008000020c        0x0 /home/dmitrii/ti/bios_6_76_03_01/packages/gnu/targets/arm/rtsv7A/lib/gnu.targets.arm.rtsv7A.aa8fg(SysMin.oa8fg)
 .text          0x000000008000020c        0x0 /home/dmitrii/ti/bios_6_76_03_01/packages/gnu/targets/arm/rtsv7A/lib/gnu.targets.arm.rtsv7A.aa8fg(Text.oa8fg)
 .text          0x000000008000020c        0x0 /home/dmitrii/ti/bios_6_76_03_01/packages/gnu/targets/arm/rtsv7A/lib/gnu.targets.arm.rtsv7A.aa8fg(Timestamp.oa8fg)
 .text          0x000000008000020c        0x0 /home/dmitrii/ti/bios_6_76_03_01/packages/gnu/targets/arm/rtsv7A/lib/gnu.targets.arm.rtsv7A.aa8fg(xdc_noinit.oa8fg)
 .text          0x000000008000020c        0x0 /home/dmitrii/ti/bios_6_76_03_01/packages/gnu/targets/arm/rtsv7A/lib/gnu.targets.arm.rtsv7A.aa8fg(Log.oa8fg)
 .text          0x000000008000020c        0x0 /home/dmitrii/ti/bios_6_76_03_01/packages/gnu/targets/arm/rtsv7A/lib/gnu.targets.arm.rtsv7A.aa8fg(Registry.oa8fg)
 .text          0x000000008000020c        0x0 /home/dmitrii/ti/bios_6_76_03_01/packages/gnu/targets/arm/rtsv7A/lib/boot.aa8fg(boot.oa8fg)
 .text          0x000000008000020c        0x0 /home/dmitrii/ti/bios_6_76_03_01/packages/gnu/targets/arm/rtsv7A/lib/boot.aa8fg(startup.oa8fg)
 .text          0x000000008000020c        0x0 /home/dmitrii/ti/bios_6_76_03_01/packages/gnu/targets/arm/rtsv7A/lib/syscalls.aa8fg(syscalls.oa8fg)
 .text          0x000000008000020c      0x114 /home/dmitrii/ti/ccs930/ccs/tools/compiler/gcc-arm-none-eabi-7-2017-q4-major/bin/../lib/gcc/arm-none-eabi/7.2.1/hard/libgcc.a(_udivsi3.o)
                0x000000008000020c                __udivsi3
                0x000000008000020c                __aeabi_uidiv
                0x0000000080000300                __aeabi_uidivmod
 .text          0x0000000080000320        0x4 /home/dmitrii/ti/ccs930/ccs/tools/compiler/gcc-arm-none-eabi-7-2017-q4-major/bin/../lib/gcc/arm-none-eabi/7.2.1/hard/libgcc.a(_dvmd_tls.o)
                0x0000000080000320                __aeabi_ldiv0
                0x0000000080000320                __aeabi_idiv0
 .text          0x0000000080000324       0xd4 /home/dmitrii/ti/ccs930/ccs/tools/compiler/gcc-arm-none-eabi-7-2017-q4-major/bin/../lib/gcc/arm-none-eabi/7.2.1/hard/libgcc.a(_aeabi_ldivmod.o)
                0x0000000080000324                __aeabi_ldivmod
 .text          0x00000000800003f8       0x3c /home/dmitrii/ti/ccs930/ccs/tools/compiler/gcc-arm-none-eabi-7-2017-q4-major/bin/../lib/gcc/arm-none-eabi/7.2.1/hard/libgcc.a(_aeabi_uldivmod.o)
                0x00000000800003f8                __aeabi_uldivmod
 .text          0x0000000080000434      0x16c /home/dmitrii/ti/ccs930/ccs/tools/compiler/gcc-arm-none-eabi-7-2017-q4-major/bin/../lib/gcc/arm-none-eabi/7.2.1/hard/libgcc.a(_udivmoddi4.o)
                0x0000000080000434                __udivmoddi4
 .text          0x00000000800005a0       0x28 /home/dmitrii/ti/ccs930/ccs/tools/compiler/gcc-arm-none-eabi-7-2017-q4-major/bin/../lib/gcc/arm-none-eabi/7.2.1/hard/libgcc.a(_clzdi2.o)
                0x00000000800005a0                __clzdi2
 .text          0x00000000800005c8       0x48 /home/dmitrii/ti/ccs930/ccs/tools/compiler/gcc-arm-none-eabi-7-2017-q4-major/bin/../lib/gcc/arm-none-eabi/7.2.1/hard/libgcc.a(_clzsi2.o)
                0x00000000800005c8                __clzsi2
 .text          0x0000000080000610        0x0 /home/dmitrii/ti/bios_6_76_03_01/packages/gnu/targets/arm/libs/install-native/arm-none-eabi/lib/hard/librdimon_nano.a(rdimon-syscalls.o)
 .text          0x0000000080000610        0x0 /home/dmitrii/ti/bios_6_76_03_01/packages/gnu/targets/arm/libs/install-native/arm-none-eabi/lib/hard/libc_nano.a(lib_a-abort.o)
 .text          0x0000000080000610        0x0 /home/dmitrii/ti/bios_6_76_03_01/packages/gnu/targets/arm/libs/install-native/arm-none-eabi/lib/hard/libc_nano.a(lib_a-errno.o)
 .text          0x0000000080000610        0x0 /home/dmitrii/ti/bios_6_76_03_01/packages/gnu/targets/arm/libs/install-native/arm-none-eabi/lib/hard/libc_nano.a(lib_a-exit.o)
 .text          0x0000000080000610        0x0 /home/dmitrii/ti/bios_6_76_03_01/packages/gnu/targets/arm/libs/install-native/arm-none-eabi/lib/hard/libc_nano.a(lib_a-fclose.o)
 .text          0x0000000080000610        0x0 /home/dmitrii/ti/bios_6_76_03_01/packages/gnu/targets/arm/libs/install-native/arm-none-eabi/lib/hard/libc_nano.a(lib_a-fflush.o)
 .text          0x0000000080000610        0x0 /home/dmitrii/ti/bios_6_76_03_01/packages/gnu/targets/arm/libs/install-native/arm-none-eabi/lib/hard/libc_nano.a(lib_a-findfp.o)
 .text          0x0000000080000610        0x0 /home/dmitrii/ti/bios_6_76_03_01/packages/gnu/targets/arm/libs/install-native/arm-none-eabi/lib/hard/libc_nano.a(lib_a-fwalk.o)
 .text          0x0000000080000610        0x0 /home/dmitrii/ti/bios_6_76_03_01/packages/gnu/targets/arm/libs/install-native/arm-none-eabi/lib/hard/libc_nano.a(lib_a-impure.o)
 .text          0x0000000080000610        0x0 /home/dmitrii/ti/bios_6_76_03_01/packages/gnu/targets/arm/libs/install-native/arm-none-eabi/lib/hard/libc_nano.a(lib_a-memcpy-stub.o)
 .text          0x0000000080000610        0x0 /home/dmitrii/ti/bios_6_76_03_01/packages/gnu/targets/arm/libs/install-native/arm-none-eabi/lib/hard/libc_nano.a(lib_a-memset.o)
 .text          0x0000000080000610        0x0 /home/dmitrii/ti/bios_6_76_03_01/packages/gnu/targets/arm/libs/install-native/arm-none-eabi/lib/hard/libc_nano.a(lib_a-reent.o)
 .text          0x0000000080000610        0x0 /home/dmitrii/ti/bios_6_76_03_01/packages/gnu/targets/arm/libs/install-native/arm-none-eabi/lib/hard/libc_nano.a(lib_a-signal.o)
 .text          0x0000000080000610        0x0 /home/dmitrii/ti/bios_6_76_03_01/packages/gnu/targets/arm/libs/install-native/arm-none-eabi/lib/hard/libc_nano.a(lib_a-signalr.o)
 .text          0x0000000080000610        0x0 /home/dmitrii/ti/bios_6_76_03_01/packages/gnu/targets/arm/libs/install-native/arm-none-eabi/lib/hard/libc_nano.a(lib_a-stdio.o)
 .text          0x0000000080000610       0x1c /home/dmitrii/ti/bios_6_76_03_01/packages/gnu/targets/arm/libs/install-native/arm-none-eabi/lib/hard/libc_nano.a(lib_a-strcmp.o)
                0x0000000080000610                strcmp
 .text          0x000000008000062c        0xe /home/dmitrii/ti/bios_6_76_03_01/packages/gnu/targets/arm/libs/install-native/arm-none-eabi/lib/hard/libc_nano.a(lib_a-strlen.o)
                0x000000008000062c                strlen
 .text          0x000000008000063a        0x0 /home/dmitrii/ti/bios_6_76_03_01/packages/gnu/targets/arm/libs/install-native/arm-none-eabi/lib/hard/libc_nano.a(lib_a-tirtos_validate.o)
 .text          0x000000008000063a        0x0 /home/dmitrii/ti/bios_6_76_03_01/packages/gnu/targets/arm/libs/install-native/arm-none-eabi/lib/hard/libc_nano.a(lib_a-writer.o)
 .text          0x000000008000063a        0x0 /home/dmitrii/ti/bios_6_76_03_01/packages/gnu/targets/arm/libs/install-native/arm-none-eabi/lib/hard/libc_nano.a(lib_a-closer.o)
 .text          0x000000008000063a        0x0 /home/dmitrii/ti/bios_6_76_03_01/packages/gnu/targets/arm/libs/install-native/arm-none-eabi/lib/hard/libc_nano.a(lib_a-lseekr.o)
 .text          0x000000008000063a        0x0 /home/dmitrii/ti/bios_6_76_03_01/packages/gnu/targets/arm/libs/install-native/arm-none-eabi/lib/hard/libc_nano.a(lib_a-readr.o)
 .text          0x000000008000063a        0x0 /home/dmitrii/ti/pdk_am335x_1_0_17/packages/ti/drv/uart/lib/am335x/a8/release//ti.drv.uart.aa8fg(UART_soc.oa8fg)
 .text          0x000000008000063a        0x0 /home/dmitrii/ti/pdk_am335x_1_0_17/packages/ti/drv/uart/lib/am335x/a8/release//ti.drv.uart.aa8fg(UART_v2.oa8fg)
 .text          0x000000008000063a        0x0 /home/dmitrii/ti/pdk_am335x_1_0_17/packages/ti/drv/uart/lib/am335x/a8/release//ti.drv.uart.aa8fg(UART_v1.oa8fg)
 .text          0x000000008000063a        0x0 /home/dmitrii/ti/pdk_am335x_1_0_17/packages/ti/csl/lib/am335x/a8/release//ti.csl.aa8fg(uart.oa8fg)
 .text          0x000000008000063a        0x0 /home/dmitrii/ti/bios_6_76_03_01/packages/gnu/targets/arm/libs/install-native/arm-none-eabi/lib/hard/librdimon_nano.a(rdimon-_kill.o)
 *(.text.*)
 *fill*         0x000000008000063a        0x2 
 .text.xdc_runtime_Text_visitRope__I
                0x000000008000063c        0xc /home/dmitrii/ti/ccs930/ccs/workspace/Test04_GPIO/Debug/configPkg/package/cfg/app_pa8fg.oa8fg
                0x000000008000063c                xdc_runtime_Text_visitRope(int0_t)
 .text.SVC_Handler
                0x0000000080000648        0x4 /home/dmitrii/ti/ccs930/ccs/workspace/Test04_GPIO/Debug/configPkg/package/cfg/app_pa8fg.oa8fg
                0x0000000080000648                SVC_Handler
 .text.ti_sysbios_heaps_HeapMem_Handle__label__S
                0x000000008000064c       0x28 /home/dmitrii/ti/ccs930/ccs/workspace/Test04_GPIO/Debug/configPkg/package/cfg/app_pa8fg.oa8fg
                0x000000008000064c                ti_sysbios_heaps_HeapMem_Handle__label(void) static
 .text.xdc_runtime_LoggerBuf_Handle__label__S
                0x0000000080000674       0x28 /home/dmitrii/ti/ccs930/ccs/workspace/Test04_GPIO/Debug/configPkg/package/cfg/app_pa8fg.oa8fg
                0x0000000080000674                xdc_runtime_LoggerBuf_Handle__label(void) static
 .text.xdc_runtime_Startup_exec__I
                0x000000008000069c       0x1c /home/dmitrii/ti/ccs930/ccs/workspace/Test04_GPIO/Debug/configPkg/package/cfg/app_pa8fg.oa8fg
                0x000000008000069c                xdc_runtime_Startup_exec(int0_t)
 .text.xdc_runtime_System_printfExtend__I
                0x00000000800006b8      0x178 /home/dmitrii/ti/ccs930/ccs/workspace/Test04_GPIO/Debug/configPkg/package/cfg/app_pa8fg.oa8fg
                0x00000000800006b8                xdc_runtime_System_printfExtend(int0_t)
 .text.xdc_runtime_SysMin_output__I
                0x0000000080000830       0x4c /home/dmitrii/ti/ccs930/ccs/workspace/Test04_GPIO/Debug/configPkg/package/cfg/app_pa8fg.oa8fg
                0x0000000080000830                xdc_runtime_SysMin_output(int0_t)
 .text.ti_sysbios_BIOS_startFunc__I
                0x000000008000087c       0x34 /home/dmitrii/ti/ccs930/ccs/workspace/Test04_GPIO/Debug/configPkg/package/cfg/app_pa8fg.oa8fg
                0x000000008000087c                ti_sysbios_BIOS_startFunc(int0_t)
 .text.ti_sysbios_BIOS_atExitFunc__I
                0x00000000800008b0       0x18 /home/dmitrii/ti/ccs930/ccs/workspace/Test04_GPIO/Debug/configPkg/package/cfg/app_pa8fg.oa8fg
                0x00000000800008b0                ti_sysbios_BIOS_atExitFunc(int0_t)
 .text.ti_sysbios_BIOS_errorRaiseHook__I
                0x00000000800008c8       0x14 /home/dmitrii/ti/ccs930/ccs/workspace/Test04_GPIO/Debug/configPkg/package/cfg/app_pa8fg.oa8fg
                0x00000000800008c8                ti_sysbios_BIOS_errorRaiseHook(int0_t)
 .text.ti_sysbios_BIOS_exitFunc__I
                0x00000000800008dc       0x1c /home/dmitrii/ti/ccs930/ccs/workspace/Test04_GPIO/Debug/configPkg/package/cfg/app_pa8fg.oa8fg
                0x00000000800008dc                ti_sysbios_BIOS_exitFunc(int0_t)
 .text.ti_sysbios_rts_MemAlloc_alloc
                0x00000000800008f8       0x54 /home/dmitrii/ti/ccs930/ccs/workspace/Test04_GPIO/Debug/configPkg/package/cfg/app_pa8fg.oa8fg
 .text.ti_sysbios_gates_GateHwi_Object__delete__S
                0x000000008000094c       0x38 /home/dmitrii/ti/ccs930/ccs/workspace/Test04_GPIO/Debug/configPkg/package/cfg/app_pa8fg.oa8fg
                0x000000008000094c                ti_sysbios_gates_GateHwi_Object__delete(void) static
 .text.ti_sysbios_gates_GateMutex_Object__delete__S
                0x0000000080000984       0x3c /home/dmitrii/ti/ccs930/ccs/workspace/Test04_GPIO/Debug/configPkg/package/cfg/app_pa8fg.oa8fg
                0x0000000080000984                ti_sysbios_gates_GateMutex_Object__delete(void) static
 .text.ti_sysbios_heaps_HeapMem_Object__delete__S
                0x00000000800009c0       0x38 /home/dmitrii/ti/ccs930/ccs/workspace/Test04_GPIO/Debug/configPkg/package/cfg/app_pa8fg.oa8fg
                0x00000000800009c0                ti_sysbios_heaps_HeapMem_Object__delete(void) static
 .text.xdc_runtime_LoggerBuf_Object__delete__S
                0x00000000800009f8       0x3c /home/dmitrii/ti/ccs930/ccs/workspace/Test04_GPIO/Debug/configPkg/package/cfg/app_pa8fg.oa8fg
                0x00000000800009f8                xdc_runtime_LoggerBuf_Object__delete(void) static
 .text.ti_sysbios_gates_GateHwi_Object__create__S
                0x0000000080000a34       0x48 /home/dmitrii/ti/ccs930/ccs/workspace/Test04_GPIO/Debug/configPkg/package/cfg/app_pa8fg.oa8fg
                0x0000000080000a34                ti_sysbios_gates_GateHwi_Object__create(void) static
 .text.ti_sysbios_gates_GateMutex_Object__create__S
                0x0000000080000a7c       0x48 /home/dmitrii/ti/ccs930/ccs/workspace/Test04_GPIO/Debug/configPkg/package/cfg/app_pa8fg.oa8fg
                0x0000000080000a7c                ti_sysbios_gates_GateMutex_Object__create(void) static
 .text.ti_sysbios_heaps_HeapMem_Object__create__S
                0x0000000080000ac4       0x48 /home/dmitrii/ti/ccs930/ccs/workspace/Test04_GPIO/Debug/configPkg/package/cfg/app_pa8fg.oa8fg
                0x0000000080000ac4                ti_sysbios_heaps_HeapMem_Object__create(void) static
 .text.xdc_runtime_LoggerBuf_Object__create__S
                0x0000000080000b0c       0x80 /home/dmitrii/ti/ccs930/ccs/workspace/Test04_GPIO/Debug/configPkg/package/cfg/app_pa8fg.oa8fg
                0x0000000080000b0c                xdc_runtime_LoggerBuf_Object__create(void) static
 .text.ti_sysbios_knl_Clock_doTick__I
                0x0000000080000b8c       0x44 /home/dmitrii/ti/ccs930/ccs/workspace/Test04_GPIO/Debug/configPkg/package/cfg/app_pa8fg.oa8fg
                0x0000000080000b8c                ti_sysbios_knl_Clock_doTick(int0_t)
 .text.free.part.1
                0x0000000080000bd0       0x1c /home/dmitrii/ti/ccs930/ccs/workspace/Test04_GPIO/Debug/configPkg/package/cfg/app_pa8fg.oa8fg
 .text.ti_sysbios_gates_GateHwi_Handle__label__S
                0x0000000080000bec       0x28 /home/dmitrii/ti/ccs930/ccs/workspace/Test04_GPIO/Debug/configPkg/package/cfg/app_pa8fg.oa8fg
                0x0000000080000bec                ti_sysbios_gates_GateHwi_Handle__label(void) static
 .text.ti_sysbios_gates_GateMutex_Handle__label__S
                0x0000000080000c14       0x28 /home/dmitrii/ti/ccs930/ccs/workspace/Test04_GPIO/Debug/configPkg/package/cfg/app_pa8fg.oa8fg
                0x0000000080000c14                ti_sysbios_gates_GateMutex_Handle__label(void) static
 .text.xdc_runtime_Startup_reset__I
                0x0000000080000c3c        0x4 /home/dmitrii/ti/ccs930/ccs/workspace/Test04_GPIO/Debug/configPkg/package/cfg/app_pa8fg.oa8fg
                0x0000000080000c3c                xdc_runtime_Startup_reset(int0_t)
 .text.__getreent
                0x0000000080000c40       0x28 /home/dmitrii/ti/ccs930/ccs/workspace/Test04_GPIO/Debug/configPkg/package/cfg/app_pa8fg.oa8fg
                0x0000000080000c40                __getreent
 .text.__libc_lock_release_recursive
                0x0000000080000c68       0x1c /home/dmitrii/ti/ccs930/ccs/workspace/Test04_GPIO/Debug/configPkg/package/cfg/app_pa8fg.oa8fg
                0x0000000080000c68                __libc_lock_release_recursive
 .text.__libc_lock_close_recursive
                0x0000000080000c84       0x48 /home/dmitrii/ti/ccs930/ccs/workspace/Test04_GPIO/Debug/configPkg/package/cfg/app_pa8fg.oa8fg
                0x0000000080000c84                __libc_lock_close_recursive
 .text.ti_sysbios_family_arm_a8_Mmu_initTableBuf__I
                0x0000000080000ccc     0x1064 /home/dmitrii/ti/ccs930/ccs/workspace/Test04_GPIO/Debug/configPkg/package/cfg/app_pa8fg.oa8fg
                0x0000000080000ccc                ti_sysbios_family_arm_a8_Mmu_initTableBuf(int0_t)
 .text._malloc_r
                0x0000000080001d30        0x8 /home/dmitrii/ti/ccs930/ccs/workspace/Test04_GPIO/Debug/configPkg/package/cfg/app_pa8fg.oa8fg
                0x0000000080001d30                _malloc_r
 .text._free_r  0x0000000080001d38        0xc /home/dmitrii/ti/ccs930/ccs/workspace/Test04_GPIO/Debug/configPkg/package/cfg/app_pa8fg.oa8fg
                0x0000000080001d38                _free_r
 .text.xdc_runtime_System_printf__E
                0x0000000080001d44       0x2c /home/dmitrii/ti/ccs930/ccs/workspace/Test04_GPIO/Debug/configPkg/package/cfg/app_pa8fg.oa8fg
                0x0000000080001d44                xdc_runtime_System_printf__E
 .text.ti_sysbios_hal_Hwi_HwiProxy_getStackInfo__E
                0x0000000080001d70        0x4 /home/dmitrii/ti/ccs930/ccs/workspace/Test04_GPIO/Debug/configPkg/package/cfg/app_pa8fg.oa8fg
                0x0000000080001d70                ti_sysbios_hal_Hwi_HwiProxy_getStackInfo__E
 .text.ti_sysbios_hal_Hwi_HwiProxy_startup__E
                0x0000000080001d74        0x4 /home/dmitrii/ti/ccs930/ccs/workspace/Test04_GPIO/Debug/configPkg/package/cfg/app_pa8fg.oa8fg
                0x0000000080001d74                ti_sysbios_hal_Hwi_HwiProxy_startup__E
 .text.ti_sysbios_hal_Hwi_HwiProxy_switchFromBootStack__E
                0x0000000080001d78        0x4 /home/dmitrii/ti/ccs930/ccs/workspace/Test04_GPIO/Debug/configPkg/package/cfg/app_pa8fg.oa8fg
                0x0000000080001d78                ti_sysbios_hal_Hwi_HwiProxy_switchFromBootStack__E
 .text.ti_sysbios_hal_Hwi_HwiProxy_disableInterrupt__E
                0x0000000080001d7c        0x4 /home/dmitrii/ti/ccs930/ccs/workspace/Test04_GPIO/Debug/configPkg/package/cfg/app_pa8fg.oa8fg
                0x0000000080001d7c                ti_sysbios_hal_Hwi_HwiProxy_disableInterrupt__E
 .text.ti_sysbios_hal_Hwi_HwiProxy_enableInterrupt__E
                0x0000000080001d80        0x4 /home/dmitrii/ti/ccs930/ccs/workspace/Test04_GPIO/Debug/configPkg/package/cfg/app_pa8fg.oa8fg
                0x0000000080001d80                ti_sysbios_hal_Hwi_HwiProxy_enableInterrupt__E
 .text.ti_sysbios_hal_Hwi_HwiProxy_clearInterrupt__E
                0x0000000080001d84        0x4 /home/dmitrii/ti/ccs930/ccs/workspace/Test04_GPIO/Debug/configPkg/package/cfg/app_pa8fg.oa8fg
                0x0000000080001d84                ti_sysbios_hal_Hwi_HwiProxy_clearInterrupt__E
 .text.ti_sysbios_heaps_HeapMem_Module_GateProxy_query__E
                0x0000000080001d88        0x4 /home/dmitrii/ti/ccs930/ccs/workspace/Test04_GPIO/Debug/configPkg/package/cfg/app_pa8fg.oa8fg
                0x0000000080001d88                ti_sysbios_heaps_HeapMem_Module_GateProxy_query__E
 .text.ti_sysbios_heaps_HeapMem_Module_GateProxy_enter__E
                0x0000000080001d8c        0x4 /home/dmitrii/ti/ccs930/ccs/workspace/Test04_GPIO/Debug/configPkg/package/cfg/app_pa8fg.oa8fg
                0x0000000080001d8c                ti_sysbios_heaps_HeapMem_Module_GateProxy_enter__E
 .text.ti_sysbios_heaps_HeapMem_Module_GateProxy_leave__E
                0x0000000080001d90        0x4 /home/dmitrii/ti/ccs930/ccs/workspace/Test04_GPIO/Debug/configPkg/package/cfg/app_pa8fg.oa8fg
                0x0000000080001d90                ti_sysbios_heaps_HeapMem_Module_GateProxy_leave__E
 .text.ti_sysbios_knl_Clock_TimerProxy_Module__startupDone__S
                0x0000000080001d94       0x20 /home/dmitrii/ti/ccs930/ccs/workspace/Test04_GPIO/Debug/configPkg/package/cfg/app_pa8fg.oa8fg
                0x0000000080001d94                ti_sysbios_knl_Clock_TimerProxy_Module__startupDone(void) static
 .text.ti_sysbios_hal_Timer_TimerProxy_Module__startupDone__S
                0x0000000080001db4        0x4 /home/dmitrii/ti/ccs930/ccs/workspace/Test04_GPIO/Debug/configPkg/package/cfg/app_pa8fg.oa8fg
                0x0000000080001db4                ti_sysbios_hal_Timer_TimerProxy_Module__startupDone(void) static
 .text.ti_sysbios_knl_Clock_TimerProxy_getMaxTicks__E
                0x0000000080001db8        0x4 /home/dmitrii/ti/ccs930/ccs/workspace/Test04_GPIO/Debug/configPkg/package/cfg/app_pa8fg.oa8fg
                0x0000000080001db8                ti_sysbios_knl_Clock_TimerProxy_getMaxTicks__E
 .text.ti_sysbios_knl_Intrinsics_SupportProxy_maxbit__E
                0x0000000080001dbc        0x4 /home/dmitrii/ti/ccs930/ccs/workspace/Test04_GPIO/Debug/configPkg/package/cfg/app_pa8fg.oa8fg
                0x0000000080001dbc                ti_sysbios_knl_Intrinsics_SupportProxy_maxbit__E
 .text.ti_sysbios_knl_Task_SupportProxy_Module__startupDone__S
                0x0000000080001dc0        0x8 /home/dmitrii/ti/ccs930/ccs/workspace/Test04_GPIO/Debug/configPkg/package/cfg/app_pa8fg.oa8fg
                0x0000000080001dc0                ti_sysbios_knl_Task_SupportProxy_Module__startupDone(void) static
 .text.ti_sysbios_knl_Task_SupportProxy_start__E
                0x0000000080001dc8        0x4 /home/dmitrii/ti/ccs930/ccs/workspace/Test04_GPIO/Debug/configPkg/package/cfg/app_pa8fg.oa8fg
                0x0000000080001dc8                ti_sysbios_knl_Task_SupportProxy_start__E
 .text.ti_sysbios_knl_Task_SupportProxy_swap__E
                0x0000000080001dcc        0x4 /home/dmitrii/ti/ccs930/ccs/workspace/Test04_GPIO/Debug/configPkg/package/cfg/app_pa8fg.oa8fg
                0x0000000080001dcc                ti_sysbios_knl_Task_SupportProxy_swap__E
 .text.ti_sysbios_knl_Task_SupportProxy_getStackAlignment__E
                0x0000000080001dd0        0x4 /home/dmitrii/ti/ccs930/ccs/workspace/Test04_GPIO/Debug/configPkg/package/cfg/app_pa8fg.oa8fg
                0x0000000080001dd0                ti_sysbios_knl_Task_SupportProxy_getStackAlignment__E
 .text.ti_sysbios_timers_dmtimer_Timer_TimerSupportProxy_enable__E
                0x0000000080001dd4        0x4 /home/dmitrii/ti/ccs930/ccs/workspace/Test04_GPIO/Debug/configPkg/package/cfg/app_pa8fg.oa8fg
                0x0000000080001dd4                ti_sysbios_timers_dmtimer_Timer_TimerSupportProxy_enable__E
 .text.xdc_runtime_LoggerBuf_Module_GateProxy_enter__E
                0x0000000080001dd8        0x4 /home/dmitrii/ti/ccs930/ccs/workspace/Test04_GPIO/Debug/configPkg/package/cfg/app_pa8fg.oa8fg
                0x0000000080001dd8                xdc_runtime_LoggerBuf_Module_GateProxy_enter__E
 .text.xdc_runtime_LoggerBuf_Module_GateProxy_leave__E
                0x0000000080001ddc        0x4 /home/dmitrii/ti/ccs930/ccs/workspace/Test04_GPIO/Debug/configPkg/package/cfg/app_pa8fg.oa8fg
                0x0000000080001ddc                xdc_runtime_LoggerBuf_Module_GateProxy_leave__E
 .text.xdc_runtime_LoggerBuf_TimestampProxy_get64__E
                0x0000000080001de0        0x4 /home/dmitrii/ti/ccs930/ccs/workspace/Test04_GPIO/Debug/configPkg/package/cfg/app_pa8fg.oa8fg
                0x0000000080001de0                xdc_runtime_LoggerBuf_TimestampProxy_get64__E
 .text.xdc_runtime_Memory_HeapProxy_alloc__E
                0x0000000080001de4       0x18 /home/dmitrii/ti/ccs930/ccs/workspace/Test04_GPIO/Debug/configPkg/package/cfg/app_pa8fg.oa8fg
                0x0000000080001de4                xdc_runtime_Memory_HeapProxy_alloc__E
 .text.xdc_runtime_Memory_HeapProxy_free__E
                0x0000000080001dfc        0xc /home/dmitrii/ti/ccs930/ccs/workspace/Test04_GPIO/Debug/configPkg/package/cfg/app_pa8fg.oa8fg
                0x0000000080001dfc                xdc_runtime_Memory_HeapProxy_free__E
 .text.xdc_runtime_System_Module_GateProxy_enter__E
                0x0000000080001e08        0x4 /home/dmitrii/ti/ccs930/ccs/workspace/Test04_GPIO/Debug/configPkg/package/cfg/app_pa8fg.oa8fg
                0x0000000080001e08                xdc_runtime_System_Module_GateProxy_enter__E
 .text.xdc_runtime_System_Module_GateProxy_leave__E
                0x0000000080001e0c        0x4 /home/dmitrii/ti/ccs930/ccs/workspace/Test04_GPIO/Debug/configPkg/package/cfg/app_pa8fg.oa8fg
                0x0000000080001e0c                xdc_runtime_System_Module_GateProxy_leave__E
 .text.xdc_runtime_System_SupportProxy_abort__E
                0x0000000080001e10        0x4 /home/dmitrii/ti/ccs930/ccs/workspace/Test04_GPIO/Debug/configPkg/package/cfg/app_pa8fg.oa8fg
                0x0000000080001e10                xdc_runtime_System_SupportProxy_abort__E
 .text.xdc_runtime_System_SupportProxy_exit__E
                0x0000000080001e14        0x4 /home/dmitrii/ti/ccs930/ccs/workspace/Test04_GPIO/Debug/configPkg/package/cfg/app_pa8fg.oa8fg
                0x0000000080001e14                xdc_runtime_System_SupportProxy_exit__E
 .text.xdc_runtime_System_SupportProxy_putch__E
                0x0000000080001e18        0x4 /home/dmitrii/ti/ccs930/ccs/workspace/Test04_GPIO/Debug/configPkg/package/cfg/app_pa8fg.oa8fg
                0x0000000080001e18                xdc_runtime_System_SupportProxy_putch__E
 .text.xdc_runtime_System_SupportProxy_ready__E
                0x0000000080001e1c        0x4 /home/dmitrii/ti/ccs930/ccs/workspace/Test04_GPIO/Debug/configPkg/package/cfg/app_pa8fg.oa8fg
                0x0000000080001e1c                xdc_runtime_System_SupportProxy_ready__E
 .text.xdc_runtime_Timestamp_SupportProxy_get32__E
                0x0000000080001e20        0x4 /home/dmitrii/ti/ccs930/ccs/workspace/Test04_GPIO/Debug/configPkg/package/cfg/app_pa8fg.oa8fg
                0x0000000080001e20                xdc_runtime_Timestamp_SupportProxy_get32__E
 .text.xdc_runtime_Timestamp_SupportProxy_getFreq__E
                0x0000000080001e24        0x4 /home/dmitrii/ti/ccs930/ccs/workspace/Test04_GPIO/Debug/configPkg/package/cfg/app_pa8fg.oa8fg
                0x0000000080001e24                xdc_runtime_Timestamp_SupportProxy_getFreq__E
 .text.ti_sysbios_family_arm_a8_TimestampProvider_Module__startupDone__S
                0x0000000080001e28       0x20 /home/dmitrii/ti/ccs930/ccs/workspace/Test04_GPIO/Debug/configPkg/package/cfg/app_pa8fg.oa8fg
                0x0000000080001e28                ti_sysbios_family_arm_a8_TimestampProvider_Module__startupDone(void) static
 .text.xdc_runtime_Timestamp_SupportProxy_Module__startupDone__S
                0x0000000080001e48        0x4 /home/dmitrii/ti/ccs930/ccs/workspace/Test04_GPIO/Debug/configPkg/package/cfg/app_pa8fg.oa8fg
                0x0000000080001e48                xdc_runtime_Timestamp_SupportProxy_Module__startupDone(void) static
 .text.ti_sysbios_family_arm_a8_intcps_Hwi_Module__startupDone__S
                0x0000000080001e4c       0x20 /home/dmitrii/ti/ccs930/ccs/workspace/Test04_GPIO/Debug/configPkg/package/cfg/app_pa8fg.oa8fg
                0x0000000080001e4c                ti_sysbios_family_arm_a8_intcps_Hwi_Module__startupDone(void) static
 .text.ti_sysbios_hal_Hwi_HwiProxy_Module__startupDone__S
                0x0000000080001e6c        0x4 /home/dmitrii/ti/ccs930/ccs/workspace/Test04_GPIO/Debug/configPkg/package/cfg/app_pa8fg.oa8fg
                0x0000000080001e6c                ti_sysbios_hal_Hwi_HwiProxy_Module__startupDone(void) static
 .text.ti_sysbios_family_arm_a8_intcps_Hwi_Params__init__S
                0x0000000080001e70       0x14 /home/dmitrii/ti/ccs930/ccs/workspace/Test04_GPIO/Debug/configPkg/package/cfg/app_pa8fg.oa8fg
                0x0000000080001e70                ti_sysbios_family_arm_a8_intcps_Hwi_Params__init(void) static
 .text.ti_sysbios_family_arm_a8_intcps_Hwi_construct
                0x0000000080001e84       0x80 /home/dmitrii/ti/ccs930/ccs/workspace/Test04_GPIO/Debug/configPkg/package/cfg/app_pa8fg.oa8fg
                0x0000000080001e84                ti_sysbios_family_arm_a8_intcps_Hwi_construct
 .text.ti_sysbios_family_arm_a8_intcps_Hwi_destruct
                0x0000000080001f04       0x34 /home/dmitrii/ti/ccs930/ccs/workspace/Test04_GPIO/Debug/configPkg/package/cfg/app_pa8fg.oa8fg
                0x0000000080001f04                ti_sysbios_family_arm_a8_intcps_Hwi_destruct
 .text.ti_sysbios_family_arm_a8_ti81xx_TimerSupport_Module__startupDone__S
                0x0000000080001f38       0x20 /home/dmitrii/ti/ccs930/ccs/workspace/Test04_GPIO/Debug/configPkg/package/cfg/app_pa8fg.oa8fg
                0x0000000080001f38                ti_sysbios_family_arm_a8_ti81xx_TimerSupport_Module__startupDone(void) static
 .text.ti_sysbios_timers_dmtimer_Timer_TimerSupportProxy_Module__startupDone__S
                0x0000000080001f58        0x4 /home/dmitrii/ti/ccs930/ccs/workspace/Test04_GPIO/Debug/configPkg/package/cfg/app_pa8fg.oa8fg
                0x0000000080001f58                ti_sysbios_timers_dmtimer_Timer_TimerSupportProxy_Module__startupDone(void) static
 .text.ti_sysbios_heaps_HeapMem_Object__get__S
                0x0000000080001f5c       0x1c /home/dmitrii/ti/ccs930/ccs/workspace/Test04_GPIO/Debug/configPkg/package/cfg/app_pa8fg.oa8fg
                0x0000000080001f5c                ti_sysbios_heaps_HeapMem_Object__get(void) static
 .text.ti_sysbios_knl_Queue_Object__get__S
                0x0000000080001f78        0xc /home/dmitrii/ti/ccs930/ccs/workspace/Test04_GPIO/Debug/configPkg/package/cfg/app_pa8fg.oa8fg
                0x0000000080001f78                ti_sysbios_knl_Queue_Object__get(void) static
 .text.ti_sysbios_knl_Queue_construct
                0x0000000080001f84       0x44 /home/dmitrii/ti/ccs930/ccs/workspace/Test04_GPIO/Debug/configPkg/package/cfg/app_pa8fg.oa8fg
                0x0000000080001f84                ti_sysbios_knl_Queue_construct
 .text.ti_sysbios_knl_Queue_destruct
                0x0000000080001fc8       0x30 /home/dmitrii/ti/ccs930/ccs/workspace/Test04_GPIO/Debug/configPkg/package/cfg/app_pa8fg.oa8fg
                0x0000000080001fc8                ti_sysbios_knl_Queue_destruct
 .text.ti_sysbios_knl_Semaphore_Params__init__S
                0x0000000080001ff8       0x14 /home/dmitrii/ti/ccs930/ccs/workspace/Test04_GPIO/Debug/configPkg/package/cfg/app_pa8fg.oa8fg
                0x0000000080001ff8                ti_sysbios_knl_Semaphore_Params__init(void) static
 .text.ti_sysbios_knl_Semaphore_construct
                0x000000008000200c       0x4c /home/dmitrii/ti/ccs930/ccs/workspace/Test04_GPIO/Debug/configPkg/package/cfg/app_pa8fg.oa8fg
                0x000000008000200c                ti_sysbios_knl_Semaphore_construct
 .text.__libc_lock_init_recursive
                0x0000000080002058       0x54 /home/dmitrii/ti/ccs930/ccs/workspace/Test04_GPIO/Debug/configPkg/package/cfg/app_pa8fg.oa8fg
                0x0000000080002058                __libc_lock_init_recursive
 .text.__libc_lock_acquire_recursive
                0x00000000800020ac       0xb0 /home/dmitrii/ti/ccs930/ccs/workspace/Test04_GPIO/Debug/configPkg/package/cfg/app_pa8fg.oa8fg
                0x00000000800020ac                __libc_lock_acquire_recursive
 .text.ti_sysbios_knl_Semaphore_destruct
                0x000000008000215c       0x34 /home/dmitrii/ti/ccs930/ccs/workspace/Test04_GPIO/Debug/configPkg/package/cfg/app_pa8fg.oa8fg
                0x000000008000215c                ti_sysbios_knl_Semaphore_destruct
 .text.ti_sysbios_knl_Swi_Object__get__S
                0x0000000080002190       0x1c /home/dmitrii/ti/ccs930/ccs/workspace/Test04_GPIO/Debug/configPkg/package/cfg/app_pa8fg.oa8fg
                0x0000000080002190                ti_sysbios_knl_Swi_Object__get(void) static
 .text.ti_sysbios_knl_Task_Object__get__S
                0x00000000800021ac       0x10 /home/dmitrii/ti/ccs930/ccs/workspace/Test04_GPIO/Debug/configPkg/package/cfg/app_pa8fg.oa8fg
                0x00000000800021ac                ti_sysbios_knl_Task_Object__get(void) static
 .text.ti_sysbios_knl_Task_create
                0x00000000800021bc       0x88 /home/dmitrii/ti/ccs930/ccs/workspace/Test04_GPIO/Debug/configPkg/package/cfg/app_pa8fg.oa8fg
                0x00000000800021bc                ti_sysbios_knl_Task_create
 .text.xdc_runtime_LoggerBuf_Object__get__S
                0x0000000080002244       0x1c /home/dmitrii/ti/ccs930/ccs/workspace/Test04_GPIO/Debug/configPkg/package/cfg/app_pa8fg.oa8fg
                0x0000000080002244                xdc_runtime_LoggerBuf_Object__get(void) static
 .text.Board_moduleClockInit
                0x0000000080002260      0x148 /home/dmitrii/ti/pdk_am335x_1_0_17/packages/ti/board/lib/bbbAM335x/a8/release/ti.board.aa8fg(bbbAM335x.oa8fg)
                0x0000000080002260                Board_moduleClockInit
 .text.Board_init
                0x00000000800023a8       0x58 /home/dmitrii/ti/pdk_am335x_1_0_17/packages/ti/board/lib/bbbAM335x/a8/release/ti.board.aa8fg(bbbAM335x.oa8fg)
                0x00000000800023a8                Board_init
 .text.Board_uartStdioInit
                0x0000000080002400       0x1c /home/dmitrii/ti/pdk_am335x_1_0_17/packages/ti/board/lib/bbbAM335x/a8/release/ti.board.aa8fg(bbbAM335x_lld_init.oa8fg)
                0x0000000080002400                Board_uartStdioInit
 .text.PINMUXModuleConfig
                0x000000008000241c      0x128 /home/dmitrii/ti/pdk_am335x_1_0_17/packages/ti/board/lib/bbbAM335x/a8/release/ti.board.aa8fg(bbbAM335x_pinmux.oa8fg)
                0x000000008000241c                PINMUXModuleConfig
 .text.Board_pinmuxConfig
                0x0000000080002544       0xcc /home/dmitrii/ti/pdk_am335x_1_0_17/packages/ti/board/lib/bbbAM335x/a8/release/ti.board.aa8fg(bbbAM335x_pinmux.oa8fg)
                0x0000000080002544                Board_pinmuxConfig
 .text.CHIPDBBaseAddress
                0x0000000080002610       0x38 /home/dmitrii/ti/pdk_am335x_1_0_17/packages/ti/board/lib/bbbAM335x/a8/release/ti.board.aa8fg(am335x_chipdb.oa8fg)
                0x0000000080002610                CHIPDBBaseAddress
 .text.PRCMModuleEnable
                0x0000000080002648     0x11ec /home/dmitrii/ti/pdk_am335x_1_0_17/packages/ti/board/lib/bbbAM335x/a8/release/ti.board.aa8fg(am335x_prcm.oa8fg)
                0x0000000080002648                PRCMModuleEnable
 .text.I2C_Params_init
                0x0000000080003834       0x14 /home/dmitrii/ti/pdk_am335x_1_0_17/packages/ti/drv/i2c/lib/am335x/a8/release/ti.drv.i2c.aa8fg(I2C_drv.oa8fg)
                0x0000000080003834                I2C_Params_init
 .text.I2C_init_v1
                0x0000000080003848       0x14 /home/dmitrii/ti/pdk_am335x_1_0_17/packages/ti/drv/i2c/lib/am335x/a8/release/ti.drv.i2c.aa8fg(I2C_v1.oa8fg)
 .text.I2C_close_v1
                0x000000008000385c       0x98 /home/dmitrii/ti/pdk_am335x_1_0_17/packages/ti/drv/i2c/lib/am335x/a8/release/ti.drv.i2c.aa8fg(I2C_v1.oa8fg)
 .text.I2C_open_v1
                0x00000000800038f4      0x224 /home/dmitrii/ti/pdk_am335x_1_0_17/packages/ti/drv/i2c/lib/am335x/a8/release/ti.drv.i2c.aa8fg(I2C_v1.oa8fg)
 .text.I2C_transfer_Callback_v1
                0x0000000080003b18       0x14 /home/dmitrii/ti/pdk_am335x_1_0_17/packages/ti/drv/i2c/lib/am335x/a8/release/ti.drv.i2c.aa8fg(I2C_v1.oa8fg)
 .text.I2C_v1_waitForPin.isra.2
                0x0000000080003b2c       0xcc /home/dmitrii/ti/pdk_am335x_1_0_17/packages/ti/drv/i2c/lib/am335x/a8/release/ti.drv.i2c.aa8fg(I2C_v1.oa8fg)
 .text.I2C_primeTransfer_v1
                0x0000000080003bf8      0x524 /home/dmitrii/ti/pdk_am335x_1_0_17/packages/ti/drv/i2c/lib/am335x/a8/release/ti.drv.i2c.aa8fg(I2C_v1.oa8fg)
 .text.I2C_v1_complete_curr_transfer
                0x000000008000411c       0x8c /home/dmitrii/ti/pdk_am335x_1_0_17/packages/ti/drv/i2c/lib/am335x/a8/release/ti.drv.i2c.aa8fg(I2C_v1.oa8fg)
 .text.I2C_v1_hwiFxn
                0x00000000800041a8      0x528 /home/dmitrii/ti/pdk_am335x_1_0_17/packages/ti/drv/i2c/lib/am335x/a8/release/ti.drv.i2c.aa8fg(I2C_v1.oa8fg)
 .text.I2C_v1_resetCtrl
                0x00000000800046d0      0x164 /home/dmitrii/ti/pdk_am335x_1_0_17/packages/ti/drv/i2c/lib/am335x/a8/release/ti.drv.i2c.aa8fg(I2C_v1.oa8fg)
 .text.I2C_v1_recoverBus
                0x0000000080004834      0x11c /home/dmitrii/ti/pdk_am335x_1_0_17/packages/ti/drv/i2c/lib/am335x/a8/release/ti.drv.i2c.aa8fg(I2C_v1.oa8fg)
 .text.I2C_transfer_v1
                0x0000000080004950      0x18c /home/dmitrii/ti/pdk_am335x_1_0_17/packages/ti/drv/i2c/lib/am335x/a8/release/ti.drv.i2c.aa8fg(I2C_v1.oa8fg)
 .text.I2C_v1_waitForBb.constprop.5
                0x0000000080004adc       0xbc /home/dmitrii/ti/pdk_am335x_1_0_17/packages/ti/drv/i2c/lib/am335x/a8/release/ti.drv.i2c.aa8fg(I2C_v1.oa8fg)
 .text.I2C_v1_control
                0x0000000080004b98      0x238 /home/dmitrii/ti/pdk_am335x_1_0_17/packages/ti/drv/i2c/lib/am335x/a8/release/ti.drv.i2c.aa8fg(I2C_v1.oa8fg)
 .text.UART_stdioInit
                0x0000000080004dd0       0x90 /home/dmitrii/ti/pdk_am335x_1_0_17/packages/ti/drv/uart/lib/a8/release/ti.drv.uart.aa8fg(UART_stdio.oa8fg)
                0x0000000080004dd0                UART_stdioInit
 .text.UART_init
                0x0000000080004e60       0x6c /home/dmitrii/ti/pdk_am335x_1_0_17/packages/ti/drv/uart/lib/a8/release/ti.drv.uart.aa8fg(UART_drv.oa8fg)
                0x0000000080004e60                UART_init
 .text.UART_open
                0x0000000080004ecc       0x20 /home/dmitrii/ti/pdk_am335x_1_0_17/packages/ti/drv/uart/lib/a8/release/ti.drv.uart.aa8fg(UART_drv.oa8fg)
                0x0000000080004ecc                UART_open
 .text.UART_Params_init
                0x0000000080004eec       0x2c /home/dmitrii/ti/pdk_am335x_1_0_17/packages/ti/drv/uart/lib/a8/release/ti.drv.uart.aa8fg(UART_drv.oa8fg)
                0x0000000080004eec                UART_Params_init
 .text.SemaphoreP_create
                0x0000000080004f18      0x1c4 /home/dmitrii/ti/pdk_am335x_1_0_17/packages/ti/osal/lib/tirtos/a8/release/ti.osal.aa8fg(SemaphoreP_tirtos.oa8fg)
                0x0000000080004f18                SemaphoreP_create
 .text.SemaphoreP_delete
                0x00000000800050dc       0x7c /home/dmitrii/ti/pdk_am335x_1_0_17/packages/ti/osal/lib/tirtos/a8/release/ti.osal.aa8fg(SemaphoreP_tirtos.oa8fg)
                0x00000000800050dc                SemaphoreP_delete
 .text.SemaphoreP_Params_init
                0x0000000080005158       0x48 /home/dmitrii/ti/pdk_am335x_1_0_17/packages/ti/osal/lib/tirtos/a8/release/ti.osal.aa8fg(SemaphoreP_tirtos.oa8fg)
                0x0000000080005158                SemaphoreP_Params_init
 .text.SemaphoreP_pend
                0x00000000800051a0       0x48 /home/dmitrii/ti/pdk_am335x_1_0_17/packages/ti/osal/lib/tirtos/a8/release/ti.osal.aa8fg(SemaphoreP_tirtos.oa8fg)
                0x00000000800051a0                SemaphoreP_pend
 .text.SemaphoreP_post
                0x00000000800051e8       0x38 /home/dmitrii/ti/pdk_am335x_1_0_17/packages/ti/osal/lib/tirtos/a8/release/ti.osal.aa8fg(SemaphoreP_tirtos.oa8fg)
                0x00000000800051e8                SemaphoreP_post
 .text.HwiP_create
                0x0000000080005220      0x20c /home/dmitrii/ti/pdk_am335x_1_0_17/packages/ti/osal/lib/tirtos/a8/release/ti.osal.aa8fg(HwiP_tirtos.oa8fg)
                0x0000000080005220                HwiP_create
 .text.HwiP_delete
                0x000000008000542c       0x90 /home/dmitrii/ti/pdk_am335x_1_0_17/packages/ti/osal/lib/tirtos/a8/release/ti.osal.aa8fg(HwiP_tirtos.oa8fg)
                0x000000008000542c                HwiP_delete
 .text.HwiP_disable
                0x00000000800054bc        0xc /home/dmitrii/ti/pdk_am335x_1_0_17/packages/ti/osal/lib/tirtos/a8/release/ti.osal.aa8fg(HwiP_tirtos.oa8fg)
                0x00000000800054bc                HwiP_disable
 .text.HwiP_disableInterrupt
                0x00000000800054c8        0x4 /home/dmitrii/ti/pdk_am335x_1_0_17/packages/ti/osal/lib/tirtos/a8/release/ti.osal.aa8fg(HwiP_tirtos.oa8fg)
                0x00000000800054c8                HwiP_disableInterrupt
 .text.HwiP_enableInterrupt
                0x00000000800054cc        0x4 /home/dmitrii/ti/pdk_am335x_1_0_17/packages/ti/osal/lib/tirtos/a8/release/ti.osal.aa8fg(HwiP_tirtos.oa8fg)
                0x00000000800054cc                HwiP_enableInterrupt
 .text.HwiP_Params_init
                0x00000000800054d0       0x24 /home/dmitrii/ti/pdk_am335x_1_0_17/packages/ti/osal/lib/tirtos/a8/release/ti.osal.aa8fg(HwiP_tirtos.oa8fg)
                0x00000000800054d0                HwiP_Params_init
 .text.HwiP_restore
                0x00000000800054f4       0x1c /home/dmitrii/ti/pdk_am335x_1_0_17/packages/ti/osal/lib/tirtos/a8/release/ti.osal.aa8fg(HwiP_tirtos.oa8fg)
                0x00000000800054f4                HwiP_restore
 .text.Osal_DebugP_assert
                0x0000000080005510       0x1c /home/dmitrii/ti/pdk_am335x_1_0_17/packages/ti/osal/lib/tirtos/a8/release/ti.osal.aa8fg(Utils_tirtos.oa8fg)
                0x0000000080005510                Osal_DebugP_assert
 .text.Osal_delay
                0x000000008000552c       0x48 /home/dmitrii/ti/pdk_am335x_1_0_17/packages/ti/osal/lib/tirtos/a8/release/ti.osal.aa8fg(Utils_tirtos.oa8fg)
                0x000000008000552c                Osal_delay
 .text.Osal_RegisterInterrupt_initParams
                0x0000000080005574       0x40 /home/dmitrii/ti/pdk_am335x_1_0_17/packages/ti/osal/lib/tirtos/a8/release/ti.osal.aa8fg(RegisterIntr_tirtos.oa8fg)
                0x0000000080005574                Osal_RegisterInterrupt_initParams
 .text.Osal_RegisterInterrupt
                0x00000000800055b4       0x7c /home/dmitrii/ti/pdk_am335x_1_0_17/packages/ti/osal/lib/tirtos/a8/release/ti.osal.aa8fg(RegisterIntr_tirtos.oa8fg)
                0x00000000800055b4                Osal_RegisterInterrupt
 .text.Osal_DeleteInterrupt
                0x0000000080005630       0x18 /home/dmitrii/ti/pdk_am335x_1_0_17/packages/ti/osal/lib/tirtos/a8/release/ti.osal.aa8fg(RegisterIntr_tirtos.oa8fg)
                0x0000000080005630                Osal_DeleteInterrupt
 .text.Osal_EnableInterrupt
                0x0000000080005648        0x8 /home/dmitrii/ti/pdk_am335x_1_0_17/packages/ti/osal/lib/tirtos/a8/release/ti.osal.aa8fg(RegisterIntr_tirtos.oa8fg)
                0x0000000080005648                Osal_EnableInterrupt
 .text.Osal_DisableInterrupt
                0x0000000080005650        0x8 /home/dmitrii/ti/pdk_am335x_1_0_17/packages/ti/osal/lib/tirtos/a8/release/ti.osal.aa8fg(RegisterIntr_tirtos.oa8fg)
                0x0000000080005650                Osal_DisableInterrupt
 .text.ti_sysbios_family_arm_TaskSupport_buildTaskStack
                0x0000000080005658       0x7c /home/dmitrii/ti/ccs930/ccs/workspace/Test04_GPIO/src/sysbios/sysbios.aa8fg(arm_TaskSupport_asm_gnu.o)
                0x0000000080005658                ti_sysbios_family_arm_TaskSupport_buildTaskStack
 .text.ti_sysbios_family_arm_TaskSupport_swap__E
                0x00000000800056d4       0x1c /home/dmitrii/ti/ccs930/ccs/workspace/Test04_GPIO/src/sysbios/sysbios.aa8fg(arm_TaskSupport_asm_gnu.o)
                0x00000000800056d4                ti_sysbios_family_arm_TaskSupport_swap__E
 .text.ti_sysbios_family_arm_TaskSupport_glue
                0x00000000800056f0       0x1c /home/dmitrii/ti/ccs930/ccs/workspace/Test04_GPIO/src/sysbios/sysbios.aa8fg(arm_TaskSupport_asm_gnu.o)
                0x00000000800056f0                ti_sysbios_family_arm_TaskSupport_glue
 .text.ti_sysbios_family_arm_a8_Cache_disableL1d__I
                0x000000008000570c       0x1c /home/dmitrii/ti/ccs930/ccs/workspace/Test04_GPIO/src/sysbios/sysbios.aa8fg(a8_Cache_asm_gnu.o)
                0x000000008000570c                ti_sysbios_family_arm_a8_Cache_disableL1d(int0_t)
 .text.ti_sysbios_family_arm_a8_Cache_disableL1p__I
                0x0000000080005728       0x14 /home/dmitrii/ti/ccs930/ccs/workspace/Test04_GPIO/src/sysbios/sysbios.aa8fg(a8_Cache_asm_gnu.o)
                0x0000000080005728                ti_sysbios_family_arm_a8_Cache_disableL1p(int0_t)
 .text.ti_sysbios_family_arm_a8_Cache_disableL2__I
                0x000000008000573c       0x10 /home/dmitrii/ti/ccs930/ccs/workspace/Test04_GPIO/src/sysbios/sysbios.aa8fg(a8_Cache_asm_gnu.o)
                0x000000008000573c                ti_sysbios_family_arm_a8_Cache_disableL2(int0_t)
 .text.ti_sysbios_family_arm_a8_Cache_enableL1d__I
                0x000000008000574c       0x10 /home/dmitrii/ti/ccs930/ccs/workspace/Test04_GPIO/src/sysbios/sysbios.aa8fg(a8_Cache_asm_gnu.o)
                0x000000008000574c                ti_sysbios_family_arm_a8_Cache_enableL1d(int0_t)
 .text.ti_sysbios_family_arm_a8_Cache_enableL1p__I
                0x000000008000575c       0x14 /home/dmitrii/ti/ccs930/ccs/workspace/Test04_GPIO/src/sysbios/sysbios.aa8fg(a8_Cache_asm_gnu.o)
                0x000000008000575c                ti_sysbios_family_arm_a8_Cache_enableL1p(int0_t)
 .text.ti_sysbios_family_arm_a8_Cache_enableL2__I
                0x0000000080005770       0x10 /home/dmitrii/ti/ccs930/ccs/workspace/Test04_GPIO/src/sysbios/sysbios.aa8fg(a8_Cache_asm_gnu.o)
                0x0000000080005770                ti_sysbios_family_arm_a8_Cache_enableL2(int0_t)
 .text.ti_sysbios_family_arm_a8_Cache_invL1dAll__E
                0x0000000080005780       0x94 /home/dmitrii/ti/ccs930/ccs/workspace/Test04_GPIO/src/sysbios/sysbios.aa8fg(a8_Cache_asm_gnu.o)
                0x0000000080005780                ti_sysbios_family_arm_a8_Cache_invL1dAll__E
 .text.ti_sysbios_family_arm_a8_Cache_invL1pAll__E
                0x0000000080005814        0x8 /home/dmitrii/ti/ccs930/ccs/workspace/Test04_GPIO/src/sysbios/sysbios.aa8fg(a8_Cache_asm_gnu.o)
                0x0000000080005814                ti_sysbios_family_arm_a8_Cache_invL1pAll__E
 .text.ti_sysbios_family_arm_a8_Cache_wbInvAll__E
                0x000000008000581c       0x94 /home/dmitrii/ti/ccs930/ccs/workspace/Test04_GPIO/src/sysbios/sysbios.aa8fg(a8_Cache_asm_gnu.o)
                0x000000008000581c                ti_sysbios_family_arm_a8_Cache_wbInvAll__E
 .text.ti_sysbios_family_arm_a8_Cache_getEnabled__E
                0x00000000800058b0       0x38 /home/dmitrii/ti/ccs930/ccs/workspace/Test04_GPIO/src/sysbios/sysbios.aa8fg(a8_Cache_asm_gnu.o)
                0x00000000800058b0                ti_sysbios_family_arm_a8_Cache_getEnabled__E
 .text.ti_sysbios_family_arm_a8_Cache_getCacheLevelInfo__I
                0x00000000800058e8        0xc /home/dmitrii/ti/ccs930/ccs/workspace/Test04_GPIO/src/sysbios/sysbios.aa8fg(a8_Cache_asm_gnu.o)
                0x00000000800058e8                ti_sysbios_family_arm_a8_Cache_getCacheLevelInfo(int0_t)
 .text.ti_sysbios_family_arm_a8_Cache_getLockdownReg__I
                0x00000000800058f4        0x8 /home/dmitrii/ti/ccs930/ccs/workspace/Test04_GPIO/src/sysbios/sysbios.aa8fg(a8_Cache_asm_gnu.o)
                0x00000000800058f4                ti_sysbios_family_arm_a8_Cache_getLockdownReg(int0_t)
 .text.ti_sysbios_family_arm_a8_Cache_setLockdownReg__I
                0x00000000800058fc        0x8 /home/dmitrii/ti/ccs930/ccs/workspace/Test04_GPIO/src/sysbios/sysbios.aa8fg(a8_Cache_asm_gnu.o)
                0x00000000800058fc                ti_sysbios_family_arm_a8_Cache_setLockdownReg(int0_t)
 .text.ti_sysbios_family_arm_a8_Cache_disableBP__E
                0x0000000080005904       0x1c /home/dmitrii/ti/ccs930/ccs/workspace/Test04_GPIO/src/sysbios/sysbios.aa8fg(a8_Cache_asm_gnu.o)
                0x0000000080005904                ti_sysbios_family_arm_a8_Cache_disableBP__E
 .text.ti_sysbios_family_arm_a8_Cache_enableBP__E
                0x0000000080005920       0x1c /home/dmitrii/ti/ccs930/ccs/workspace/Test04_GPIO/src/sysbios/sysbios.aa8fg(a8_Cache_asm_gnu.o)
                0x0000000080005920                ti_sysbios_family_arm_a8_Cache_enableBP__E
 .text.ti_sysbios_family_arm_a8_TimestampProvider_get32__E
                0x000000008000593c        0x8 /home/dmitrii/ti/ccs930/ccs/workspace/Test04_GPIO/src/sysbios/sysbios.aa8fg(a8_TimestampProvider_asm_gnu.o)
                0x000000008000593c                ti_sysbios_family_arm_a8_TimestampProvider_get32__E
 .text.ti_sysbios_family_arm_a8_TimestampProvider_initCCNT__I
                0x0000000080005944       0x1c /home/dmitrii/ti/ccs930/ccs/workspace/Test04_GPIO/src/sysbios/sysbios.aa8fg(a8_TimestampProvider_asm_gnu.o)
                0x0000000080005944                ti_sysbios_family_arm_a8_TimestampProvider_initCCNT(int0_t)
 .text.ti_sysbios_family_arm_a8_intcps_Hwi_dispatchIRQ__I
                0x0000000080005960       0xbc /home/dmitrii/ti/ccs930/ccs/workspace/Test04_GPIO/src/sysbios/sysbios.aa8fg(intcps_Hwi_asm_gnu.o)
                0x0000000080005960                ti_sysbios_family_arm_a8_intcps_Hwi_dispatchIRQ(int0_t)
 .text.ti_sysbios_family_arm_a8_intcps_Hwi_init__I
                0x0000000080005a1c       0x24 /home/dmitrii/ti/ccs930/ccs/workspace/Test04_GPIO/src/sysbios/sysbios.aa8fg(intcps_Hwi_asm_gnu.o)
                0x0000000080005a1c                ti_sysbios_family_arm_a8_intcps_Hwi_init(int0_t)
 .text.ti_sysbios_family_arm_a8_intcps_Hwi_initVbar__I
                0x0000000080005a40       0x10 /home/dmitrii/ti/ccs930/ccs/workspace/Test04_GPIO/src/sysbios/sysbios.aa8fg(intcps_Hwi_asm_gnu.o)
                0x0000000080005a40                ti_sysbios_family_arm_a8_intcps_Hwi_initVbar(int0_t)
 .text.ti_sysbios_family_arm_exc_Exception_excHandlerAsm__I
                0x0000000080005a50       0x68 /home/dmitrii/ti/ccs930/ccs/workspace/Test04_GPIO/src/sysbios/sysbios.aa8fg(exc_Exception_asm_gnu.o)
                0x0000000080005a50                ti_sysbios_family_arm_exc_Exception_excHandlerAsm(int0_t)
 .text.ti_sysbios_family_arm_exc_Exception_excHandlerDataAsm__I
                0x0000000080005ab8       0x6c /home/dmitrii/ti/ccs930/ccs/workspace/Test04_GPIO/src/sysbios/sysbios.aa8fg(exc_Exception_asm_gnu.o)
                0x0000000080005ab8                ti_sysbios_family_arm_exc_Exception_excHandlerDataAsm(int0_t)
 .text.ti_sysbios_family_arm_exc_Exception_initCore0__I
                0x0000000080005b24       0x64 /home/dmitrii/ti/ccs930/ccs/workspace/Test04_GPIO/src/sysbios/sysbios.aa8fg(exc_Exception_asm_gnu.o)
                0x0000000080005b24                ti_sysbios_family_arm_exc_Exception_initCore0(int0_t)
 .text.ti_sysbios_BIOS_linkedWithIncorrectBootLibrary__E
                0x0000000080005b88        0x4 /home/dmitrii/ti/ccs930/ccs/workspace/Test04_GPIO/src/sysbios/sysbios.aa8fg(_BIOS.o)
                0x0000000080005b88                ti_sysbios_BIOS_linkedWithIncorrectBootLibrary__E
 .text.ti_sysbios_BIOS_getThreadType__E
                0x0000000080005b8c       0x10 /home/dmitrii/ti/ccs930/ccs/workspace/Test04_GPIO/src/sysbios/sysbios.aa8fg(_BIOS.o)
                0x0000000080005b8c                ti_sysbios_BIOS_getThreadType__E
 .text.ti_sysbios_BIOS_setThreadType__E
                0x0000000080005b9c       0x18 /home/dmitrii/ti/ccs930/ccs/workspace/Test04_GPIO/src/sysbios/sysbios.aa8fg(_BIOS.o)
                0x0000000080005b9c                ti_sysbios_BIOS_setThreadType__E
 .text.ti_sysbios_BIOS_getCpuFreq__E
                0x0000000080005bb4       0x1c /home/dmitrii/ti/ccs930/ccs/workspace/Test04_GPIO/src/sysbios/sysbios.aa8fg(_BIOS.o)
                0x0000000080005bb4                ti_sysbios_BIOS_getCpuFreq__E
 .text.ti_sysbios_BIOS_start__E
                0x0000000080005bd0       0x10 /home/dmitrii/ti/ccs930/ccs/workspace/Test04_GPIO/src/sysbios/sysbios.aa8fg(_BIOS.o)
                0x0000000080005bd0                ti_sysbios_BIOS_start__E
 .text.ti_sysbios_BIOS_exit__E
                0x0000000080005be0       0x10 /home/dmitrii/ti/ccs930/ccs/workspace/Test04_GPIO/src/sysbios/sysbios.aa8fg(_BIOS.o)
                0x0000000080005be0                ti_sysbios_BIOS_exit__E
 .text.ti_sysbios_family_arm_IntrinsicsSupport_maxbit__E
                0x0000000080005bf0        0x4 /home/dmitrii/ti/ccs930/ccs/workspace/Test04_GPIO/src/sysbios/sysbios.aa8fg(arm_IntrinsicsSupport.o)
                0x0000000080005bf0                ti_sysbios_family_arm_IntrinsicsSupport_maxbit__E
 .text.ti_sysbios_family_arm_TaskSupport_start__E
                0x0000000080005bf4       0x3c /home/dmitrii/ti/ccs930/ccs/workspace/Test04_GPIO/src/sysbios/sysbios.aa8fg(arm_TaskSupport.o)
                0x0000000080005bf4                ti_sysbios_family_arm_TaskSupport_start__E
 .text.ti_sysbios_family_arm_TaskSupport_getStackAlignment__E
                0x0000000080005c30       0x10 /home/dmitrii/ti/ccs930/ccs/workspace/Test04_GPIO/src/sysbios/sysbios.aa8fg(arm_TaskSupport.o)
                0x0000000080005c30                ti_sysbios_family_arm_TaskSupport_getStackAlignment__E
 .text.ti_sysbios_knl_Clock_Module_startup__E
                0x0000000080005c40       0x34 /home/dmitrii/ti/ccs930/ccs/workspace/Test04_GPIO/src/sysbios/sysbios.aa8fg(knl_Clock.o)
                0x0000000080005c40                ti_sysbios_knl_Clock_Module_startup__E
 .text.ti_sysbios_knl_Clock_workFunc__E
                0x0000000080005c74       0xec /home/dmitrii/ti/ccs930/ccs/workspace/Test04_GPIO/src/sysbios/sysbios.aa8fg(knl_Clock.o)
                0x0000000080005c74                ti_sysbios_knl_Clock_workFunc__E
 .text.ti_sysbios_knl_Clock_initI__E
                0x0000000080005d60       0x1c /home/dmitrii/ti/ccs930/ccs/workspace/Test04_GPIO/src/sysbios/sysbios.aa8fg(knl_Clock.o)
                0x0000000080005d60                ti_sysbios_knl_Clock_initI__E
 .text.ti_sysbios_knl_Clock_enqueueI__E
                0x0000000080005d7c       0x20 /home/dmitrii/ti/ccs930/ccs/workspace/Test04_GPIO/src/sysbios/sysbios.aa8fg(knl_Clock.o)
                0x0000000080005d7c                ti_sysbios_knl_Clock_enqueueI__E
 .text.ti_sysbios_knl_Clock_removeI__E
                0x0000000080005d9c        0x4 /home/dmitrii/ti/ccs930/ccs/workspace/Test04_GPIO/src/sysbios/sysbios.aa8fg(knl_Clock.o)
                0x0000000080005d9c                ti_sysbios_knl_Clock_removeI__E
 .text.ti_sysbios_knl_Clock_startI__E
                0x0000000080005da0       0x24 /home/dmitrii/ti/ccs930/ccs/workspace/Test04_GPIO/src/sysbios/sysbios.aa8fg(knl_Clock.o)
                0x0000000080005da0                ti_sysbios_knl_Clock_startI__E
 .text.ti_sysbios_knl_Clock_stop__E
                0x0000000080005dc4        0xc /home/dmitrii/ti/ccs930/ccs/workspace/Test04_GPIO/src/sysbios/sysbios.aa8fg(knl_Clock.o)
                0x0000000080005dc4                ti_sysbios_knl_Clock_stop__E
 .text.ti_sysbios_knl_Clock_logTick__E
                0x0000000080005dd0        0x4 /home/dmitrii/ti/ccs930/ccs/workspace/Test04_GPIO/src/sysbios/sysbios.aa8fg(knl_Clock.o)
                0x0000000080005dd0                ti_sysbios_knl_Clock_logTick__E
 .text.ti_sysbios_knl_Queue_Instance_init__E
                0x0000000080005dd4        0xc /home/dmitrii/ti/ccs930/ccs/workspace/Test04_GPIO/src/sysbios/sysbios.aa8fg(knl_Queue.o)
                0x0000000080005dd4                ti_sysbios_knl_Queue_Instance_init__E
 .text.ti_sysbios_knl_Queue_dequeue__E
                0x0000000080005de0       0x18 /home/dmitrii/ti/ccs930/ccs/workspace/Test04_GPIO/src/sysbios/sysbios.aa8fg(knl_Queue.o)
                0x0000000080005de0                ti_sysbios_knl_Queue_dequeue__E
 .text.ti_sysbios_knl_Queue_empty__E
                0x0000000080005df8       0x14 /home/dmitrii/ti/ccs930/ccs/workspace/Test04_GPIO/src/sysbios/sysbios.aa8fg(knl_Queue.o)
                0x0000000080005df8                ti_sysbios_knl_Queue_empty__E
 .text.ti_sysbios_knl_Queue_enqueue__E
                0x0000000080005e0c       0x18 /home/dmitrii/ti/ccs930/ccs/workspace/Test04_GPIO/src/sysbios/sysbios.aa8fg(knl_Queue.o)
                0x0000000080005e0c                ti_sysbios_knl_Queue_enqueue__E
 .text.ti_sysbios_knl_Queue_head__E
                0x0000000080005e24        0x8 /home/dmitrii/ti/ccs930/ccs/workspace/Test04_GPIO/src/sysbios/sysbios.aa8fg(knl_Queue.o)
                0x0000000080005e24                ti_sysbios_knl_Queue_head__E
 .text.ti_sysbios_knl_Queue_elemClear__E
                0x0000000080005e2c        0xc /home/dmitrii/ti/ccs930/ccs/workspace/Test04_GPIO/src/sysbios/sysbios.aa8fg(knl_Queue.o)
                0x0000000080005e2c                ti_sysbios_knl_Queue_elemClear__E
 .text.ti_sysbios_knl_Queue_insert__E
                0x0000000080005e38       0x18 /home/dmitrii/ti/ccs930/ccs/workspace/Test04_GPIO/src/sysbios/sysbios.aa8fg(knl_Queue.o)
                0x0000000080005e38                ti_sysbios_knl_Queue_insert__E
 .text.ti_sysbios_knl_Queue_next__E
                0x0000000080005e50        0x8 /home/dmitrii/ti/ccs930/ccs/workspace/Test04_GPIO/src/sysbios/sysbios.aa8fg(knl_Queue.o)
                0x0000000080005e50                ti_sysbios_knl_Queue_next__E
 .text.ti_sysbios_knl_Queue_prev__E
                0x0000000080005e58        0x8 /home/dmitrii/ti/ccs930/ccs/workspace/Test04_GPIO/src/sysbios/sysbios.aa8fg(knl_Queue.o)
                0x0000000080005e58                ti_sysbios_knl_Queue_prev__E
 .text.ti_sysbios_knl_Queue_put__E
                0x0000000080005e60       0x38 /home/dmitrii/ti/ccs930/ccs/workspace/Test04_GPIO/src/sysbios/sysbios.aa8fg(knl_Queue.o)
                0x0000000080005e60                ti_sysbios_knl_Queue_put__E
 .text.ti_sysbios_knl_Queue_remove__E
                0x0000000080005e98       0x1c /home/dmitrii/ti/ccs930/ccs/workspace/Test04_GPIO/src/sysbios/sysbios.aa8fg(knl_Queue.o)
                0x0000000080005e98                ti_sysbios_knl_Queue_remove__E
 .text.ti_sysbios_knl_Semaphore_pendTimeout__I
                0x0000000080005eb4       0x50 /home/dmitrii/ti/ccs930/ccs/workspace/Test04_GPIO/src/sysbios/sysbios.aa8fg(knl_Semaphore.o)
                0x0000000080005eb4                ti_sysbios_knl_Semaphore_pendTimeout(int0_t)
 .text.ti_sysbios_knl_Semaphore_Instance_init__E
                0x0000000080005f04       0xfc /home/dmitrii/ti/ccs930/ccs/workspace/Test04_GPIO/src/sysbios/sysbios.aa8fg(knl_Semaphore.o)
                0x0000000080005f04                ti_sysbios_knl_Semaphore_Instance_init__E
 .text.ti_sysbios_knl_Semaphore_Instance_finalize__E
                0x0000000080006000       0x14 /home/dmitrii/ti/ccs930/ccs/workspace/Test04_GPIO/src/sysbios/sysbios.aa8fg(knl_Semaphore.o)
                0x0000000080006000                ti_sysbios_knl_Semaphore_Instance_finalize__E
 .text.ti_sysbios_knl_Semaphore_pend__E
                0x0000000080006014      0x428 /home/dmitrii/ti/ccs930/ccs/workspace/Test04_GPIO/src/sysbios/sysbios.aa8fg(knl_Semaphore.o)
                0x0000000080006014                ti_sysbios_knl_Semaphore_pend__E
 .text.ti_sysbios_knl_Semaphore_post__E
                0x000000008000643c      0x16c /home/dmitrii/ti/ccs930/ccs/workspace/Test04_GPIO/src/sysbios/sysbios.aa8fg(knl_Semaphore.o)
                0x000000008000643c                ti_sysbios_knl_Semaphore_post__E
 .text.ti_sysbios_knl_Swi_runLoop__I
                0x00000000800065a8      0x110 /home/dmitrii/ti/ccs930/ccs/workspace/Test04_GPIO/src/sysbios/sysbios.aa8fg(knl_Swi.o)
                0x00000000800065a8                ti_sysbios_knl_Swi_runLoop(int0_t)
 .text.ti_sysbios_knl_Swi_Module_startup__E
                0x00000000800066b8       0x3c /home/dmitrii/ti/ccs930/ccs/workspace/Test04_GPIO/src/sysbios/sysbios.aa8fg(knl_Swi.o)
                0x00000000800066b8                ti_sysbios_knl_Swi_Module_startup__E
 .text.ti_sysbios_knl_Swi_startup__E
                0x00000000800066f4      0x104 /home/dmitrii/ti/ccs930/ccs/workspace/Test04_GPIO/src/sysbios/sysbios.aa8fg(knl_Swi.o)
                0x00000000800066f4                ti_sysbios_knl_Swi_startup__E
 .text.ti_sysbios_knl_Swi_enabled__E
                0x00000000800067f8       0x18 /home/dmitrii/ti/ccs930/ccs/workspace/Test04_GPIO/src/sysbios/sysbios.aa8fg(knl_Swi.o)
                0x00000000800067f8                ti_sysbios_knl_Swi_enabled__E
 .text.ti_sysbios_knl_Swi_disable__E
                0x0000000080006810       0x28 /home/dmitrii/ti/ccs930/ccs/workspace/Test04_GPIO/src/sysbios/sysbios.aa8fg(knl_Swi.o)
                0x0000000080006810                ti_sysbios_knl_Swi_disable__E
 .text.ti_sysbios_knl_Swi_restoreHwi__E
                0x0000000080006838      0x12c /home/dmitrii/ti/ccs930/ccs/workspace/Test04_GPIO/src/sysbios/sysbios.aa8fg(knl_Swi.o)
                0x0000000080006838                ti_sysbios_knl_Swi_restoreHwi__E
 .text.ti_sysbios_knl_Swi_self__E
                0x0000000080006964       0x10 /home/dmitrii/ti/ccs930/ccs/workspace/Test04_GPIO/src/sysbios/sysbios.aa8fg(knl_Swi.o)
                0x0000000080006964                ti_sysbios_knl_Swi_self__E
 .text.ti_sysbios_knl_Swi_post__E
                0x0000000080006974      0x120 /home/dmitrii/ti/ccs930/ccs/workspace/Test04_GPIO/src/sysbios/sysbios.aa8fg(knl_Swi.o)
                0x0000000080006974                ti_sysbios_knl_Swi_post__E
 .text.ti_sysbios_knl_Task_sleepTimeout__I
                0x0000000080006a94       0x84 /home/dmitrii/ti/ccs930/ccs/workspace/Test04_GPIO/src/sysbios/sysbios.aa8fg(knl_Task.o)
                0x0000000080006a94                ti_sysbios_knl_Task_sleepTimeout(int0_t)
 .text.ti_sysbios_knl_Task_schedule__I
                0x0000000080006b18      0x120 /home/dmitrii/ti/ccs930/ccs/workspace/Test04_GPIO/src/sysbios/sysbios.aa8fg(knl_Task.o)
                0x0000000080006b18                ti_sysbios_knl_Task_schedule(int0_t)
 .text.ti_sysbios_knl_Task_enter__I
                0x0000000080006c38       0x3c /home/dmitrii/ti/ccs930/ccs/workspace/Test04_GPIO/src/sysbios/sysbios.aa8fg(knl_Task.o)
                0x0000000080006c38                ti_sysbios_knl_Task_enter(int0_t)
 .text.ti_sysbios_knl_Task_exit__E
                0x0000000080006c74      0x1a4 /home/dmitrii/ti/ccs930/ccs/workspace/Test04_GPIO/src/sysbios/sysbios.aa8fg(knl_Task.o)
                0x0000000080006c74                ti_sysbios_knl_Task_exit__E
 .text.ti_sysbios_knl_Task_startCore__E
                0x0000000080006e18      0x110 /home/dmitrii/ti/ccs930/ccs/workspace/Test04_GPIO/src/sysbios/sysbios.aa8fg(knl_Task.o)
                0x0000000080006e18                ti_sysbios_knl_Task_startCore__E
 .text.ti_sysbios_knl_Task_startup__E
                0x0000000080006f28        0x8 /home/dmitrii/ti/ccs930/ccs/workspace/Test04_GPIO/src/sysbios/sysbios.aa8fg(knl_Task.o)
                0x0000000080006f28                ti_sysbios_knl_Task_startup__E
 .text.ti_sysbios_knl_Task_enabled__E
                0x0000000080006f30       0x34 /home/dmitrii/ti/ccs930/ccs/workspace/Test04_GPIO/src/sysbios/sysbios.aa8fg(knl_Task.o)
                0x0000000080006f30                ti_sysbios_knl_Task_enabled__E
 .text.ti_sysbios_knl_Task_disable__E
                0x0000000080006f64       0x28 /home/dmitrii/ti/ccs930/ccs/workspace/Test04_GPIO/src/sysbios/sysbios.aa8fg(knl_Task.o)
                0x0000000080006f64                ti_sysbios_knl_Task_disable__E
 .text.ti_sysbios_knl_Task_restore__E
                0x0000000080006f8c       0x5c /home/dmitrii/ti/ccs930/ccs/workspace/Test04_GPIO/src/sysbios/sysbios.aa8fg(knl_Task.o)
                0x0000000080006f8c                ti_sysbios_knl_Task_restore__E
 .text.ti_sysbios_knl_Task_restoreHwi__E
                0x0000000080006fe8       0x4c /home/dmitrii/ti/ccs930/ccs/workspace/Test04_GPIO/src/sysbios/sysbios.aa8fg(knl_Task.o)
                0x0000000080006fe8                ti_sysbios_knl_Task_restoreHwi__E
 .text.ti_sysbios_knl_Task_self__E
                0x0000000080007034       0x10 /home/dmitrii/ti/ccs930/ccs/workspace/Test04_GPIO/src/sysbios/sysbios.aa8fg(knl_Task.o)
                0x0000000080007034                ti_sysbios_knl_Task_self__E
 .text.ti_sysbios_knl_Task_sleep__E
                0x0000000080007044      0x318 /home/dmitrii/ti/ccs930/ccs/workspace/Test04_GPIO/src/sysbios/sysbios.aa8fg(knl_Task.o)
                0x0000000080007044                ti_sysbios_knl_Task_sleep__E
 .text.ti_sysbios_knl_Task_postInit__I
                0x000000008000735c      0x23c /home/dmitrii/ti/ccs930/ccs/workspace/Test04_GPIO/src/sysbios/sysbios.aa8fg(knl_Task.o)
                0x000000008000735c                ti_sysbios_knl_Task_postInit(int0_t)
 .text.ti_sysbios_knl_Task_Module_startup__E
                0x0000000080007598       0xcc /home/dmitrii/ti/ccs930/ccs/workspace/Test04_GPIO/src/sysbios/sysbios.aa8fg(knl_Task.o)
                0x0000000080007598                ti_sysbios_knl_Task_Module_startup__E
 .text.ti_sysbios_knl_Task_Instance_init__E
                0x0000000080007664      0x30c /home/dmitrii/ti/ccs930/ccs/workspace/Test04_GPIO/src/sysbios/sysbios.aa8fg(knl_Task.o)
                0x0000000080007664                ti_sysbios_knl_Task_Instance_init__E
 .text.ti_sysbios_knl_Task_Instance_finalize__E
                0x0000000080007970      0x4c4 /home/dmitrii/ti/ccs930/ccs/workspace/Test04_GPIO/src/sysbios/sysbios.aa8fg(knl_Task.o)
                0x0000000080007970                ti_sysbios_knl_Task_Instance_finalize__E
 .text.ti_sysbios_knl_Task_getHookContext__E
                0x0000000080007e34        0xc /home/dmitrii/ti/ccs930/ccs/workspace/Test04_GPIO/src/sysbios/sysbios.aa8fg(knl_Task.o)
                0x0000000080007e34                ti_sysbios_knl_Task_getHookContext__E
 .text.ti_sysbios_knl_Task_setHookContext__E
                0x0000000080007e40        0xc /home/dmitrii/ti/ccs930/ccs/workspace/Test04_GPIO/src/sysbios/sysbios.aa8fg(knl_Task.o)
                0x0000000080007e40                ti_sysbios_knl_Task_setHookContext__E
 .text.ti_sysbios_knl_Task_getPri__E
                0x0000000080007e4c        0x8 /home/dmitrii/ti/ccs930/ccs/workspace/Test04_GPIO/src/sysbios/sysbios.aa8fg(knl_Task.o)
                0x0000000080007e4c                ti_sysbios_knl_Task_getPri__E
 .text.ti_sysbios_knl_Task_blockI__E
                0x0000000080007e54       0x74 /home/dmitrii/ti/ccs930/ccs/workspace/Test04_GPIO/src/sysbios/sysbios.aa8fg(knl_Task.o)
                0x0000000080007e54                ti_sysbios_knl_Task_blockI__E
 .text.ti_sysbios_knl_Task_unblockI__E
                0x0000000080007ec8       0x6c /home/dmitrii/ti/ccs930/ccs/workspace/Test04_GPIO/src/sysbios/sysbios.aa8fg(knl_Task.o)
                0x0000000080007ec8                ti_sysbios_knl_Task_unblockI__E
 .text.ti_sysbios_hal_Hwi_Module_startup__E
                0x0000000080007f34       0x18 /home/dmitrii/ti/ccs930/ccs/workspace/Test04_GPIO/src/sysbios/sysbios.aa8fg(hal_Hwi.o)
                0x0000000080007f34                ti_sysbios_hal_Hwi_Module_startup__E
 .text.ti_sysbios_hal_Hwi_disableInterrupt__E
                0x0000000080007f4c        0x4 /home/dmitrii/ti/ccs930/ccs/workspace/Test04_GPIO/src/sysbios/sysbios.aa8fg(hal_Hwi.o)
                0x0000000080007f4c                ti_sysbios_hal_Hwi_disableInterrupt__E
 .text.ti_sysbios_hal_Hwi_enableInterrupt__E
                0x0000000080007f50        0x4 /home/dmitrii/ti/ccs930/ccs/workspace/Test04_GPIO/src/sysbios/sysbios.aa8fg(hal_Hwi.o)
                0x0000000080007f50                ti_sysbios_hal_Hwi_enableInterrupt__E
 .text.ti_sysbios_hal_Hwi_clearInterrupt__E
                0x0000000080007f54        0x4 /home/dmitrii/ti/ccs930/ccs/workspace/Test04_GPIO/src/sysbios/sysbios.aa8fg(hal_Hwi.o)
                0x0000000080007f54                ti_sysbios_hal_Hwi_clearInterrupt__E
 .text.ti_sysbios_hal_Hwi_getStackInfo__E
                0x0000000080007f58        0x4 /home/dmitrii/ti/ccs930/ccs/workspace/Test04_GPIO/src/sysbios/sysbios.aa8fg(hal_Hwi.o)
                0x0000000080007f58                ti_sysbios_hal_Hwi_getStackInfo__E
 .text.ti_sysbios_hal_Hwi_switchFromBootStack__E
                0x0000000080007f5c        0x4 /home/dmitrii/ti/ccs930/ccs/workspace/Test04_GPIO/src/sysbios/sysbios.aa8fg(hal_Hwi.o)
                0x0000000080007f5c                ti_sysbios_hal_Hwi_switchFromBootStack__E
 .text.ti_sysbios_hal_Hwi_initStack
                0x0000000080007f60       0x3c /home/dmitrii/ti/ccs930/ccs/workspace/Test04_GPIO/src/sysbios/sysbios.aa8fg(hal_Hwi_stack.o)
                0x0000000080007f60                ti_sysbios_hal_Hwi_initStack
 .text.ti_sysbios_hal_Hwi_checkStack
                0x0000000080007f9c       0x5c /home/dmitrii/ti/ccs930/ccs/workspace/Test04_GPIO/src/sysbios/sysbios.aa8fg(hal_Hwi_stack.o)
                0x0000000080007f9c                ti_sysbios_hal_Hwi_checkStack
 .text.ti_sysbios_hal_Hwi_startup__E
                0x0000000080007ff8        0x4 /home/dmitrii/ti/ccs930/ccs/workspace/Test04_GPIO/src/sysbios/sysbios.aa8fg(hal_Hwi_startup.o)
                0x0000000080007ff8                ti_sysbios_hal_Hwi_startup__E
 .text.ti_sysbios_hal_Timer_Module_startup__E
                0x0000000080007ffc       0x18 /home/dmitrii/ti/ccs930/ccs/workspace/Test04_GPIO/src/sysbios/sysbios.aa8fg(hal_Timer.o)
                0x0000000080007ffc                ti_sysbios_hal_Timer_Module_startup__E
 .text.ti_sysbios_rts_gnu_ReentSupport_Module_startup__E
                0x0000000080008014       0x40 /home/dmitrii/ti/ccs930/ccs/workspace/Test04_GPIO/src/sysbios/sysbios.aa8fg(gnu_ReentSupport.o)
                0x0000000080008014                ti_sysbios_rts_gnu_ReentSupport_Module_startup__E
 .text.ti_sysbios_rts_gnu_ReentSupport_taskRegHook__I
                0x0000000080008054       0x10 /home/dmitrii/ti/ccs930/ccs/workspace/Test04_GPIO/src/sysbios/sysbios.aa8fg(gnu_ReentSupport.o)
                0x0000000080008054                ti_sysbios_rts_gnu_ReentSupport_taskRegHook(int0_t)
 .text.ti_sysbios_rts_gnu_ReentSupport_taskDeleteHook__I
                0x0000000080008064       0x60 /home/dmitrii/ti/ccs930/ccs/workspace/Test04_GPIO/src/sysbios/sysbios.aa8fg(gnu_ReentSupport.o)
                0x0000000080008064                ti_sysbios_rts_gnu_ReentSupport_taskDeleteHook(int0_t)
 .text.ti_sysbios_rts_gnu_ReentSupport_getReent__I
                0x00000000800080c4      0x178 /home/dmitrii/ti/ccs930/ccs/workspace/Test04_GPIO/src/sysbios/sysbios.aa8fg(gnu_ReentSupport.o)
                0x00000000800080c4                ti_sysbios_rts_gnu_ReentSupport_getReent(int0_t)
 .text.ti_sysbios_rts_gnu_SemiHostSupport_startup__I
                0x000000008000823c        0x4 /home/dmitrii/ti/ccs930/ccs/workspace/Test04_GPIO/src/sysbios/sysbios.aa8fg(gnu_SemiHostSupport.o)
                0x000000008000823c                ti_sysbios_rts_gnu_SemiHostSupport_startup(int0_t)
 .text.ti_sysbios_heaps_HeapMem_init__I
                0x0000000080008240       0x68 /home/dmitrii/ti/ccs930/ccs/workspace/Test04_GPIO/src/sysbios/sysbios.aa8fg(heaps_HeapMem.o)
                0x0000000080008240                ti_sysbios_heaps_HeapMem_init(int0_t)
 .text.ti_sysbios_heaps_HeapMem_Instance_init__E
                0x00000000800082a8      0x1f0 /home/dmitrii/ti/ccs930/ccs/workspace/Test04_GPIO/src/sysbios/sysbios.aa8fg(heaps_HeapMem.o)
                0x00000000800082a8                ti_sysbios_heaps_HeapMem_Instance_init__E
 .text.ti_sysbios_heaps_HeapMem_allocUnprotected__E
                0x0000000080008498      0x47c /home/dmitrii/ti/ccs930/ccs/workspace/Test04_GPIO/src/sysbios/sysbios.aa8fg(heaps_HeapMem.o)
                0x0000000080008498                ti_sysbios_heaps_HeapMem_allocUnprotected__E
 .text.ti_sysbios_heaps_HeapMem_alloc__E
                0x0000000080008914       0xa0 /home/dmitrii/ti/ccs930/ccs/workspace/Test04_GPIO/src/sysbios/sysbios.aa8fg(heaps_HeapMem.o)
                0x0000000080008914                ti_sysbios_heaps_HeapMem_alloc__E
 .text.ti_sysbios_heaps_HeapMem_free__E
                0x00000000800089b4      0x4b0 /home/dmitrii/ti/ccs930/ccs/workspace/Test04_GPIO/src/sysbios/sysbios.aa8fg(heaps_HeapMem.o)
                0x00000000800089b4                ti_sysbios_heaps_HeapMem_free__E
 .text.ti_sysbios_heaps_HeapMem_isBlocking__E
                0x0000000080008e64        0x8 /home/dmitrii/ti/ccs930/ccs/workspace/Test04_GPIO/src/sysbios/sysbios.aa8fg(heaps_HeapMem.o)
                0x0000000080008e64                ti_sysbios_heaps_HeapMem_isBlocking__E
 .text.ti_sysbios_heaps_HeapMem_getStats__E
                0x0000000080008e6c       0x84 /home/dmitrii/ti/ccs930/ccs/workspace/Test04_GPIO/src/sysbios/sysbios.aa8fg(heaps_HeapMem.o)
                0x0000000080008e6c                ti_sysbios_heaps_HeapMem_getStats__E
 .text.ti_sysbios_family_arm_a8_Cache_startup__I
                0x0000000080008ef0      0x198 /home/dmitrii/ti/ccs930/ccs/workspace/Test04_GPIO/src/sysbios/sysbios.aa8fg(a8_Cache.o)
                0x0000000080008ef0                ti_sysbios_family_arm_a8_Cache_startup(int0_t)
 .text.ti_sysbios_family_arm_a8_Cache_disable__E
                0x0000000080009088       0xb4 /home/dmitrii/ti/ccs930/ccs/workspace/Test04_GPIO/src/sysbios/sysbios.aa8fg(a8_Cache.o)
                0x0000000080009088                ti_sysbios_family_arm_a8_Cache_disable__E
 .text.ti_sysbios_family_arm_a8_Cache_enable__E
                0x000000008000913c       0x48 /home/dmitrii/ti/ccs930/ccs/workspace/Test04_GPIO/src/sysbios/sysbios.aa8fg(a8_Cache.o)
                0x000000008000913c                ti_sysbios_family_arm_a8_Cache_enable__E
 .text.ti_sysbios_family_arm_a8_Mmu_Module_startup__E
                0x0000000080009184       0xf0 /home/dmitrii/ti/ccs930/ccs/workspace/Test04_GPIO/src/sysbios/sysbios.aa8fg(a8_Mmu.o)
                0x0000000080009184                ti_sysbios_family_arm_a8_Mmu_Module_startup__E
 .text.ti_sysbios_family_arm_a8_Mmu_disable__E
                0x0000000080009274       0x48 /home/dmitrii/ti/ccs930/ccs/workspace/Test04_GPIO/src/sysbios/sysbios.aa8fg(a8_Mmu.o)
                0x0000000080009274                ti_sysbios_family_arm_a8_Mmu_disable__E
 .text.ti_sysbios_family_arm_a8_TimestampProvider_Module_startup__E
                0x00000000800092bc       0x10 /home/dmitrii/ti/ccs930/ccs/workspace/Test04_GPIO/src/sysbios/sysbios.aa8fg(a8_TimestampProvider.o)
                0x00000000800092bc                ti_sysbios_family_arm_a8_TimestampProvider_Module_startup__E
 .text.ti_sysbios_family_arm_a8_TimestampProvider_get64__E
                0x00000000800092cc       0x54 /home/dmitrii/ti/ccs930/ccs/workspace/Test04_GPIO/src/sysbios/sysbios.aa8fg(a8_TimestampProvider.o)
                0x00000000800092cc                ti_sysbios_family_arm_a8_TimestampProvider_get64__E
 .text.ti_sysbios_family_arm_a8_TimestampProvider_getFreq__E
                0x0000000080009320        0x4 /home/dmitrii/ti/ccs930/ccs/workspace/Test04_GPIO/src/sysbios/sysbios.aa8fg(a8_TimestampProvider.o)
                0x0000000080009320                ti_sysbios_family_arm_a8_TimestampProvider_getFreq__E
 .text.ti_sysbios_family_arm_a8_TimestampProvider_autoRefreshFxn__I
                0x0000000080009324       0x48 /home/dmitrii/ti/ccs930/ccs/workspace/Test04_GPIO/src/sysbios/sysbios.aa8fg(a8_TimestampProvider.o)
                0x0000000080009324                ti_sysbios_family_arm_a8_TimestampProvider_autoRefreshFxn(int0_t)
 .text.ti_sysbios_family_arm_a8_intcps_Hwi_Module_startup__E
                0x000000008000936c      0x198 /home/dmitrii/ti/ccs930/ccs/workspace/Test04_GPIO/src/sysbios/sysbios.aa8fg(intcps_Hwi.o)
                0x000000008000936c                ti_sysbios_family_arm_a8_intcps_Hwi_Module_startup__E
 .text.ti_sysbios_family_arm_a8_intcps_Hwi_Instance_finalize__E
                0x0000000080009504      0x1b8 /home/dmitrii/ti/ccs930/ccs/workspace/Test04_GPIO/src/sysbios/sysbios.aa8fg(intcps_Hwi.o)
                0x0000000080009504                ti_sysbios_family_arm_a8_intcps_Hwi_Instance_finalize__E
 .text.ti_sysbios_family_arm_a8_intcps_Hwi_startup__E
                0x00000000800096bc       0x1c /home/dmitrii/ti/ccs930/ccs/workspace/Test04_GPIO/src/sysbios/sysbios.aa8fg(intcps_Hwi.o)
                0x00000000800096bc                ti_sysbios_family_arm_a8_intcps_Hwi_startup__E
 .text.ti_sysbios_family_xxx_Hwi_switchToIsrStack
                0x00000000800096d8       0x20 /home/dmitrii/ti/ccs930/ccs/workspace/Test04_GPIO/src/sysbios/sysbios.aa8fg(intcps_Hwi.o)
                0x00000000800096d8                ti_sysbios_family_xxx_Hwi_switchToIsrStack
 .text.ti_sysbios_family_xxx_Hwi_switchToTaskStack
                0x00000000800096f8       0x1c /home/dmitrii/ti/ccs930/ccs/workspace/Test04_GPIO/src/sysbios/sysbios.aa8fg(intcps_Hwi.o)
                0x00000000800096f8                ti_sysbios_family_xxx_Hwi_switchToTaskStack
 .text.ti_sysbios_family_xxx_Hwi_switchAndRunFunc
                0x0000000080009714       0x40 /home/dmitrii/ti/ccs930/ccs/workspace/Test04_GPIO/src/sysbios/sysbios.aa8fg(intcps_Hwi.o)
                0x0000000080009714                ti_sysbios_family_xxx_Hwi_switchAndRunFunc
 .text.ti_sysbios_family_arm_a8_intcps_Hwi_disableInterrupt__E
                0x0000000080009754      0x150 /home/dmitrii/ti/ccs930/ccs/workspace/Test04_GPIO/src/sysbios/sysbios.aa8fg(intcps_Hwi.o)
                0x0000000080009754                ti_sysbios_family_arm_a8_intcps_Hwi_disableInterrupt__E
 .text.ti_sysbios_family_arm_a8_intcps_Hwi_enableInterrupt__E
                0x00000000800098a4      0x154 /home/dmitrii/ti/ccs930/ccs/workspace/Test04_GPIO/src/sysbios/sysbios.aa8fg(intcps_Hwi.o)
                0x00000000800098a4                ti_sysbios_family_arm_a8_intcps_Hwi_enableInterrupt__E
 .text.ti_sysbios_family_arm_a8_intcps_Hwi_Instance_init__E
                0x00000000800099f8      0x220 /home/dmitrii/ti/ccs930/ccs/workspace/Test04_GPIO/src/sysbios/sysbios.aa8fg(intcps_Hwi.o)
                0x00000000800099f8                ti_sysbios_family_arm_a8_intcps_Hwi_Instance_init__E
 .text.ti_sysbios_family_arm_a8_intcps_Hwi_clearInterrupt__E
                0x0000000080009c18       0x14 /home/dmitrii/ti/ccs930/ccs/workspace/Test04_GPIO/src/sysbios/sysbios.aa8fg(intcps_Hwi.o)
                0x0000000080009c18                ti_sysbios_family_arm_a8_intcps_Hwi_clearInterrupt__E
 .text.ti_sysbios_family_arm_a8_intcps_Hwi_switchFromBootStack__E
                0x0000000080009c2c       0x20 /home/dmitrii/ti/ccs930/ccs/workspace/Test04_GPIO/src/sysbios/sysbios.aa8fg(intcps_Hwi.o)
                0x0000000080009c2c                ti_sysbios_family_arm_a8_intcps_Hwi_switchFromBootStack__E
 .text.ti_sysbios_family_arm_a8_intcps_Hwi_getStackInfo__E
                0x0000000080009c4c       0x78 /home/dmitrii/ti/ccs930/ccs/workspace/Test04_GPIO/src/sysbios/sysbios.aa8fg(intcps_Hwi.o)
                0x0000000080009c4c                ti_sysbios_family_arm_a8_intcps_Hwi_getStackInfo__E
 .text.ti_sysbios_family_arm_a8_intcps_Hwi_nonPluggedHwiHandler__I
                0x0000000080009cc4       0x5c /home/dmitrii/ti/ccs930/ccs/workspace/Test04_GPIO/src/sysbios/sysbios.aa8fg(intcps_Hwi.o)
                0x0000000080009cc4                ti_sysbios_family_arm_a8_intcps_Hwi_nonPluggedHwiHandler(int0_t)
 .text.ti_sysbios_family_arm_a8_intcps_Hwi_dispatchFIQC__I
                0x0000000080009d20       0x40 /home/dmitrii/ti/ccs930/ccs/workspace/Test04_GPIO/src/sysbios/sysbios.aa8fg(intcps_Hwi.o)
                0x0000000080009d20                ti_sysbios_family_arm_a8_intcps_Hwi_dispatchFIQC(int0_t)
 .text.ti_sysbios_family_arm_a8_intcps_Hwi_dispatchIRQC__I
                0x0000000080009d60       0xd8 /home/dmitrii/ti/ccs930/ccs/workspace/Test04_GPIO/src/sysbios/sysbios.aa8fg(intcps_Hwi.o)
                0x0000000080009d60                ti_sysbios_family_arm_a8_intcps_Hwi_dispatchIRQC(int0_t)
 .text.ti_sysbios_family_arm_exc_Exception_Module_startup__E
                0x0000000080009e38       0x10 /home/dmitrii/ti/ccs930/ccs/workspace/Test04_GPIO/src/sysbios/sysbios.aa8fg(exc_Exception.o)
                0x0000000080009e38                ti_sysbios_family_arm_exc_Exception_Module_startup__E
 .text.ti_sysbios_family_arm_exc_Exception_excDumpContext__I
                0x0000000080009e48      0x188 /home/dmitrii/ti/ccs930/ccs/workspace/Test04_GPIO/src/sysbios/sysbios.aa8fg(exc_Exception.o)
                0x0000000080009e48                ti_sysbios_family_arm_exc_Exception_excDumpContext(int0_t)
 .text.ti_sysbios_family_arm_exc_Exception_excHandler__I
                0x0000000080009fd0      0x534 /home/dmitrii/ti/ccs930/ccs/workspace/Test04_GPIO/src/sysbios/sysbios.aa8fg(exc_Exception.o)
                0x0000000080009fd0                ti_sysbios_family_arm_exc_Exception_excHandler(int0_t)
 .text.ti_sysbios_gates_GateHwi_Instance_init__E
                0x000000008000a504        0x4 /home/dmitrii/ti/ccs930/ccs/workspace/Test04_GPIO/src/sysbios/sysbios.aa8fg(gates_GateHwi.o)
                0x000000008000a504                ti_sysbios_gates_GateHwi_Instance_init__E
 .text.ti_sysbios_gates_GateHwi_enter__E
                0x000000008000a508        0xc /home/dmitrii/ti/ccs930/ccs/workspace/Test04_GPIO/src/sysbios/sysbios.aa8fg(gates_GateHwi.o)
                0x000000008000a508                ti_sysbios_gates_GateHwi_enter__E
 .text.ti_sysbios_gates_GateHwi_leave__E
                0x000000008000a514       0x18 /home/dmitrii/ti/ccs930/ccs/workspace/Test04_GPIO/src/sysbios/sysbios.aa8fg(gates_GateHwi.o)
                0x000000008000a514                ti_sysbios_gates_GateHwi_leave__E
 .text.ti_sysbios_gates_GateHwi_query__E
                0x000000008000a52c        0x8 /home/dmitrii/ti/ccs930/ccs/workspace/Test04_GPIO/src/sysbios/sysbios.aa8fg(gates_GateHwi.o)
                0x000000008000a52c                ti_sysbios_gates_GateHwi_query__E
 .text.ti_sysbios_gates_GateMutex_Instance_init__E
                0x000000008000a534       0x30 /home/dmitrii/ti/ccs930/ccs/workspace/Test04_GPIO/src/sysbios/sysbios.aa8fg(gates_GateMutex.o)