Archive member included to satisfy reference by file (symbol)

/home/dmitrii/ti/pdk_am335x_1_0_17/packages/ti/board/lib/bbbAM335x/a8/release/ti.board.aa8fg(bbbAM335x.oa8fg)
                              ./main.o (Board_init)
/home/dmitrii/ti/pdk_am335x_1_0_17/packages/ti/board/lib/bbbAM335x/a8/release/ti.board.aa8fg(bbbAM335x_lld_init.oa8fg)
                              /home/dmitrii/ti/pdk_am335x_1_0_17/packages/ti/board/lib/bbbAM335x/a8/release/ti.board.aa8fg(bbbAM335x.oa8fg) (Board_uartStdioInit)
/home/dmitrii/ti/pdk_am335x_1_0_17/packages/ti/board/lib/bbbAM335x/a8/release/ti.board.aa8fg(bbbAM335x_pinmux.oa8fg)
                              /home/dmitrii/ti/pdk_am335x_1_0_17/packages/ti/board/lib/bbbAM335x/a8/release/ti.board.aa8fg(bbbAM335x.oa8fg) (Board_pinmuxConfig)
/home/dmitrii/ti/pdk_am335x_1_0_17/packages/ti/board/lib/bbbAM335x/a8/release/ti.board.aa8fg(am335x_chipdb.oa8fg)
                              /home/dmitrii/ti/pdk_am335x_1_0_17/packages/ti/board/lib/bbbAM335x/a8/release/ti.board.aa8fg(bbbAM335x_pinmux.oa8fg) (CHIPDBBaseAddress)
/home/dmitrii/ti/pdk_am335x_1_0_17/packages/ti/board/lib/bbbAM335x/a8/release/ti.board.aa8fg(am335x_prcm.oa8fg)
                              /home/dmitrii/ti/pdk_am335x_1_0_17/packages/ti/board/lib/bbbAM335x/a8/release/ti.board.aa8fg(bbbAM335x.oa8fg) (PRCMModuleEnable)
/home/dmitrii/ti/pdk_am335x_1_0_17/packages/ti/board/lib/bbbAM335x/a8/release/ti.board.aa8fg(hw_am335x_chipdb.oa8fg)
                              /home/dmitrii/ti/pdk_am335x_1_0_17/packages/ti/board/lib/bbbAM335x/a8/release/ti.board.aa8fg(am335x_chipdb.oa8fg) (CHIPDBSpeedGradeProcID)
/home/dmitrii/ti/pdk_am335x_1_0_17/packages/ti/board/lib/bbbAM335x/a8/release/ti.board.aa8fg(hw_am335x_chipdb_baseaddr.oa8fg)
                              /home/dmitrii/ti/pdk_am335x_1_0_17/packages/ti/board/lib/bbbAM335x/a8/release/ti.board.aa8fg(am335x_chipdb.oa8fg) (gChipDBBaseAddrTable)
/home/dmitrii/ti/pdk_am335x_1_0_17/packages/ti/board/lib/bbbAM335x/a8/release/ti.board.aa8fg(hw_am335x_chipdb_interrupt.oa8fg)
                              /home/dmitrii/ti/pdk_am335x_1_0_17/packages/ti/board/lib/bbbAM335x/a8/release/ti.board.aa8fg(am335x_chipdb.oa8fg) (gChipDBInterruptTables)
/home/dmitrii/ti/pdk_am335x_1_0_17/packages/ti/board/lib/bbbAM335x/a8/release/ti.board.aa8fg(am335x_beagleboneblack_pinmux_data.oa8fg)
                              /home/dmitrii/ti/pdk_am335x_1_0_17/packages/ti/board/lib/bbbAM335x/a8/release/ti.board.aa8fg(bbbAM335x_pinmux.oa8fg) (gBbbPinmuxData)
/home/dmitrii/ti/pdk_am335x_1_0_17/packages/ti/drv/i2c/lib/am335x/a8/release/ti.drv.i2c.aa8fg(I2C_drv.oa8fg)
                              /home/dmitrii/ti/pdk_am335x_1_0_17/packages/ti/board/lib/bbbAM335x/a8/release/ti.board.aa8fg(bbbAM335x_lld_init.oa8fg) (I2C_init)
/home/dmitrii/ti/pdk_am335x_1_0_17/packages/ti/drv/i2c/lib/am335x/a8/release/ti.drv.i2c.aa8fg(I2C_soc.oa8fg)
                              /home/dmitrii/ti/pdk_am335x_1_0_17/packages/ti/board/lib/bbbAM335x/a8/release/ti.board.aa8fg(bbbAM335x_lld_init.oa8fg) (I2C_config)
/home/dmitrii/ti/pdk_am335x_1_0_17/packages/ti/drv/i2c/lib/am335x/a8/release/ti.drv.i2c.aa8fg(I2C_v2.oa8fg)
                              /home/dmitrii/ti/pdk_am335x_1_0_17/packages/ti/drv/i2c/lib/am335x/a8/release/ti.drv.i2c.aa8fg(I2C_soc.oa8fg) (I2C_v2_FxnTable)
/home/dmitrii/ti/pdk_am335x_1_0_17/packages/ti/drv/i2c/lib/am335x/a8/release/ti.drv.i2c.aa8fg(I2C_v1.oa8fg)
                              /home/dmitrii/ti/pdk_am335x_1_0_17/packages/ti/drv/i2c/lib/am335x/a8/release/ti.drv.i2c.aa8fg(I2C_soc.oa8fg) (I2C_v1_FxnTable)
/home/dmitrii/ti/pdk_am335x_1_0_17/packages/ti/drv/uart/lib/am335x/a8/release/ti.drv.uart.aa8fg(UART_stdio.oa8fg)
                              /home/dmitrii/ti/pdk_am335x_1_0_17/packages/ti/board/lib/bbbAM335x/a8/release/ti.board.aa8fg(bbbAM335x_lld_init.oa8fg) (UART_stdioInit)
/home/dmitrii/ti/pdk_am335x_1_0_17/packages/ti/drv/uart/lib/am335x/a8/release/ti.drv.uart.aa8fg(UART_ascii_utils.oa8fg)
                              /home/dmitrii/ti/pdk_am335x_1_0_17/packages/ti/drv/uart/lib/am335x/a8/release/ti.drv.uart.aa8fg(UART_stdio.oa8fg) (UART_ASCIIUtils_charToDigit)
/home/dmitrii/ti/pdk_am335x_1_0_17/packages/ti/drv/uart/lib/am335x/a8/release/ti.drv.uart.aa8fg(UART_drv.oa8fg)
                              /home/dmitrii/ti/pdk_am335x_1_0_17/packages/ti/drv/uart/lib/am335x/a8/release/ti.drv.uart.aa8fg(UART_stdio.oa8fg) (UART_close)
/home/dmitrii/ti/pdk_am335x_1_0_17/packages/ti/drv/uart/lib/am335x/a8/release/ti.drv.uart.aa8fg(UART_soc.oa8fg)
                              /home/dmitrii/ti/pdk_am335x_1_0_17/packages/ti/drv/uart/lib/am335x/a8/release/ti.drv.uart.aa8fg(UART_drv.oa8fg) (UART_config)
/home/dmitrii/ti/pdk_am335x_1_0_17/packages/ti/drv/uart/lib/am335x/a8/release/ti.drv.uart.aa8fg(UART_v2.oa8fg)
                              /home/dmitrii/ti/pdk_am335x_1_0_17/packages/ti/drv/uart/lib/am335x/a8/release/ti.drv.uart.aa8fg(UART_soc.oa8fg) (UART_v2_FxnTable)
[...]
Memory Configuration

Name             Origin             Length             Attributes
SRAM_LO          0x00000000402f0000 0x0000000000000400 xrw
SRAM_HI          0x00000000402f0400 0x000000000000fc00 xrw
OCMC_SRAM        0x0000000040300000 0x0000000000010000 xrw
DDR2             0x0000000080000000 0x0000000010000000
*default*        0x0000000000000000 0xffffffffffffffff

Linker script and memory map

                0x000000000001c000                STACKSIZE = 0x1c000
                0x0000000000000400                HEAPSIZE = 0x400
LOAD ./main.o
                0x0000000000004000                __TI_STACK_SIZE = 0x4000
                0x0000000000004000                __STACK_SIZE = __TI_STACK_SIZE
                0x0000000000000000                __HEAP_SIZE = 0x0
LOAD /home/dmitrii/ti/ccs930/ccs/workspace/Test_TimerPeriodic/Debug/configPkg/package/cfg/app_pa8fg.oa8fg
LOAD /home/dmitrii/ti/pdk_am335x_1_0_17/packages/ti/fs/fatfs/lib/a8/release/ti.fs.fatfs.aa8fg
LOAD /home/dmitrii/ti/pdk_am335x_1_0_17/packages/ti/board/lib/bbbAM335x/a8/release/ti.board.aa8fg
LOAD /home/dmitrii/ti/pdk_am335x_1_0_17/packages/ti/drv/i2c/lib/am335x/a8/release/ti.drv.i2c.aa8fg
LOAD /home/dmitrii/ti/pdk_am335x_1_0_17/packages/ti/drv/uart/lib/am335x/a8/release/ti.drv.uart.aa8fg
LOAD /home/dmitrii/ti/pdk_am335x_1_0_17/packages/ti/osal/lib/tirtos/am335x/a8/release/ti.osal.aa8fg
LOAD /home/dmitrii/ti/ccs930/ccs/workspace/Test_TimerPeriodic/src/sysbios/sysbios.aa8fg
LOAD /home/dmitrii/ti/pdk_am335x_1_0_17/packages/ti/csl/lib/am335x/a8/release/ti.csl.aa8fg
LOAD /home/dmitrii/ti/bios_6_76_03_01/packages/gnu/targets/arm/rtsv7A/lib/gnu.targets.arm.rtsv7A.aa8fg
LOAD /home/dmitrii/ti/bios_6_76_03_01/packages/gnu/targets/arm/rtsv7A/lib/boot.aa8fg
LOAD /home/dmitrii/ti/bios_6_76_03_01/packages/gnu/targets/arm/rtsv7A/lib/syscalls.aa8fg
                0x0000000000000001                xdc_runtime_Startup__EXECFXN__C = 0x1
                0x0000000000000001                xdc_runtime_Startup__RESETFXN__C = 0x1
                0x0000000000000001                xdc_rov_runtime_Mon__checksum = 0x1
                0x0000000000000001                xdc_rov_runtime_Mon__write = 0x1
                0x0000000048200000                ti_sysbios_family_arm_a8_intcps_Hwi_intc = 0x48200000

.vecs
 *(.vecs)

ti.sysbios.family.arm.a8.mmuTableSection
                0x0000000080000000     0x4000
 *(ti.sysbios.family.arm.a8.mmuTableSection)
 ti.sysbios.family.arm.a8.mmuTableSection
                0x0000000080000000     0x4000 /home/dmitrii/ti/ccs930/ccs/workspace/Test_TimerPeriodic/Debug/configPkg/package/cfg/app_pa8fg.oa8fg
                0x0000000080000000                ti_sysbios_family_arm_a8_Mmu_Module_State_0_tableBuf__A

xdc.meta        0x0000000080004000       0xf5
 *(xdc.meta)
 xdc.meta       0x0000000080004000       0xf5 /home/dmitrii/ti/ccs930/ccs/workspace/Test_TimerPeriodic/Debug/configPkg/package/cfg/app_pa8fg.oa8fg
                0x0000000080004000                __TRDR__
                0x0000000080004028                __TARG__
                0x000000008000404c                __PLAT__
                0x0000000080004074                __ISA__
                0x0000000080004088                __ASM__

.c_int00        0x00000000800040f8       0xb4
 *(.c_int00)
 .c_int00       0x00000000800040f8       0xb4 /home/dmitrii/ti/bios_6_76_03_01/packages/gnu/targets/arm/rtsv7A/lib/boot.aa8fg(boot.oa8fg)
                0x00000000800040f8                _c_int00

.text           0x00000000800041b0    0x102d4
 CREATE_OBJECT_SYMBOLS
 *(.resetVecs)
 *(.text)
 .text          0x00000000800041b0      0x1e4 ./main.o
                0x00000000800041b0                taskFxn
                0x0000000080004284                myTimerFunc
                0x00000000800042e0                main
 .text          0x0000000080004394        0x0 /home/dmitrii/ti/ccs930/ccs/workspace/Test_TimerPeriodic/Debug/configPkg/package/cfg/app_pa8fg.oa8fg
 .text          0x0000000080004394        0x0 /home/dmitrii/ti/pdk_am335x_1_0_17/packages/ti/board/lib/bbbAM335x/a8/release/ti.board.aa8fg(bbbAM335x.oa8fg)
 .text          0x0000000080004394        0x0 /home/dmitrii/ti/pdk_am335x_1_0_17/packages/ti/board/lib/bbbAM335x/a8/release/ti.board.aa8fg(bbbAM335x_lld_init.oa8fg)
 .text          0x0000000080004394        0x0 /home/dmitrii/ti/pdk_am335x_1_0_17/packages/ti/board/lib/bbbAM335x/a8/release/ti.board.aa8fg(bbbAM335x_pinmux.oa8fg)
 .text          0x0000000080004394        0x0 /home/dmitrii/ti/pdk_am335x_1_0_17/packages/ti/board/lib/bbbAM335x/a8/release/ti.board.aa8fg(am335x_chipdb.oa8fg)
 .text          0x0000000080004394        0x0 /home/dmitrii/ti/pdk_am335x_1_0_17/packages/ti/board/lib/bbbAM335x/a8/release/ti.board.aa8fg(am335x_prcm.oa8fg)
 .text          0x0000000080004394        0x0 /home/dmitrii/ti/pdk_am335x_1_0_17/packages/ti/board/lib/bbbAM335x/a8/release/ti.board.aa8fg(hw_am335x_chipdb.oa8fg)
 .text          0x0000000080004394        0x0 /home/dmitrii/ti/pdk_am335x_1_0_17/packages/ti/board/lib/bbbAM335x/a8/release/ti.board.aa8fg(hw_am335x_chipdb_baseaddr.oa8fg)
 .text          0x0000000080004394        0x0 /home/dmitrii/ti/pdk_am335x_1_0_17/packages/ti/board/lib/bbbAM335x/a8/release/ti.board.aa8fg(hw_am335x_chipdb_interrupt.oa8fg)
 .text          0x0000000080004394        0x0 /home/dmitrii/ti/pdk_am335x_1_0_17/packages/ti/board/lib/bbbAM335x/a8/release/ti.board.aa8fg(am335x_beagleboneblack_pinmux_data.oa8fg)
 .text          0x0000000080004394        0x0 /home/dmitrii/ti/pdk_am335x_1_0_17/packages/ti/drv/i2c/lib/am335x/a8/release/ti.drv.i2c.aa8fg(I2C_drv.oa8fg)
 .text          0x0000000080004394        0x0 /home/dmitrii/ti/pdk_am335x_1_0_17/packages/ti/drv/i2c/lib/am335x/a8/release/ti.drv.i2c.aa8fg(I2C_soc.oa8fg)
 .text          0x0000000080004394        0x0 /home/dmitrii/ti/pdk_am335x_1_0_17/packages/ti/drv/i2c/lib/am335x/a8/release/ti.drv.i2c.aa8fg(I2C_v2.oa8fg)
 .text          0x0000000080004394        0x0 /home/dmitrii/ti/pdk_am335x_1_0_17/packages/ti/drv/i2c/lib/am335x/a8/release/ti.drv.i2c.aa8fg(I2C_v1.oa8fg)
 .text          0x0000000080004394        0x0 /home/dmitrii/ti/pdk_am335x_1_0_17/packages/ti/drv/uart/lib/am335x/a8/release/ti.drv.uart.aa8fg(UART_stdio.oa8fg)
 .text          0x0000000080004394        0x0 /home/dmitrii/ti/pdk_am335x_1_0_17/packages/ti/drv/uart/lib/am335x/a8/release/ti.drv.uart.aa8fg(UART_ascii_utils.oa8fg)
 .text          0x0000000080004394        0x0 /home/dmitrii/ti/pdk_am335x_1_0_17/packages/ti/drv/uart/lib/am335x/a8/release/ti.drv.uart.aa8fg(UART_drv.oa8fg)
 .text          0x0000000080004394        0x0 /home/dmitrii/ti/pdk_am335x_1_0_17/packages/ti/drv/uart/lib/am335x/a8/release/ti.drv.uart.aa8fg(UART_soc.oa8fg)
 .text          0x0000000080004394        0x0 /home/dmitrii/ti/pdk_am335x_1_0_17/packages/ti/drv/uart/lib/am335x/a8/release/ti.drv.uart.aa8fg(UART_v2.oa8fg)
 .text          0x0000000080004394        0x0 /home/dmitrii/ti/pdk_am335x_1_0_17/packages/ti/drv/uart/lib/am335x/a8/release/ti.drv.uart.aa8fg(UART_v1.oa8fg)
 .text          0x0000000080004394        0x0 /home/dmitrii/ti/pdk_am335x_1_0_17/packages/ti/osal/lib/tirtos/am335x/a8/release/ti.osal.aa8fg(SemaphoreP_tirtos.oa8fg)
 .text          0x0000000080004394        0x0 /home/dmitrii/ti/pdk_am335x_1_0_17/packages/ti/osal/lib/tirtos/am335x/a8/release/ti.osal.aa8fg(HwiP_tirtos.oa8fg)
 .text          0x0000000080004394        0x0 /home/dmitrii/ti/pdk_am335x_1_0_17/packages/ti/osal/lib/tirtos/am335x/a8/release/ti.osal.aa8fg(Utils_tirtos.oa8fg)
 .text          0x0000000080004394        0x0 /home/dmitrii/ti/pdk_am335x_1_0_17/packages/ti/osal/lib/tirtos/am335x/a8/release/ti.osal.aa8fg(RegisterIntr_tirtos.oa8fg)
 *fill*         0x0000000080004394        0xc 
 .text          0x00000000800043a0        0x0 /home/dmitrii/ti/ccs930/ccs/workspace/Test_TimerPeriodic/src/sysbios/sysbios.aa8fg(arm_TaskSupport_asm_gnu.o)
 .text          0x00000000800043a0        0x0 /home/dmitrii/ti/ccs930/ccs/workspace/Test_TimerPeriodic/src/sysbios/sysbios.aa8fg(a8_Cache_asm_gnu.o)
 .text          0x00000000800043a0        0x0 /home/dmitrii/ti/ccs930/ccs/workspace/Test_TimerPeriodic/src/sysbios/sysbios.aa8fg(a8_TimestampProvider_asm_gnu.o)
 .text          0x00000000800043a0        0x0 /home/dmitrii/ti/ccs930/ccs/workspace/Test_TimerPeriodic/src/sysbios/sysbios.aa8fg(intcps_Hwi_asm_gnu.o)
 .text          0x00000000800043a0        0x0 /home/dmitrii/ti/ccs930/ccs/workspace/Test_TimerPeriodic/src/sysbios/sysbios.aa8fg(exc_Exception_asm_gnu.o)
 .text          0x00000000800043a0        0x0 /home/dmitrii/ti/ccs930/ccs/workspace/Test_TimerPeriodic/src/sysbios/sysbios.aa8fg(_BIOS.o)
 .text          0x00000000800043a0        0x0 /home/dmitrii/ti/ccs930/ccs/workspace/Test_TimerPeriodic/src/sysbios/sysbios.aa8fg(arm_IntrinsicsSupport.o)
 .text          0x00000000800043a0        0x0 /home/dmitrii/ti/ccs930/ccs/workspace/Test_TimerPeriodic/src/sysbios/sysbios.aa8fg(arm_TaskSupport.o)
 .text          0x00000000800043a0        0x0 /home/dmitrii/ti/ccs930/ccs/workspace/Test_TimerPeriodic/src/sysbios/sysbios.aa8fg(knl_Clock.o)
 .text          0x00000000800043a0        0x0 /home/dmitrii/ti/ccs930/ccs/workspace/Test_TimerPeriodic/src/sysbios/sysbios.aa8fg(knl_Idle.o)
 .text          0x00000000800043a0        0x0 /home/dmitrii/ti/ccs930/ccs/workspace/Test_TimerPeriodic/src/sysbios/sysbios.aa8fg(knl_Queue.o)
 .text          0x00000000800043a0        0x0 /home/dmitrii/ti/ccs930/ccs/workspace/Test_TimerPeriodic/src/sysbios/sysbios.aa8fg(knl_Semaphore.o)
 .text          0x00000000800043a0        0x0 /home/dmitrii/ti/ccs930/ccs/workspace/Test_TimerPeriodic/src/sysbios/sysbios.aa8fg(knl_Swi.o)
 .text          0x00000000800043a0        0x0 /home/dmitrii/ti/ccs930/ccs/workspace/Test_TimerPeriodic/src/sysbios/sysbios.aa8fg(knl_Task.o)
 .text          0x00000000800043a0        0x0 /home/dmitrii/ti/ccs930/ccs/workspace/Test_TimerPeriodic/src/sysbios/sysbios.aa8fg(hal_Core.o)
 .text          0x00000000800043a0        0x0 /home/dmitrii/ti/ccs930/ccs/workspace/Test_TimerPeriodic/src/sysbios/sysbios.aa8fg(hal_CoreNull.o)
 .text          0x00000000800043a0        0x0 /home/dmitrii/ti/ccs930/ccs/workspace/Test_TimerPeriodic/src/sysbios/sysbios.aa8fg(hal_Hwi.o)
 .text          0x00000000800043a0        0x0 /home/dmitrii/ti/ccs930/ccs/workspace/Test_TimerPeriodic/src/sysbios/sysbios.aa8fg(hal_Hwi_stack.o)
 .text          0x00000000800043a0        0x0 /home/dmitrii/ti/ccs930/ccs/workspace/Test_TimerPeriodic/src/sysbios/sysbios.aa8fg(hal_Hwi_startup.o)
 .text          0x00000000800043a0        0x0 /home/dmitrii/ti/ccs930/ccs/workspace/Test_TimerPeriodic/src/sysbios/sysbios.aa8fg(hal_Timer.o)
 .text          0x00000000800043a0        0x0 /home/dmitrii/ti/ccs930/ccs/workspace/Test_TimerPeriodic/src/sysbios/sysbios.aa8fg(hal_TimerNull.o)
 .text          0x00000000800043a0        0x0 /home/dmitrii/ti/ccs930/ccs/workspace/Test_TimerPeriodic/src/sysbios/sysbios.aa8fg(gnu_ReentSupport.o)
 .text          0x00000000800043a0        0x0 /home/dmitrii/ti/ccs930/ccs/workspace/Test_TimerPeriodic/src/sysbios/sysbios.aa8fg(gnu_SemiHostSupport.o)
 .text          0x00000000800043a0        0x0 /home/dmitrii/ti/ccs930/ccs/workspace/Test_TimerPeriodic/src/sysbios/sysbios.aa8fg(a8_Cache.o)
 .text          0x00000000800043a0        0x0 /home/dmitrii/ti/ccs930/ccs/workspace/Test_TimerPeriodic/src/sysbios/sysbios.aa8fg(a8_Mmu.o)
 .text          0x00000000800043a0        0x0 /home/dmitrii/ti/ccs930/ccs/workspace/Test_TimerPeriodic/src/sysbios/sysbios.aa8fg(a8_TimestampProvider.o)
 .text          0x00000000800043a0        0x0 /home/dmitrii/ti/ccs930/ccs/workspace/Test_TimerPeriodic/src/sysbios/sysbios.aa8fg(intcps_Hwi.o)
 .text          0x00000000800043a0        0x0 /home/dmitrii/ti/ccs930/ccs/workspace/Test_TimerPeriodic/src/sysbios/sysbios.aa8fg(exc_Exception.o)
 .text          0x00000000800043a0        0x0 /home/dmitrii/ti/ccs930/ccs/workspace/Test_TimerPeriodic/src/sysbios/sysbios.aa8fg(gates_GateHwi.o)
 .text          0x00000000800043a0        0x0 /home/dmitrii/ti/ccs930/ccs/workspace/Test_TimerPeriodic/src/sysbios/sysbios.aa8fg(gates_GateMutex.o)
 .text          0x00000000800043a0        0x0 /home/dmitrii/ti/ccs930/ccs/workspace/Test_TimerPeriodic/src/sysbios/sysbios.aa8fg(heaps_HeapMem.o)
 .text          0x00000000800043a0        0x0 /home/dmitrii/ti/ccs930/ccs/workspace/Test_TimerPeriodic/src/sysbios/sysbios.aa8fg(dmtimer_Timer.o)
 .text          0x00000000800043a0        0x0 /home/dmitrii/ti/ccs930/ccs/workspace/Test_TimerPeriodic/src/sysbios/sysbios.aa8fg(ti81xx_TimerSupport.o)
 .text          0x00000000800043a0        0x0 /home/dmitrii/ti/ccs930/ccs/workspace/Test_TimerPeriodic/src/sysbios/sysbios.aa8fg(arm_IntrinsicsSupport_asm_gnu.o)
 .text          0x00000000800043a0        0x0 /home/dmitrii/ti/ccs930/ccs/workspace/Test_TimerPeriodic/src/sysbios/sysbios.aa8fg(a8_Mmu_asm_gnu.o)
 .text          0x00000000800043a0        0xc /home/dmitrii/ti/ccs930/ccs/workspace/Test_TimerPeriodic/src/sysbios/sysbios.aa8fg(dmtimer_Timer_asm_gnu.o)
                0x00000000800043a0                ti_sysbios_timers_dmtimer_Timer_spinLoop(int0_t)
 .text          0x00000000800043ac        0x0 /home/dmitrii/ti/pdk_am335x_1_0_17/packages/ti/csl/lib/am335x/a8/release/ti.csl.aa8fg(gpio_v2.oa8fg)
 .text          0x00000000800043ac        0x0 /home/dmitrii/ti/pdk_am335x_1_0_17/packages/ti/csl/lib/am335x/a8/release/ti.csl.aa8fg(i2c.oa8fg)
 .text          0x00000000800043ac        0x0 /home/dmitrii/ti/pdk_am335x_1_0_17/packages/ti/csl/lib/am335x/a8/release/ti.csl.aa8fg(uart.oa8fg)
 .text          0x00000000800043ac        0x0 /home/dmitrii/ti/bios_6_76_03_01/packages/gnu/targets/arm/rtsv7A/lib/gnu.targets.arm.rtsv7A.aa8fg(Assert.oa8fg)
 .text          0x00000000800043ac        0x0 /home/dmitrii/ti/bios_6_76_03_01/packages/gnu/targets/arm/rtsv7A/lib/gnu.targets.arm.rtsv7A.aa8fg(Core-mem.oa8fg)
 .text          0x00000000800043ac        0x0 /home/dmitrii/ti/bios_6_76_03_01/packages/gnu/targets/arm/rtsv7A/lib/gnu.targets.arm.rtsv7A.aa8fg(Core-smem.oa8fg)
 .text          0x00000000800043ac        0x0 /home/dmitrii/ti/bios_6_76_03_01/packages/gnu/targets/arm/rtsv7A/lib/gnu.targets.arm.rtsv7A.aa8fg(Core-label.oa8fg)
 .text          0x00000000800043ac        0x0 /home/dmitrii/ti/bios_6_76_03_01/packages/gnu/targets/arm/rtsv7A/lib/gnu.targets.arm.rtsv7A.aa8fg(Core-params.oa8fg)
 .text          0x00000000800043ac        0x0 /home/dmitrii/ti/bios_6_76_03_01/packages/gnu/targets/arm/rtsv7A/lib/gnu.targets.arm.rtsv7A.aa8fg(Error.oa8fg)
 .text          0x00000000800043ac        0x0 /home/dmitrii/ti/bios_6_76_03_01/packages/gnu/targets/arm/rtsv7A/lib/gnu.targets.arm.rtsv7A.aa8fg(Gate.oa8fg)
 .text          0x00000000800043ac        0x0 /home/dmitrii/ti/bios_6_76_03_01/packages/gnu/targets/arm/rtsv7A/lib/gnu.targets.arm.rtsv7A.aa8fg(LoggerBuf.oa8fg)
 .text          0x00000000800043ac        0x0 /home/dmitrii/ti/bios_6_76_03_01/packages/gnu/targets/arm/rtsv7A/lib/gnu.targets.arm.rtsv7A.aa8fg(Memory.oa8fg)
 .text          0x00000000800043ac        0x0 /home/dmitrii/ti/bios_6_76_03_01/packages/gnu/targets/arm/rtsv7A/lib/gnu.targets.arm.rtsv7A.aa8fg(Startup.oa8fg)
 .text          0x00000000800043ac        0x0 /home/dmitrii/ti/bios_6_76_03_01/packages/gnu/targets/arm/rtsv7A/lib/gnu.targets.arm.rtsv7A.aa8fg(System.oa8fg)
 .text          0x00000000800043ac        0x0 /home/dmitrii/ti/bios_6_76_03_01/packages/gnu/targets/arm/rtsv7A/lib/gnu.targets.arm.rtsv7A.aa8fg(SysMin.oa8fg)
 .text          0x00000000800043ac        0x0 /home/dmitrii/ti/bios_6_76_03_01/packages/gnu/targets/arm/rtsv7A/lib/gnu.targets.arm.rtsv7A.aa8fg(Text.oa8fg)
 .text          0x00000000800043ac        0x0 /home/dmitrii/ti/bios_6_76_03_01/packages/gnu/targets/arm/rtsv7A/lib/gnu.targets.arm.rtsv7A.aa8fg(Timestamp.oa8fg)
 .text          0x00000000800043ac        0x0 /home/dmitrii/ti/bios_6_76_03_01/packages/gnu/targets/arm/rtsv7A/lib/gnu.targets.arm.rtsv7A.aa8fg(TimestampNull.oa8fg)
 .text          0x00000000800043ac        0x0 /home/dmitrii/ti/bios_6_76_03_01/packages/gnu/targets/arm/rtsv7A/lib/gnu.targets.arm.rtsv7A.aa8fg(xdc_noinit.oa8fg)
 .text          0x00000000800043ac        0x0 /home/dmitrii/ti/bios_6_76_03_01/packages/gnu/targets/arm/rtsv7A/lib/gnu.targets.arm.rtsv7A.aa8fg(Log.oa8fg)
 .text          0x00000000800043ac        0x0 /home/dmitrii/ti/bios_6_76_03_01/packages/gnu/targets/arm/rtsv7A/lib/gnu.targets.arm.rtsv7A.aa8fg(Registry.oa8fg)
 .text          0x00000000800043ac        0x0 /home/dmitrii/ti/bios_6_76_03_01/packages/gnu/targets/arm/rtsv7A/lib/boot.aa8fg(boot.oa8fg)
 .text          0x00000000800043ac        0x0 /home/dmitrii/ti/bios_6_76_03_01/packages/gnu/targets/arm/rtsv7A/lib/boot.aa8fg(startup.oa8fg)
 .text          0x00000000800043ac        0x0 /home/dmitrii/ti/bios_6_76_03_01/packages/gnu/targets/arm/rtsv7A/lib/syscalls.aa8fg(syscalls.oa8fg)
 .text          0x00000000800043ac      0x114 /home/dmitrii/ti/ccs930/ccs/tools/compiler/gcc-arm-none-eabi-7-2017-q4-major/bin/../lib/gcc/arm-none-eabi/7.2.1/hard/libgcc.a(_udivsi3.o)
                0x00000000800043ac                __udivsi3
                0x00000000800043ac                __aeabi_uidiv
                0x00000000800044a0                __aeabi_uidivmod
 .text          0x00000000800044c0        0x4 /home/dmitrii/ti/ccs930/ccs/tools/compiler/gcc-arm-none-eabi-7-2017-q4-major/bin/../lib/gcc/arm-none-eabi/7.2.1/hard/libgcc.a(_dvmd_tls.o)
                0x00000000800044c0                __aeabi_ldiv0
                0x00000000800044c0                __aeabi_idiv0
 .text          0x00000000800044c4       0xd4 /home/dmitrii/ti/ccs930/ccs/tools/compiler/gcc-arm-none-eabi-7-2017-q4-major/bin/../lib/gcc/arm-none-eabi/7.2.1/hard/libgcc.a(_aeabi_ldivmod.o)
                0x00000000800044c4                __aeabi_ldivmod
 .text          0x0000000080004598       0x3c /home/dmitrii/ti/ccs930/ccs/tools/compiler/gcc-arm-none-eabi-7-2017-q4-major/bin/../lib/gcc/arm-none-eabi/7.2.1/hard/libgcc.a(_aeabi_uldivmod.o)
                0x0000000080004598                __aeabi_uldivmod
 .text          0x00000000800045d4      0x16c /home/dmitrii/ti/ccs930/ccs/tools/compiler/gcc-arm-none-eabi-7-2017-q4-major/bin/../lib/gcc/arm-none-eabi/7.2.1/hard/libgcc.a(_udivmoddi4.o)
                0x00000000800045d4                __udivmoddi4
 .text          0x0000000080004740       0x28 /home/dmitrii/ti/ccs930/ccs/tools/compiler/gcc-arm-none-eabi-7-2017-q4-major/bin/../lib/gcc/arm-none-eabi/7.2.1/hard/libgcc.a(_clzdi2.o)
                0x0000000080004740                __clzdi2
 .text          0x0000000080004768       0x48 /home/dmitrii/ti/ccs930/ccs/tools/compiler/gcc-arm-none-eabi-7-2017-q4-major/bin/../lib/gcc/arm-none-eabi/7.2.1/hard/libgcc.a(_clzsi2.o)
                0x0000000080004768                __clzsi2
 .text          0x00000000800047b0        0x0 /home/dmitrii/ti/bios_6_76_03_01/packages/gnu/targets/arm/libs/install-native/arm-none-eabi/lib/hard/librdimon_nano.a(rdimon-syscalls.o)
 .text          0x00000000800047b0        0x0 /home/dmitrii/ti/bios_6_76_03_01/packages/gnu/targets/arm/libs/install-native/arm-none-eabi/lib/hard/libc_nano.a(lib_a-abort.o)
 .text          0x00000000800047b0        0x0 /home/dmitrii/ti/bios_6_76_03_01/packages/gnu/targets/arm/libs/install-native/arm-none-eabi/lib/hard/libc_nano.a(lib_a-errno.o)
 .text          0x00000000800047b0        0x0 /home/dmitrii/ti/bios_6_76_03_01/packages/gnu/targets/arm/libs/install-native/arm-none-eabi/lib/hard/libc_nano.a(lib_a-exit.o)
 .text          0x00000000800047b0        0x0 /home/dmitrii/ti/bios_6_76_03_01/packages/gnu/targets/arm/libs/install-native/arm-none-eabi/lib/hard/libc_nano.a(lib_a-fclose.o)
 .text          0x00000000800047b0        0x0 /home/dmitrii/ti/bios_6_76_03_01/packages/gnu/targets/arm/libs/install-native/arm-none-eabi/lib/hard/libc_nano.a(lib_a-fflush.o)
 .text          0x00000000800047b0        0x0 /home/dmitrii/ti/bios_6_76_03_01/packages/gnu/targets/arm/libs/install-native/arm-none-eabi/lib/hard/libc_nano.a(lib_a-findfp.o)
 .text          0x00000000800047b0        0x0 /home/dmitrii/ti/bios_6_76_03_01/packages/gnu/targets/arm/libs/install-native/arm-none-eabi/lib/hard/libc_nano.a(lib_a-fwalk.o)
 .text          0x00000000800047b0        0x0 /home/dmitrii/ti/bios_6_76_03_01/packages/gnu/targets/arm/libs/install-native/arm-none-eabi/lib/hard/libc_nano.a(lib_a-impure.o)
 .text          0x00000000800047b0        0x0 /home/dmitrii/ti/bios_6_76_03_01/packages/gnu/targets/arm/libs/install-native/arm-none-eabi/lib/hard/libc_nano.a(lib_a-memcpy-stub.o)
 .text          0x00000000800047b0        0x0 /home/dmitrii/ti/bios_6_76_03_01/packages/gnu/targets/arm/libs/install-native/arm-none-eabi/lib/hard/libc_nano.a(lib_a-memset.o)
 .text          0x00000000800047b0        0x0 /home/dmitrii/ti/bios_6_76_03_01/packages/gnu/targets/arm/libs/install-native/arm-none-eabi/lib/hard/libc_nano.a(lib_a-reent.o)
 .text          0x00000000800047b0        0x0 /home/dmitrii/ti/bios_6_76_03_01/packages/gnu/targets/arm/libs/install-native/arm-none-eabi/lib/hard/libc_nano.a(lib_a-signal.o)
 .text          0x00000000800047b0        0x0 /home/dmitrii/ti/bios_6_76_03_01/packages/gnu/targets/arm/libs/install-native/arm-none-eabi/lib/hard/libc_nano.a(lib_a-signalr.o)
 .text          0x00000000800047b0        0x0 /home/dmitrii/ti/bios_6_76_03_01/packages/gnu/targets/arm/libs/install-native/arm-none-eabi/lib/hard/libc_nano.a(lib_a-stdio.o)
 .text          0x00000000800047b0       0x1c /home/dmitrii/ti/bios_6_76_03_01/packages/gnu/targets/arm/libs/install-native/arm-none-eabi/lib/hard/libc_nano.a(lib_a-strcmp.o)
                0x00000000800047b0                strcmp
 .text          0x00000000800047cc        0xe /home/dmitrii/ti/bios_6_76_03_01/packages/gnu/targets/arm/libs/install-native/arm-none-eabi/lib/hard/libc_nano.a(lib_a-strlen.o)
                0x00000000800047cc                strlen
 .text          0x00000000800047da        0x0 /home/dmitrii/ti/bios_6_76_03_01/packages/gnu/targets/arm/libs/install-native/arm-none-eabi/lib/hard/libc_nano.a(lib_a-tirtos_validate.o)
 .text          0x00000000800047da        0x0 /home/dmitrii/ti/bios_6_76_03_01/packages/gnu/targets/arm/libs/install-native/arm-none-eabi/lib/hard/libc_nano.a(lib_a-writer.o)
 .text          0x00000000800047da        0x0 /home/dmitrii/ti/bios_6_76_03_01/packages/gnu/targets/arm/libs/install-native/arm-none-eabi/lib/hard/libc_nano.a(lib_a-closer.o)
 .text          0x00000000800047da        0x0 /home/dmitrii/ti/bios_6_76_03_01/packages/gnu/targets/arm/libs/install-native/arm-none-eabi/lib/hard/libc_nano.a(lib_a-lseekr.o)
 .text          0x00000000800047da        0x0 /home/dmitrii/ti/bios_6_76_03_01/packages/gnu/targets/arm/libs/install-native/arm-none-eabi/lib/hard/libc_nano.a(lib_a-readr.o)
 .text          0x00000000800047da        0x0 /home/dmitrii/ti/bios_6_76_03_01/packages/gnu/targets/arm/libs/install-native/arm-none-eabi/lib/hard/librdimon_nano.a(rdimon-_kill.o)
 *(.text.*)
 *fill*         0x00000000800047da        0x2 
 .text.xdc_runtime_Text_visitRope__I
                0x00000000800047dc        0xc /home/dmitrii/ti/ccs930/ccs/workspace/Test_TimerPeriodic/Debug/configPkg/package/cfg/app_pa8fg.oa8fg
                0x00000000800047dc                xdc_runtime_Text_visitRope(int0_t)
 .text.SVC_Handler
                0x00000000800047e8        0x4 /home/dmitrii/ti/ccs930/ccs/workspace/Test_TimerPeriodic/Debug/configPkg/package/cfg/app_pa8fg.oa8fg
                0x00000000800047e8                SVC_Handler
 .text.xdc_runtime_LoggerBuf_Handle__label__S
                0x00000000800047ec       0x28 /home/dmitrii/ti/ccs930/ccs/workspace/Test_TimerPeriodic/Debug/configPkg/package/cfg/app_pa8fg.oa8fg
                0x00000000800047ec                xdc_runtime_LoggerBuf_Handle__label(void) static
 .text.xdc_runtime_Startup_exec__I
                0x0000000080004814       0x1c /home/dmitrii/ti/ccs930/ccs/workspace/Test_TimerPeriodic/Debug/configPkg/package/cfg/app_pa8fg.oa8fg
                0x0000000080004814                xdc_runtime_Startup_exec(int0_t)
 .text.xdc_runtime_System_printfExtend__I
                0x0000000080004830      0x178 /home/dmitrii/ti/ccs930/ccs/workspace/Test_TimerPeriodic/Debug/configPkg/package/cfg/app_pa8fg.oa8fg
                0x0000000080004830                xdc_runtime_System_printfExtend(int0_t)
 .text.xdc_runtime_SysMin_output__I
                0x00000000800049a8       0x4c /home/dmitrii/ti/ccs930/ccs/workspace/Test_TimerPeriodic/Debug/configPkg/package/cfg/app_pa8fg.oa8fg
                0x00000000800049a8                xdc_runtime_SysMin_output(int0_t)
 .text.ti_sysbios_BIOS_startFunc__I
                0x00000000800049f4       0x34 /home/dmitrii/ti/ccs930/ccs/workspace/Test_TimerPeriodic/Debug/configPkg/package/cfg/app_pa8fg.oa8fg
                0x00000000800049f4                ti_sysbios_BIOS_startFunc(int0_t)
 .text.ti_sysbios_BIOS_atExitFunc__I
                0x0000000080004a28       0x18 /home/dmitrii/ti/ccs930/ccs/workspace/Test_TimerPeriodic/Debug/configPkg/package/cfg/app_pa8fg.oa8fg
                0x0000000080004a28                ti_sysbios_BIOS_atExitFunc(int0_t)
 .text.ti_sysbios_BIOS_errorRaiseHook__I
                0x0000000080004a40       0x14 /home/dmitrii/ti/ccs930/ccs/workspace/Test_TimerPeriodic/Debug/configPkg/package/cfg/app_pa8fg.oa8fg
                0x0000000080004a40                ti_sysbios_BIOS_errorRaiseHook(int0_t)
 .text.ti_sysbios_BIOS_exitFunc__I
                0x0000000080004a54       0x1c /home/dmitrii/ti/ccs930/ccs/workspace/Test_TimerPeriodic/Debug/configPkg/package/cfg/app_pa8fg.oa8fg
                0x0000000080004a54                ti_sysbios_BIOS_exitFunc(int0_t)
 .text.ti_sysbios_rts_MemAlloc_alloc
                0x0000000080004a70       0x54 /home/dmitrii/ti/ccs930/ccs/workspace/Test_TimerPeriodic/Debug/configPkg/package/cfg/app_pa8fg.oa8fg
 .text.ti_sysbios_gates_GateHwi_Object__delete__S
                0x0000000080004ac4       0x38 /home/dmitrii/ti/ccs930/ccs/workspace/Test_TimerPeriodic/Debug/configPkg/package/cfg/app_pa8fg.oa8fg
                0x0000000080004ac4                ti_sysbios_gates_GateHwi_Object__delete(void) static
 .text.ti_sysbios_gates_GateMutex_Object__delete__S
                0x0000000080004afc       0x3c /home/dmitrii/ti/ccs930/ccs/workspace/Test_TimerPeriodic/Debug/configPkg/package/cfg/app_pa8fg.oa8fg
                0x0000000080004afc                ti_sysbios_gates_GateMutex_Object__delete(void) static
 .text.ti_sysbios_heaps_HeapMem_Object__delete__S
                0x0000000080004b38       0x38 /home/dmitrii/ti/ccs930/ccs/workspace/Test_TimerPeriodic/Debug/configPkg/package/cfg/app_pa8fg.oa8fg
                0x0000000080004b38                ti_sysbios_heaps_HeapMem_Object__delete(void) static
 .text.xdc_runtime_LoggerBuf_Object__delete__S
                0x0000000080004b70       0x3c /home/dmitrii/ti/ccs930/ccs/workspace/Test_TimerPeriodic/Debug/configPkg/package/cfg/app_pa8fg.oa8fg
                0x0000000080004b70                xdc_runtime_LoggerBuf_Object__delete(void) static
 .text.ti_sysbios_gates_GateHwi_Object__create__S
                0x0000000080004bac       0x48 /home/dmitrii/ti/ccs930/ccs/workspace/Test_TimerPeriodic/Debug/configPkg/package/cfg/app_pa8fg.oa8fg
                0x0000000080004bac                ti_sysbios_gates_GateHwi_Object__create(void) static
 .text.ti_sysbios_gates_GateMutex_Object__create__S
                0x0000000080004bf4       0x48 /home/dmitrii/ti/ccs930/ccs/workspace/Test_TimerPeriodic/Debug/configPkg/package/cfg/app_pa8fg.oa8fg
                0x0000000080004bf4                ti_sysbios_gates_GateMutex_Object__create(void) static
 .text.ti_sysbios_heaps_HeapMem_Object__create__S
                0x0000000080004c3c       0x48 /home/dmitrii/ti/ccs930/ccs/workspace/Test_TimerPeriodic/Debug/configPkg/package/cfg/app_pa8fg.oa8fg
                0x0000000080004c3c                ti_sysbios_heaps_HeapMem_Object__create(void) static
 .text.xdc_runtime_LoggerBuf_Object__create__S
                0x0000000080004c84       0x80 /home/dmitrii/ti/ccs930/ccs/workspace/Test_TimerPeriodic/Debug/configPkg/package/cfg/app_pa8fg.oa8fg
                0x0000000080004c84                xdc_runtime_LoggerBuf_Object__create(void) static
 .text.free.part.0
                0x0000000080004d04       0x1c /home/dmitrii/ti/ccs930/ccs/workspace/Test_TimerPeriodic/Debug/configPkg/package/cfg/app_pa8fg.oa8fg
 .text.ti_sysbios_gates_GateHwi_Handle__label__S
                0x0000000080004d20       0x28 /home/dmitrii/ti/ccs930/ccs/workspace/Test_TimerPeriodic/Debug/configPkg/package/cfg/app_pa8fg.oa8fg
                0x0000000080004d20                ti_sysbios_gates_GateHwi_Handle__label(void) static
 .text.ti_sysbios_gates_GateMutex_Handle__label__S
                0x0000000080004d48       0x28 /home/dmitrii/ti/ccs930/ccs/workspace/Test_TimerPeriodic/Debug/configPkg/package/cfg/app_pa8fg.oa8fg
                0x0000000080004d48                ti_sysbios_gates_GateMutex_Handle__label(void) static
 .text.ti_sysbios_heaps_HeapMem_Handle__label__S
                0x0000000080004d70       0x28 /home/dmitrii/ti/ccs930/ccs/workspace/Test_TimerPeriodic/Debug/configPkg/package/cfg/app_pa8fg.oa8fg
                0x0000000080004d70                ti_sysbios_heaps_HeapMem_Handle__label(void) static
 .text.xdc_runtime_Startup_reset__I
                0x0000000080004d98        0x4 /home/dmitrii/ti/ccs930/ccs/workspace/Test_TimerPeriodic/Debug/configPkg/package/cfg/app_pa8fg.oa8fg
                0x0000000080004d98                xdc_runtime_Startup_reset(int0_t)
 .text.__getreent
                0x0000000080004d9c       0x28 /home/dmitrii/ti/ccs930/ccs/workspace/Test_TimerPeriodic/Debug/configPkg/package/cfg/app_pa8fg.oa8fg
                0x0000000080004d9c                __getreent
 .text.__libc_lock_release_recursive
                0x0000000080004dc4       0x1c /home/dmitrii/ti/ccs930/ccs/workspace/Test_TimerPeriodic/Debug/configPkg/package/cfg/app_pa8fg.oa8fg
                0x0000000080004dc4                __libc_lock_release_recursive
 .text.__libc_lock_close_recursive
                0x0000000080004de0       0x48 /home/dmitrii/ti/ccs930/ccs/workspace/Test_TimerPeriodic/Debug/configPkg/package/cfg/app_pa8fg.oa8fg
                0x0000000080004de0                __libc_lock_close_recursive
 .text.ti_sysbios_family_arm_a8_Mmu_initTableBuf__I
                0x0000000080004e28     0x1054 /home/dmitrii/ti/ccs930/ccs/workspace/Test_TimerPeriodic/Debug/configPkg/package/cfg/app_pa8fg.oa8fg
                0x0000000080004e28                ti_sysbios_family_arm_a8_Mmu_initTableBuf(int0_t)
 .text._malloc_r
                0x0000000080005e7c        0x8 /home/dmitrii/ti/ccs930/ccs/workspace/Test_TimerPeriodic/Debug/configPkg/package/cfg/app_pa8fg.oa8fg
                0x0000000080005e7c                _malloc_r
 .text._free_r  0x0000000080005e84        0xc /home/dmitrii/ti/ccs930/ccs/workspace/Test_TimerPeriodic/Debug/configPkg/package/cfg/app_pa8fg.oa8fg
                0x0000000080005e84                _free_r
 .text.xdc_runtime_System_printf__E
                0x0000000080005e90       0x2c /home/dmitrii/ti/ccs930/ccs/workspace/Test_TimerPeriodic/Debug/configPkg/package/cfg/app_pa8fg.oa8fg
                0x0000000080005e90                xdc_runtime_System_printf__E
 .text.ti_sysbios_hal_Hwi_HwiProxy_delete
                0x0000000080005ebc       0x3c /home/dmitrii/ti/ccs930/ccs/workspace/Test_TimerPeriodic/Debug/configPkg/package/cfg/app_pa8fg.oa8fg
                0x0000000080005ebc                ti_sysbios_hal_Hwi_HwiProxy_delete
 .text.ti_sysbios_hal_Hwi_HwiProxy_getStackInfo__E
                0x0000000080005ef8        0x4 /home/dmitrii/ti/ccs930/ccs/workspace/Test_TimerPeriodic/Debug/configPkg/package/cfg/app_pa8fg.oa8fg
                0x0000000080005ef8                ti_sysbios_hal_Hwi_HwiProxy_getStackInfo__E
 .text.ti_sysbios_hal_Hwi_HwiProxy_startup__E
                0x0000000080005efc        0x4 /home/dmitrii/ti/ccs930/ccs/workspace/Test_TimerPeriodic/Debug/configPkg/package/cfg/app_pa8fg.oa8fg
                0x0000000080005efc                ti_sysbios_hal_Hwi_HwiProxy_startup__E
 .text.ti_sysbios_hal_Hwi_HwiProxy_switchFromBootStack__E
                0x0000000080005f00        0x4 /home/dmitrii/ti/ccs930/ccs/workspace/Test_TimerPeriodic/Debug/configPkg/package/cfg/app_pa8fg.oa8fg
                0x0000000080005f00                ti_sysbios_hal_Hwi_HwiProxy_switchFromBootStack__E
 .text.ti_sysbios_hal_Hwi_HwiProxy_disableInterrupt__E
                0x0000000080005f04        0x4 /home/dmitrii/ti/ccs930/ccs/workspace/Test_TimerPeriodic/Debug/configPkg/package/cfg/app_pa8fg.oa8fg
                0x0000000080005f04                ti_sysbios_hal_Hwi_HwiProxy_disableInterrupt__E
 .text.ti_sysbios_hal_Hwi_HwiProxy_enableInterrupt__E
                0x0000000080005f08        0x4 /home/dmitrii/ti/ccs930/ccs/workspace/Test_TimerPeriodic/Debug/configPkg/package/cfg/app_pa8fg.oa8fg
                0x0000000080005f08                ti_sysbios_hal_Hwi_HwiProxy_enableInterrupt__E
 .text.ti_sysbios_hal_Hwi_HwiProxy_clearInterrupt__E
                0x0000000080005f0c        0x4 /home/dmitrii/ti/ccs930/ccs/workspace/Test_TimerPeriodic/Debug/configPkg/package/cfg/app_pa8fg.oa8fg
                0x0000000080005f0c                ti_sysbios_hal_Hwi_HwiProxy_clearInterrupt__E
 .text.ti_sysbios_hal_Timer_TimerProxy_Module__startupDone__S
                0x0000000080005f10       0x20 /home/dmitrii/ti/ccs930/ccs/workspace/Test_TimerPeriodic/Debug/configPkg/package/cfg/app_pa8fg.oa8fg
                0x0000000080005f10                ti_sysbios_hal_Timer_TimerProxy_Module__startupDone(void) static
 .text.ti_sysbios_hal_Timer_TimerProxy_delete
                0x0000000080005f30       0x3c /home/dmitrii/ti/ccs930/ccs/workspace/Test_TimerPeriodic/Debug/configPkg/package/cfg/app_pa8fg.oa8fg
                0x0000000080005f30                ti_sysbios_hal_Timer_TimerProxy_delete
 .text.ti_sysbios_hal_Timer_TimerProxy_start__E
                0x0000000080005f6c        0x4 /home/dmitrii/ti/ccs930/ccs/workspace/Test_TimerPeriodic/Debug/configPkg/package/cfg/app_pa8fg.oa8fg
                0x0000000080005f6c                ti_sysbios_hal_Timer_TimerProxy_start__E
 .text.ti_sysbios_heaps_HeapMem_Module_GateProxy_query__E
                0x0000000080005f70        0x4 /home/dmitrii/ti/ccs930/ccs/workspace/Test_TimerPeriodic/Debug/configPkg/package/cfg/app_pa8fg.oa8fg
                0x0000000080005f70                ti_sysbios_heaps_HeapMem_Module_GateProxy_query__E
 .text.ti_sysbios_heaps_HeapMem_Module_GateProxy_enter__E
                0x0000000080005f74        0x4 /home/dmitrii/ti/ccs930/ccs/workspace/Test_TimerPeriodic/Debug/configPkg/package/cfg/app_pa8fg.oa8fg
                0x0000000080005f74                ti_sysbios_heaps_HeapMem_Module_GateProxy_enter__E
 .text.ti_sysbios_heaps_HeapMem_Module_GateProxy_leave__E
                0x0000000080005f78        0x4 /home/dmitrii/ti/ccs930/ccs/workspace/Test_TimerPeriodic/Debug/configPkg/package/cfg/app_pa8fg.oa8fg
                0x0000000080005f78                ti_sysbios_heaps_HeapMem_Module_GateProxy_leave__E
 .text.ti_sysbios_knl_Clock_TimerProxy_Module__startupDone__S
                0x0000000080005f7c        0x8 /home/dmitrii/ti/ccs930/ccs/workspace/Test_TimerPeriodic/Debug/configPkg/package/cfg/app_pa8fg.oa8fg
                0x0000000080005f7c                ti_sysbios_knl_Clock_TimerProxy_Module__startupDone(void) static
 .text.ti_sysbios_knl_Intrinsics_SupportProxy_maxbit__E
                0x0000000080005f84        0x4 /home/dmitrii/ti/ccs930/ccs/workspace/Test_TimerPeriodic/Debug/configPkg/package/cfg/app_pa8fg.oa8fg
                0x0000000080005f84                ti_sysbios_knl_Intrinsics_SupportProxy_maxbit__E
 .text.ti_sysbios_knl_Task_SupportProxy_Module__startupDone__S
                0x0000000080005f88        0x8 /home/dmitrii/ti/ccs930/ccs/workspace/Test_TimerPeriodic/Debug/configPkg/package/cfg/app_pa8fg.oa8fg
                0x0000000080005f88                ti_sysbios_knl_Task_SupportProxy_Module__startupDone(void) static
 .text.ti_sysbios_knl_Task_SupportProxy_start__E
                0x0000000080005f90        0x4 /home/dmitrii/ti/ccs930/ccs/workspace/Test_TimerPeriodic/Debug/configPkg/package/cfg/app_pa8fg.oa8fg
                0x0000000080005f90                ti_sysbios_knl_Task_SupportProxy_start__E
 .text.ti_sysbios_knl_Task_SupportProxy_swap__E
                0x0000000080005f94        0x4 /home/dmitrii/ti/ccs930/ccs/workspace/Test_TimerPeriodic/Debug/configPkg/package/cfg/app_pa8fg.oa8fg
                0x0000000080005f94                ti_sysbios_knl_Task_SupportProxy_swap__E
 .text.ti_sysbios_knl_Task_SupportProxy_checkStack__E
                0x0000000080005f98        0x4 /home/dmitrii/ti/ccs930/ccs/workspace/Test_TimerPeriodic/Debug/configPkg/package/cfg/app_pa8fg.oa8fg
                0x0000000080005f98                ti_sysbios_knl_Task_SupportProxy_checkStack__E
 .text.ti_sysbios_knl_Task_SupportProxy_getStackAlignment__E
                0x0000000080005f9c        0x4 /home/dmitrii/ti/ccs930/ccs/workspace/Test_TimerPeriodic/Debug/configPkg/package/cfg/app_pa8fg.oa8fg
                0x0000000080005f9c                ti_sysbios_knl_Task_SupportProxy_getStackAlignment__E
 .text.ti_sysbios_timers_dmtimer_Timer_TimerSupportProxy_enable__E
                0x0000000080005fa0        0x4 /home/dmitrii/ti/ccs930/ccs/workspace/Test_TimerPeriodic/Debug/configPkg/package/cfg/app_pa8fg.oa8fg
                0x0000000080005fa0                ti_sysbios_timers_dmtimer_Timer_TimerSupportProxy_enable__E
 .text.xdc_runtime_LoggerBuf_Module_GateProxy_enter__E
                0x0000000080005fa4        0x4 /home/dmitrii/ti/ccs930/ccs/workspace/Test_TimerPeriodic/Debug/configPkg/package/cfg/app_pa8fg.oa8fg
                0x0000000080005fa4                xdc_runtime_LoggerBuf_Module_GateProxy_enter__E
 .text.xdc_runtime_LoggerBuf_Module_GateProxy_leave__E
                0x0000000080005fa8        0x4 /home/dmitrii/ti/ccs930/ccs/workspace/Test_TimerPeriodic/Debug/configPkg/package/cfg/app_pa8fg.oa8fg
                0x0000000080005fa8                xdc_runtime_LoggerBuf_Module_GateProxy_leave__E
 .text.xdc_runtime_LoggerBuf_TimestampProxy_get64__E
                0x0000000080005fac        0x4 /home/dmitrii/ti/ccs930/ccs/workspace/Test_TimerPeriodic/Debug/configPkg/package/cfg/app_pa8fg.oa8fg
                0x0000000080005fac                xdc_runtime_LoggerBuf_TimestampProxy_get64__E
 .text.xdc_runtime_Memory_HeapProxy_alloc__E
                0x0000000080005fb0       0x18 /home/dmitrii/ti/ccs930/ccs/workspace/Test_TimerPeriodic/Debug/configPkg/package/cfg/app_pa8fg.oa8fg
                0x0000000080005fb0                xdc_runtime_Memory_HeapProxy_alloc__E
 .text.xdc_runtime_Memory_HeapProxy_free__E
                0x0000000080005fc8        0xc /home/dmitrii/ti/ccs930/ccs/workspace/Test_TimerPeriodic/Debug/configPkg/package/cfg/app_pa8fg.oa8fg
                0x0000000080005fc8                xdc_runtime_Memory_HeapProxy_free__E
 .text.xdc_runtime_System_Module_GateProxy_enter__E
                0x0000000080005fd4        0x4 /home/dmitrii/ti/ccs930/ccs/workspace/Test_TimerPeriodic/Debug/configPkg/package/cfg/app_pa8fg.oa8fg
                0x0000000080005fd4                xdc_runtime_System_Module_GateProxy_enter__E
 .text.xdc_runtime_System_Module_GateProxy_leave__E
                0x0000000080005fd8        0x4 /home/dmitrii/ti/ccs930/ccs/workspace/Test_TimerPeriodic/Debug/configPkg/package/cfg/app_pa8fg.oa8fg
                0x0000000080005fd8                xdc_runtime_System_Module_GateProxy_leave__E
 .text.xdc_runtime_System_SupportProxy_abort__E
                0x0000000080005fdc        0x4 /home/dmitrii/ti/ccs930/ccs/workspace/Test_TimerPeriodic/Debug/configPkg/package/cfg/app_pa8fg.oa8fg
                0x0000000080005fdc                xdc_runtime_System_SupportProxy_abort__E
 .text.xdc_runtime_System_SupportProxy_exit__E
                0x0000000080005fe0        0x4 /home/dmitrii/ti/ccs930/ccs/workspace/Test_TimerPeriodic/Debug/configPkg/package/cfg/app_pa8fg.oa8fg
                0x0000000080005fe0                xdc_runtime_System_SupportProxy_exit__E
 .text.xdc_runtime_System_SupportProxy_putch__E
                0x0000000080005fe4        0x4 /home/dmitrii/ti/ccs930/ccs/workspace/Test_TimerPeriodic/Debug/configPkg/package/cfg/app_pa8fg.oa8fg
                0x0000000080005fe4                xdc_runtime_System_SupportProxy_putch__E
 .text.xdc_runtime_System_SupportProxy_ready__E
                0x0000000080005fe8        0x4 /home/dmitrii/ti/ccs930/ccs/workspace/Test_TimerPeriodic/Debug/configPkg/package/cfg/app_pa8fg.oa8fg
                0x0000000080005fe8                xdc_runtime_System_SupportProxy_ready__E
 .text.xdc_runtime_Timestamp_SupportProxy_get32__E
                0x0000000080005fec        0x4 /home/dmitrii/ti/ccs930/ccs/workspace/Test_TimerPeriodic/Debug/configPkg/package/cfg/app_pa8fg.oa8fg
                0x0000000080005fec                xdc_runtime_Timestamp_SupportProxy_get32__E
 .text.xdc_runtime_Timestamp_SupportProxy_getFreq__E
                0x0000000080005ff0        0x4 /home/dmitrii/ti/ccs930/ccs/workspace/Test_TimerPeriodic/Debug/configPkg/package/cfg/app_pa8fg.oa8fg
                0x0000000080005ff0                xdc_runtime_Timestamp_SupportProxy_getFreq__E
 .text.ti_sysbios_family_arm_a8_TimestampProvider_Module__startupDone__S
                0x0000000080005ff4       0x20 /home/dmitrii/ti/ccs930/ccs/workspace/Test_TimerPeriodic/Debug/configPkg/package/cfg/app_pa8fg.oa8fg
                0x0000000080005ff4                ti_sysbios_family_arm_a8_TimestampProvider_Module__startupDone(void) static
 .text.xdc_runtime_Timestamp_SupportProxy_Module__startupDone__S
                0x0000000080006014        0x4 /home/dmitrii/ti/ccs930/ccs/workspace/Test_TimerPeriodic/Debug/configPkg/package/cfg/app_pa8fg.oa8fg
                0x0000000080006014                xdc_runtime_Timestamp_SupportProxy_Module__startupDone(void) static
 .text.ti_sysbios_family_arm_a8_intcps_Hwi_Module__startupDone__S
                0x0000000080006018       0x20 /home/dmitrii/ti/ccs930/ccs/workspace/Test_TimerPeriodic/Debug/configPkg/package/cfg/app_pa8fg.oa8fg
                0x0000000080006018                ti_sysbios_family_arm_a8_intcps_Hwi_Module__startupDone(void) static
 .text.ti_sysbios_hal_Hwi_HwiProxy_Module__startupDone__S
                0x0000000080006038        0x4 /home/dmitrii/ti/ccs930/ccs/workspace/Test_TimerPeriodic/Debug/configPkg/package/cfg/app_pa8fg.oa8fg
                0x0000000080006038                ti_sysbios_hal_Hwi_HwiProxy_Module__startupDone(void) static
 .text.ti_sysbios_family_arm_a8_intcps_Hwi_Params__init__S
                0x000000008000603c       0x14 /home/dmitrii/ti/ccs930/ccs/workspace/Test_TimerPeriodic/Debug/configPkg/package/cfg/app_pa8fg.oa8fg
                0x000000008000603c                ti_sysbios_family_arm_a8_intcps_Hwi_Params__init(void) static
 .text.ti_sysbios_family_arm_a8_intcps_Hwi_create
                0x0000000080006050       0x90 /home/dmitrii/ti/ccs930/ccs/workspace/Test_TimerPeriodic/Debug/configPkg/package/cfg/app_pa8fg.oa8fg
                0x0000000080006050                ti_sysbios_family_arm_a8_intcps_Hwi_create
 .text.ti_sysbios_hal_Hwi_HwiProxy_create
                0x00000000800060e0        0x4 /home/dmitrii/ti/ccs930/ccs/workspace/Test_TimerPeriodic/Debug/configPkg/package/cfg/app_pa8fg.oa8fg
                0x00000000800060e0                ti_sysbios_hal_Hwi_HwiProxy_create
 .text.ti_sysbios_family_arm_a8_intcps_Hwi_construct
                0x00000000800060e4       0x80 /home/dmitrii/ti/ccs930/ccs/workspace/Test_TimerPeriodic/Debug/configPkg/package/cfg/app_pa8fg.oa8fg
                0x00000000800060e4                ti_sysbios_family_arm_a8_intcps_Hwi_construct
 .text.ti_sysbios_family_arm_a8_intcps_Hwi_destruct
                0x0000000080006164       0x34 /home/dmitrii/ti/ccs930/ccs/workspace/Test_TimerPeriodic/Debug/configPkg/package/cfg/app_pa8fg.oa8fg
                0x0000000080006164                ti_sysbios_family_arm_a8_intcps_Hwi_destruct
 .text.ti_sysbios_family_arm_a8_ti81xx_TimerSupport_Module__startupDone__S
                0x0000000080006198       0x20 /home/dmitrii/ti/ccs930/ccs/workspace/Test_TimerPeriodic/Debug/configPkg/package/cfg/app_pa8fg.oa8fg
                0x0000000080006198                ti_sysbios_family_arm_a8_ti81xx_TimerSupport_Module__startupDone(void) static
 .text.ti_sysbios_timers_dmtimer_Timer_TimerSupportProxy_Module__startupDone__S
                0x00000000800061b8        0x4 /home/dmitrii/ti/ccs930/ccs/workspace/Test_TimerPeriodic/Debug/configPkg/package/cfg/app_pa8fg.oa8fg
                0x00000000800061b8                ti_sysbios_timers_dmtimer_Timer_TimerSupportProxy_Module__startupDone(void) static
 .text.ti_sysbios_hal_Hwi_Params__init__S
                0x00000000800061bc       0x14 /home/dmitrii/ti/ccs930/ccs/workspace/Test_TimerPeriodic/Debug/configPkg/package/cfg/app_pa8fg.oa8fg
                0x00000000800061bc                ti_sysbios_hal_Hwi_Params__init(void) static
 .text.ti_sysbios_hal_Hwi_create
                0x00000000800061d0       0x90 /home/dmitrii/ti/ccs930/ccs/workspace/Test_TimerPeriodic/Debug/configPkg/package/cfg/app_pa8fg.oa8fg
                0x00000000800061d0                ti_sysbios_hal_Hwi_create
 .text.ti_sysbios_hal_Hwi_delete
                0x0000000080006260       0x3c /home/dmitrii/ti/ccs930/ccs/workspace/Test_TimerPeriodic/Debug/configPkg/package/cfg/app_pa8fg.oa8fg
                0x0000000080006260                ti_sysbios_hal_Hwi_delete
 .text.ti_sysbios_hal_Timer_Params__init__S
                0x000000008000629c       0x14 /home/dmitrii/ti/ccs930/ccs/workspace/Test_TimerPeriodic/Debug/configPkg/package/cfg/app_pa8fg.oa8fg
                0x000000008000629c                ti_sysbios_hal_Timer_Params__init(void) static
 .text.ti_sysbios_hal_Timer_create
                0x00000000800062b0       0x90 /home/dmitrii/ti/ccs930/ccs/workspace/Test_TimerPeriodic/Debug/configPkg/package/cfg/app_pa8fg.oa8fg
                0x00000000800062b0                ti_sysbios_hal_Timer_create
 .text.ti_sysbios_heaps_HeapMem_Object__get__S
                0x0000000080006340       0x1c /home/dmitrii/ti/ccs930/ccs/workspace/Test_TimerPeriodic/Debug/configPkg/package/cfg/app_pa8fg.oa8fg
                0x0000000080006340                ti_sysbios_heaps_HeapMem_Object__get(void) static
 .text.ti_sysbios_knl_Queue_Object__get__S
                0x000000008000635c        0xc /home/dmitrii/ti/ccs930/ccs/workspace/Test_TimerPeriodic/Debug/configPkg/package/cfg/app_pa8fg.oa8fg
                0x000000008000635c                ti_sysbios_knl_Queue_Object__get(void) static
 .text.ti_sysbios_knl_Queue_construct
                0x0000000080006368       0x44 /home/dmitrii/ti/ccs930/ccs/workspace/Test_TimerPeriodic/Debug/configPkg/package/cfg/app_pa8fg.oa8fg
                0x0000000080006368                ti_sysbios_knl_Queue_construct
 .text.ti_sysbios_knl_Queue_destruct
                0x00000000800063ac       0x30 /home/dmitrii/ti/ccs930/ccs/workspace/Test_TimerPeriodic/Debug/configPkg/package/cfg/app_pa8fg.oa8fg
                0x00000000800063ac                ti_sysbios_knl_Queue_destruct
 .text.ti_sysbios_knl_Semaphore_Params__init__S
                0x00000000800063dc       0x14 /home/dmitrii/ti/ccs930/ccs/workspace/Test_TimerPeriodic/Debug/configPkg/package/cfg/app_pa8fg.oa8fg
                0x00000000800063dc                ti_sysbios_knl_Semaphore_Params__init(void) static
 .text.ti_sysbios_knl_Semaphore_construct
                0x00000000800063f0       0x4c /home/dmitrii/ti/ccs930/ccs/workspace/Test_TimerPeriodic/Debug/configPkg/package/cfg/app_pa8fg.oa8fg
                0x00000000800063f0                ti_sysbios_knl_Semaphore_construct
 .text.__libc_lock_init_recursive
                0x000000008000643c       0x54 /home/dmitrii/ti/ccs930/ccs/workspace/Test_TimerPeriodic/Debug/configPkg/package/cfg/app_pa8fg.oa8fg
                0x000000008000643c                __libc_lock_init_recursive
 .text.__libc_lock_acquire_recursive
                0x0000000080006490       0xb0 /home/dmitrii/ti/ccs930/ccs/workspace/Test_TimerPeriodic/Debug/configPkg/package/cfg/app_pa8fg.oa8fg
                0x0000000080006490                __libc_lock_acquire_recursive
 .text.ti_sysbios_knl_Semaphore_destruct
                0x0000000080006540       0x34 /home/dmitrii/ti/ccs930/ccs/workspace/Test_TimerPeriodic/Debug/configPkg/package/cfg/app_pa8fg.oa8fg
                0x0000000080006540                ti_sysbios_knl_Semaphore_destruct
 .text.ti_sysbios_knl_Swi_Object__get__S
                0x0000000080006574       0x10 /home/dmitrii/ti/ccs930/ccs/workspace/Test_TimerPeriodic/Debug/configPkg/package/cfg/app_pa8fg.oa8fg
                0x0000000080006574                ti_sysbios_knl_Swi_Object__get(void) static
 .text.ti_sysbios_knl_Task_Object__get__S
                0x0000000080006584       0x1c /home/dmitrii/ti/ccs930/ccs/workspace/Test_TimerPeriodic/Debug/configPkg/package/cfg/app_pa8fg.oa8fg
                0x0000000080006584                ti_sysbios_knl_Task_Object__get(void) static
 .text.ti_sysbios_knl_Task_create
                0x00000000800065a0       0x88 /home/dmitrii/ti/ccs930/ccs/workspace/Test_TimerPeriodic/Debug/configPkg/package/cfg/app_pa8fg.oa8fg
                0x00000000800065a0                ti_sysbios_knl_Task_create
 .text.ti_sysbios_timers_dmtimer_Timer_create
                0x0000000080006628       0x90 /home/dmitrii/ti/ccs930/ccs/workspace/Test_TimerPeriodic/Debug/configPkg/package/cfg/app_pa8fg.oa8fg
                0x0000000080006628                ti_sysbios_timers_dmtimer_Timer_create
 .text.ti_sysbios_hal_Timer_TimerProxy_create
                0x00000000800066b8        0x4 /home/dmitrii/ti/ccs930/ccs/workspace/Test_TimerPeriodic/Debug/configPkg/package/cfg/app_pa8fg.oa8fg
                0x00000000800066b8                ti_sysbios_hal_Timer_TimerProxy_create
 .text.xdc_runtime_LoggerBuf_Object__get__S
                0x00000000800066bc       0x1c /home/dmitrii/ti/ccs930/ccs/workspace/Test_TimerPeriodic/Debug/configPkg/package/cfg/app_pa8fg.oa8fg
                0x00000000800066bc                xdc_runtime_LoggerBuf_Object__get(void) static
 .text.Board_moduleClockInit
                0x00000000800066d8      0x148 /home/dmitrii/ti/pdk_am335x_1_0_17/packages/ti/board/lib/bbbAM335x/a8/release/ti.board.aa8fg(bbbAM335x.oa8fg)
                0x00000000800066d8                Board_moduleClockInit
 .text.Board_init
                0x0000000080006820       0x58 /home/dmitrii/ti/pdk_am335x_1_0_17/packages/ti/board/lib/bbbAM335x/a8/release/ti.board.aa8fg(bbbAM335x.oa8fg)
                0x0000000080006820                Board_init
 .text.Board_uartStdioInit
                0x0000000080006878       0x1c /home/dmitrii/ti/pdk_am335x_1_0_17/packages/ti/board/lib/bbbAM335x/a8/release/ti.board.aa8fg(bbbAM335x_lld_init.oa8fg)
                0x0000000080006878                Board_uartStdioInit
 .text.PINMUXModuleConfig
                0x0000000080006894      0x128 /home/dmitrii/ti/pdk_am335x_1_0_17/packages/ti/board/lib/bbbAM335x/a8/release/ti.board.aa8fg(bbbAM335x_pinmux.oa8fg)
                0x0000000080006894                PINMUXModuleConfig
 .text.Board_pinmuxConfig
                0x00000000800069bc       0xcc /home/dmitrii/ti/pdk_am335x_1_0_17/packages/ti/board/lib/bbbAM335x/a8/release/ti.board.aa8fg(bbbAM335x_pinmux.oa8fg)
                0x00000000800069bc                Board_pinmuxConfig
 .text.CHIPDBBaseAddress
                0x0000000080006a88       0x38 /home/dmitrii/ti/pdk_am335x_1_0_17/packages/ti/board/lib/bbbAM335x/a8/release/ti.board.aa8fg(am335x_chipdb.oa8fg)
                0x0000000080006a88                CHIPDBBaseAddress
 .text.PRCMModuleEnable
                0x0000000080006ac0     0x11ec /home/dmitrii/ti/pdk_am335x_1_0_17/packages/ti/board/lib/bbbAM335x/a8/release/ti.board.aa8fg(am335x_prcm.oa8fg)
                0x0000000080006ac0                PRCMModuleEnable
 .text.I2C_Params_init
                0x0000000080007cac       0x14 /home/dmitrii/ti/pdk_am335x_1_0_17/packages/ti/drv/i2c/lib/am335x/a8/release/ti.drv.i2c.aa8fg(I2C_drv.oa8fg)
                0x0000000080007cac                I2C_Params_init
 .text.I2C_init_v1
                0x0000000080007cc0       0x14 /home/dmitrii/ti/pdk_am335x_1_0_17/packages/ti/drv/i2c/lib/am335x/a8/release/ti.drv.i2c.aa8fg(I2C_v1.oa8fg)
 .text.I2C_close_v1
                0x0000000080007cd4       0x98 /home/dmitrii/ti/pdk_am335x_1_0_17/packages/ti/drv/i2c/lib/am335x/a8/release/ti.drv.i2c.aa8fg(I2C_v1.oa8fg)
 .text.I2C_open_v1
                0x0000000080007d6c      0x224 /home/dmitrii/ti/pdk_am335x_1_0_17/packages/ti/drv/i2c/lib/am335x/a8/release/ti.drv.i2c.aa8fg(I2C_v1.oa8fg)
 .text.I2C_transfer_Callback_v1
                0x0000000080007f90       0x14 /home/dmitrii/ti/pdk_am335x_1_0_17/packages/ti/drv/i2c/lib/am335x/a8/release/ti.drv.i2c.aa8fg(I2C_v1.oa8fg)
 .text.I2C_v1_waitForPin.isra.2
                0x0000000080007fa4       0xcc /home/dmitrii/ti/pdk_am335x_1_0_17/packages/ti/drv/i2c/lib/am335x/a8/release/ti.drv.i2c.aa8fg(I2C_v1.oa8fg)
 .text.I2C_primeTransfer_v1
                0x0000000080008070      0x524 /home/dmitrii/ti/pdk_am335x_1_0_17/packages/ti/drv/i2c/lib/am335x/a8/release/ti.drv.i2c.aa8fg(I2C_v1.oa8fg)
 .text.I2C_v1_complete_curr_transfer
                0x0000000080008594       0x8c /home/dmitrii/ti/pdk_am335x_1_0_17/packages/ti/drv/i2c/lib/am335x/a8/release/ti.drv.i2c.aa8fg(I2C_v1.oa8fg)
 .text.I2C_v1_hwiFxn
                0x0000000080008620      0x528 /home/dmitrii/ti/pdk_am335x_1_0_17/packages/ti/drv/i2c/lib/am335x/a8/release/ti.drv.i2c.aa8fg(I2C_v1.oa8fg)
 .text.I2C_v1_resetCtrl
                0x0000000080008b48      0x164 /home/dmitrii/ti/pdk_am335x_1_0_17/packages/ti/drv/i2c/lib/am335x/a8/release/ti.drv.i2c.aa8fg(I2C_v1.oa8fg)
 .text.I2C_v1_recoverBus
                0x0000000080008cac      0x11c /home/dmitrii/ti/pdk_am335x_1_0_17/packages/ti/drv/i2c/lib/am335x/a8/release/ti.drv.i2c.aa8fg(I2C_v1.oa8fg)
 .text.I2C_transfer_v1
                0x0000000080008dc8      0x18c /home/dmitrii/ti/pdk_am335x_1_0_17/packages/ti/drv/i2c/lib/am335x/a8/release/ti.drv.i2c.aa8fg(I2C_v1.oa8fg)
 .text.I2C_v1_waitForBb.constprop.5
                0x0000000080008f54       0xbc /home/dmitrii/ti/pdk_am335x_1_0_17/packages/ti/drv/i2c/lib/am335x/a8/release/ti.drv.i2c.aa8fg(I2C_v1.oa8fg)
 .text.I2C_v1_control
                0x0000000080009010      0x238 /home/dmitrii/ti/pdk_am335x_1_0_17/packages/ti/drv/i2c/lib/am335x/a8/release/ti.drv.i2c.aa8fg(I2C_v1.oa8fg)
 .text.UART_stdioInit
                0x0000000080009248       0x90 /home/dmitrii/ti/pdk_am335x_1_0_17/packages/ti/drv/uart/lib/am335x/a8/release/ti.drv.uart.aa8fg(UART_stdio.oa8fg)
                0x0000000080009248                UART_stdioInit
 .text.UART_init
                0x00000000800092d8       0x6c /home/dmitrii/ti/pdk_am335x_1_0_17/packages/ti/drv/uart/lib/am335x/a8/release/ti.drv.uart.aa8fg(UART_drv.oa8fg)
                0x00000000800092d8                UART_init
 .text.UART_open
                0x0000000080009344       0x20 /home/dmitrii/ti/pdk_am335x_1_0_17/packages/ti/drv/uart/lib/am335x/a8/release/ti.drv.uart.aa8fg(UART_drv.oa8fg)
                0x0000000080009344                UART_open
 .text.UART_Params_init
                0x0000000080009364       0x2c /home/dmitrii/ti/pdk_am335x_1_0_17/packages/ti/drv/uart/lib/am335x/a8/release/ti.drv.uart.aa8fg(UART_drv.oa8fg)
                0x0000000080009364                UART_Params_init
 .text.UART_init_v1
                0x0000000080009390       0x10 /home/dmitrii/ti/pdk_am335x_1_0_17/packages/ti/drv/uart/lib/am335x/a8/release/ti.drv.uart.aa8fg(UART_v1.oa8fg)
 .text.UART_control_v1
                0x00000000800093a0        0x8 /home/dmitrii/ti/pdk_am335x_1_0_17/packages/ti/drv/uart/lib/am335x/a8/release/ti.drv.uart.aa8fg(UART_v1.oa8fg)
 .text.UART_open_v1
                0x00000000800093a8      0x31c /home/dmitrii/ti/pdk_am335x_1_0_17/packages/ti/drv/uart/lib/am335x/a8/release/ti.drv.uart.aa8fg(UART_v1.oa8fg)
 .text.UART_close_v1
                0x00000000800096c4       0xb8 /home/dmitrii/ti/pdk_am335x_1_0_17/packages/ti/drv/uart/lib/am335x/a8/release/ti.drv.uart.aa8fg(UART_v1.oa8fg)
 .text.UART_writeCancelNoCB.isra.0
                0x000000008000977c       0x78 /home/dmitrii/ti/pdk_am335x_1_0_17/packages/ti/drv/uart/lib/am335x/a8/release/ti.drv.uart.aa8fg(UART_v1.oa8fg)
 .text.UART_writeCancel_v1
                0x00000000800097f4       0x48 /home/dmitrii/ti/pdk_am335x_1_0_17/packages/ti/drv/uart/lib/am335x/a8/release/ti.drv.uart.aa8fg(UART_v1.oa8fg)
 .text.UART_readCancelNoCB.isra.2
                0x000000008000983c       0x8c /home/dmitrii/ti/pdk_am335x_1_0_17/packages/ti/drv/uart/lib/am335x/a8/release/ti.drv.uart.aa8fg(UART_v1.oa8fg)
 .text.UART_charPut_v1.isra.4
                0x00000000800098c8       0x5c /home/dmitrii/ti/pdk_am335x_1_0_17/packages/ti/drv/uart/lib/am335x/a8/release/ti.drv.uart.aa8fg(UART_v1.oa8fg)
 .text.UART_writePolling_v1
                0x0000000080009924       0xc0 /home/dmitrii/ti/pdk_am335x_1_0_17/packages/ti/drv/uart/lib/am335x/a8/release/ti.drv.uart.aa8fg(UART_v1.oa8fg)
 .text.UART_write2_v1
                0x00000000800099e4      0x264 /home/dmitrii/ti/pdk_am335x_1_0_17/packages/ti/drv/uart/lib/am335x/a8/release/ti.drv.uart.aa8fg(UART_v1.oa8fg)
 .text.UART_write_v1
                0x0000000080009c48       0x7c /home/dmitrii/ti/pdk_am335x_1_0_17/packages/ti/drv/uart/lib/am335x/a8/release/ti.drv.uart.aa8fg(UART_v1.oa8fg)
 .text.UART_readPolling_v1
                0x0000000080009cc4      0x12c /home/dmitrii/ti/pdk_am335x_1_0_17/packages/ti/drv/uart/lib/am335x/a8/release/ti.drv.uart.aa8fg(UART_v1.oa8fg)
 .text.UART_v1_callback
                0x0000000080009df0       0x98 /home/dmitrii/ti/pdk_am335x_1_0_17/packages/ti/drv/uart/lib/am335x/a8/release/ti.drv.uart.aa8fg(UART_v1.oa8fg)
                0x0000000080009df0                UART_v1_callback
 .text.UART_read2_v1
                0x0000000080009e88      0x274 /home/dmitrii/ti/pdk_am335x_1_0_17/packages/ti/drv/uart/lib/am335x/a8/release/ti.drv.uart.aa8fg(UART_v1.oa8fg)
 .text.UART_read_v1
                0x000000008000a0fc       0x7c /home/dmitrii/ti/pdk_am335x_1_0_17/packages/ti/drv/uart/lib/am335x/a8/release/ti.drv.uart.aa8fg(UART_v1.oa8fg)
 .text.UART_readCancel_v1
                0x000000008000a178       0x34 /home/dmitrii/ti/pdk_am335x_1_0_17/packages/ti/drv/uart/lib/am335x/a8/release/ti.drv.uart.aa8fg(UART_v1.oa8fg)
 .text.UART_v1_hwiIntFxn
                0x000000008000a1ac      0x544 /home/dmitrii/ti/pdk_am335x_1_0_17/packages/ti/drv/uart/lib/am335x/a8/release/ti.drv.uart.aa8fg(UART_v1.oa8fg)
 .text.SemaphoreP_create
                0x000000008000a6f0      0x1c4 /home/dmitrii/ti/pdk_am335x_1_0_17/packages/ti/osal/lib/tirtos/am335x/a8/release/ti.osal.aa8fg(SemaphoreP_tirtos.oa8fg)
                0x000000008000a6f0                SemaphoreP_create
 .text.SemaphoreP_delete
                0x000000008000a8b4       0x7c /home/dmitrii/ti/pdk_am335x_1_0_17/packages/ti/osal/lib/tirtos/am335x/a8/release/ti.osal.aa8fg(SemaphoreP_tirtos.oa8fg)
                0x000000008000a8b4                SemaphoreP_delete
 .text.SemaphoreP_Params_init
                0x000000008000a930       0x48 /home/dmitrii/ti/pdk_am335x_1_0_17/packages/ti/osal/lib/tirtos/am335x/a8/release/ti.osal.aa8fg(SemaphoreP_tirtos.oa8fg)
                0x000000008000a930                SemaphoreP_Params_init
 .text.SemaphoreP_pend
                0x000000008000a978       0x48 /home/dmitrii/ti/pdk_am335x_1_0_17/packages/ti/osal/lib/tirtos/am335x/a8/release/ti.osal.aa8fg(SemaphoreP_tirtos.oa8fg)
                0x000000008000a978                SemaphoreP_pend
 .text.SemaphoreP_post
                0x000000008000a9c0       0x38 /home/dmitrii/ti/pdk_am335x_1_0_17/packages/ti/osal/lib/tirtos/am335x/a8/release/ti.osal.aa8fg(SemaphoreP_tirtos.oa8fg)
                0x000000008000a9c0                SemaphoreP_post
 .text.HwiP_create
                0x000000008000a9f8      0x20c /home/dmitrii/ti/pdk_am335x_1_0_17/packages/ti/osal/lib/tirtos/am335x/a8/release/ti.osal.aa8fg(HwiP_tirtos.oa8fg)
                0x000000008000a9f8                HwiP_create
 .text.HwiP_delete
                0x000000008000ac04       0x90 /home/dmitrii/ti/pdk_am335x_1_0_17/packages/ti/osal/lib/tirtos/am335x/a8/release/ti.osal.aa8fg(HwiP_tirtos.oa8fg)
                0x000000008000ac04                HwiP_delete
 .text.HwiP_disable
                0x000000008000ac94        0xc /home/dmitrii/ti/pdk_am335x_1_0_17/packages/ti/osal/lib/tirtos/am335x/a8/release/ti.osal.aa8fg(HwiP_tirtos.oa8fg)
                0x000000008000ac94                HwiP_disable
 .text.HwiP_disableInterrupt
                0x000000008000aca0        0x4 /home/dmitrii/ti/pdk_am335x_1_0_17/packages/ti/osal/lib/tirtos/am335x/a8/release/ti.osal.aa8fg(HwiP_tirtos.oa8fg)
                0x000000008000aca0                HwiP_disableInterrupt
 .text.HwiP_enableInterrupt
                0x000000008000aca4        0x4 /home/dmitrii/ti/pdk_am335x_1_0_17/packages/ti/osal/lib/tirtos/am335x/a8/release/ti.osal.aa8fg(HwiP_tirtos.oa8fg)
                0x000000008000aca4                HwiP_enableInterrupt
 .text.HwiP_Params_init
                0x000000008000aca8       0x24 /home/dmitrii/ti/pdk_am335x_1_0_17/packages/ti/osal/lib/tirtos/am335x/a8/release/ti.osal.aa8fg(HwiP_tirtos.oa8fg)
                0x000000008000aca8                HwiP_Params_init
 .text.HwiP_restore
                0x000000008000accc       0x1c /home/dmitrii/ti/pdk_am335x_1_0_17/packages/ti/osal/lib/tirtos/am335x/a8/release/ti.osal.aa8fg(HwiP_tirtos.oa8fg)
                0x000000008000accc                HwiP_restore
 .text.Osal_DebugP_assert
                0x000000008000ace8       0x1c /home/dmitrii/ti/pdk_am335x_1_0_17/packages/ti/osal/lib/tirtos/am335x/a8/release/ti.osal.aa8fg(Utils_tirtos.oa8fg)
                0x000000008000ace8                Osal_DebugP_assert
 .text.Osal_delay
                0x000000008000ad04       0x48 /home/dmitrii/ti/pdk_am335x_1_0_17/packages/ti/osal/lib/tirtos/am335x/a8/release/ti.osal.aa8fg(Utils_tirtos.oa8fg)
                0x000000008000ad04                Osal_delay
 .text.Osal_RegisterInterrupt_initParams
                0x000000008000ad4c       0x40 /home/dmitrii/ti/pdk_am335x_1_0_17/packages/ti/osal/lib/tirtos/am335x/a8/release/ti.osal.aa8fg(RegisterIntr_tirtos.oa8fg)
                0x000000008000ad4c                Osal_RegisterInterrupt_initParams
 .text.Osal_RegisterInterrupt
                0x000000008000ad8c       0x7c /home/dmitrii/ti/pdk_am335x_1_0_17/packages/ti/osal/lib/tirtos/am335x/a8/release/ti.osal.aa8fg(RegisterIntr_tirtos.oa8fg)
                0x000000008000ad8c                Osal_RegisterInterrupt
 .text.Osal_DeleteInterrupt
                0x000000008000ae08       0x18 /home/dmitrii/ti/pdk_am335x_1_0_17/packages/ti/osal/lib/tirtos/am335x/a8/release/ti.osal.aa8fg(RegisterIntr_tirtos.oa8fg)
                0x000000008000ae08                Osal_DeleteInterrupt
 .text.Osal_EnableInterrupt
                0x000000008000ae20        0x8 /home/dmitrii/ti/pdk_am335x_1_0_17/packages/ti/osal/lib/tirtos/am335x/a8/release/ti.osal.aa8fg(RegisterIntr_tirtos.oa8fg)
                0x000000008000ae20                Osal_EnableInterrupt
 .text.Osal_DisableInterrupt
                0x000000008000ae28        0x8 /home/dmitrii/ti/pdk_am335x_1_0_17/packages/ti/osal/lib/tirtos/am335x/a8/release/ti.osal.aa8fg(RegisterIntr_tirtos.oa8fg)
                0x000000008000ae28                Osal_DisableInterrupt
 .text.ti_sysbios_family_arm_TaskSupport_buildTaskStack
                0x000000008000ae30       0x7c /home/dmitrii/ti/ccs930/ccs/workspace/Test_TimerPeriodic/src/sysbios/sysbios.aa8fg(arm_TaskSupport_asm_gnu.o)
                0x000000008000ae30                ti_sysbios_family_arm_TaskSupport_buildTaskStack
 .text.ti_sysbios_family_arm_TaskSupport_swap__E
                0x000000008000aeac       0x1c /home/dmitrii/ti/ccs930/ccs/workspace/Test_TimerPeriodic/src/sysbios/sysbios.aa8fg(arm_TaskSupport_asm_gnu.o)
                0x000000008000aeac                ti_sysbios_family_arm_TaskSupport_swap__E
 .text.ti_sysbios_family_arm_TaskSupport_glue
                0x000000008000aec8       0x1c /home/dmitrii/ti/ccs930/ccs/workspace/Test_TimerPeriodic/src/sysbios/sysbios.aa8fg(arm_TaskSupport_asm_gnu.o)
                0x000000008000aec8                ti_sysbios_family_arm_TaskSupport_glue
 .text.ti_sysbios_family_arm_a8_Cache_disableL1d__I
                0x000000008000aee4       0x1c /home/dmitrii/ti/ccs930/ccs/workspace/Test_TimerPeriodic/src/sysbios/sysbios.aa8fg(a8_Cache_asm_gnu.o)
                0x000000008000aee4                ti_sysbios_family_arm_a8_Cache_disableL1d(int0_t)
 .text.ti_sysbios_family_arm_a8_Cache_disableL1p__I
                0x000000008000af00       0x14 /home/dmitrii/ti/ccs930/ccs/workspace/Test_TimerPeriodic/src/sysbios/sysbios.aa8fg(a8_Cache_asm_gnu.o)
                0x000000008000af00                ti_sysbios_family_arm_a8_Cache_disableL1p(int0_t)
 .text.ti_sysbios_family_arm_a8_Cache_disableL2__I
                0x000000008000af14       0x10 /home/dmitrii/ti/ccs930/ccs/workspace/Test_TimerPeriodic/src/sysbios/sysbios.aa8fg(a8_Cache_asm_gnu.o)
                0x000000008000af14                ti_sysbios_family_arm_a8_Cache_disableL2(int0_t)
 .text.ti_sysbios_family_arm_a8_Cache_enableL1d__I
                0x000000008000af24       0x10 /home/dmitrii/ti/ccs930/ccs/workspace/Test_TimerPeriodic/src/sysbios/sysbios.aa8fg(a8_Cache_asm_gnu.o)
                0x000000008000af24                ti_sysbios_family_arm_a8_Cache_enableL1d(int0_t)
 .text.ti_sysbios_family_arm_a8_Cache_enableL1p__I
                0x000000008000af34       0x14 /home/dmitrii/ti/ccs930/ccs/workspace/Test_TimerPeriodic/src/sysbios/sysbios.aa8fg(a8_Cache_asm_gnu.o)
                0x000000008000af34                ti_sysbios_family_arm_a8_Cache_enableL1p(int0_t)
 .text.ti_sysbios_family_arm_a8_Cache_enableL2__I
                0x000000008000af48       0x10 /home/dmitrii/ti/ccs930/ccs/workspace/Test_TimerPeriodic/src/sysbios/sysbios.aa8fg(a8_Cache_asm_gnu.o)
                0x000000008000af48                ti_sysbios_family_arm_a8_Cache_enableL2(int0_t)
 .text.ti_sysbios_family_arm_a8_Cache_invL1dAll__E
                0x000000008000af58       0x94 /home/dmitrii/ti/ccs930/ccs/workspace/Test_TimerPeriodic/src/sysbios/sysbios.aa8fg(a8_Cache_asm_gnu.o)
                0x000000008000af58                ti_sysbios_family_arm_a8_Cache_invL1dAll__E
 .text.ti_sysbios_family_arm_a8_Cache_invL1pAll__E
                0x000000008000afec        0x8 /home/dmitrii/ti/ccs930/ccs/workspace/Test_TimerPeriodic/src/sysbios/sysbios.aa8fg(a8_Cache_asm_gnu.o)
                0x000000008000afec                ti_sysbios_family_arm_a8_Cache_invL1pAll__E
 .text.ti_sysbios_family_arm_a8_Cache_wbInvAll__E
                0x000000008000aff4       0x94 /home/dmitrii/ti/ccs930/ccs/workspace/Test_TimerPeriodic/src/sysbios/sysbios.aa8fg(a8_Cache_asm_gnu.o)
                0x000000008000aff4                ti_sysbios_family_arm_a8_Cache_wbInvAll__E
 .text.ti_sysbios_family_arm_a8_Cache_getEnabled__E
                0x000000008000b088       0x38 /home/dmitrii/ti/ccs930/ccs/workspace/Test_TimerPeriodic/src/sysbios/sysbios.aa8fg(a8_Cache_asm_gnu.o)
                0x000000008000b088                ti_sysbios_family_arm_a8_Cache_getEnabled__E
 .text.ti_sysbios_family_arm_a8_Cache_getCacheLevelInfo__I
                0x000000008000b0c0        0xc /home/dmitrii/ti/ccs930/ccs/workspace/Test_TimerPeriodic/src/sysbios/sysbios.aa8fg(a8_Cache_asm_gnu.o)
                0x000000008000b0c0                ti_sysbios_family_arm_a8_Cache_getCacheLevelInfo(int0_t)
 .text.ti_sysbios_family_arm_a8_Cache_getLockdownReg__I
                0x000000008000b0cc        0x8 /home/dmitrii/ti/ccs930/ccs/workspace/Test_TimerPeriodic/src/sysbios/sysbios.aa8fg(a8_Cache_asm_gnu.o)
                0x000000008000b0cc                ti_sysbios_family_arm_a8_Cache_getLockdownReg(int0_t)
 .text.ti_sysbios_family_arm_a8_Cache_setLockdownReg__I
                0x000000008000b0d4        0x8 /home/dmitrii/ti/ccs930/ccs/workspace/Test_TimerPeriodic/src/sysbios/sysbios.aa8fg(a8_Cache_asm_gnu.o)
                0x000000008000b0d4                ti_sysbios_family_arm_a8_Cache_setLockdownReg(int0_t)
 .text.ti_sysbios_family_arm_a8_Cache_disableBP__E
                0x000000008000b0dc       0x1c /home/dmitrii/ti/ccs930/ccs/workspace/Test_TimerPeriodic/src/sysbios/sysbios.aa8fg(a8_Cache_asm_gnu.o)
                0x000000008000b0dc                ti_sysbios_family_arm_a8_Cache_disableBP__E
 .text.ti_sysbios_family_arm_a8_Cache_enableBP__E
                0x000000008000b0f8       0x1c /home/dmitrii/ti/ccs930/ccs/workspace/Test_TimerPeriodic/src/sysbios/sysbios.aa8fg(a8_Cache_asm_gnu.o)
                0x000000008000b0f8                ti_sysbios_family_arm_a8_Cache_enableBP__E
 .text.ti_sysbios_family_arm_a8_TimestampProvider_get32__E
                0x000000008000b114        0x8 /home/dmitrii/ti/ccs930/ccs/workspace/Test_TimerPeriodic/src/sysbios/sysbios.aa8fg(a8_TimestampProvider_asm_gnu.o)
                0x000000008000b114                ti_sysbios_family_arm_a8_TimestampProvider_get32__E
 .text.ti_sysbios_family_arm_a8_TimestampProvider_initCCNT__I
                0x000000008000b11c       0x1c /home/dmitrii/ti/ccs930/ccs/workspace/Test_TimerPeriodic/src/sysbios/sysbios.aa8fg(a8_TimestampProvider_asm_gnu.o)
                0x000000008000b11c                ti_sysbios_family_arm_a8_TimestampProvider_initCCNT(int0_t)
 .text.ti_sysbios_family_arm_a8_intcps_Hwi_dispatchIRQ__I
                0x000000008000b138       0xbc /home/dmitrii/ti/ccs930/ccs/workspace/Test_TimerPeriodic/src/sysbios/sysbios.aa8fg(intcps_Hwi_asm_gnu.o)
                0x000000008000b138                ti_sysbios_family_arm_a8_intcps_Hwi_dispatchIRQ(int0_t)
 .text.ti_sysbios_family_arm_a8_intcps_Hwi_init__I
                0x000000008000b1f4       0x24 /home/dmitrii/ti/ccs930/ccs/workspace/Test_TimerPeriodic/src/sysbios/sysbios.aa8fg(intcps_Hwi_asm_gnu.o)
                0x000000008000b1f4                ti_sysbios_family_arm_a8_intcps_Hwi_init(int0_t)
 .text.ti_sysbios_family_arm_a8_intcps_Hwi_initVbar__I
                0x000000008000b218       0x10 /home/dmitrii/ti/ccs930/ccs/workspace/Test_TimerPeriodic/src/sysbios/sysbios.aa8fg(intcps_Hwi_asm_gnu.o)
                0x000000008000b218                ti_sysbios_family_arm_a8_intcps_Hwi_initVbar(int0_t)
 .text.ti_sysbios_family_arm_exc_Exception_excHandlerAsm__I
                0x000000008000b228       0x68 /home/dmitrii/ti/ccs930/ccs/workspace/Test_TimerPeriodic/src/sysbios/sysbios.aa8fg(exc_Exception_asm_gnu.o)
                0x000000008000b228                ti_sysbios_family_arm_exc_Exception_excHandlerAsm(int0_t)
 .text.ti_sysbios_family_arm_exc_Exception_excHandlerDataAsm__I
                0x000000008000b290       0x6c /home/dmitrii/ti/ccs930/ccs/workspace/Test_TimerPeriodic/src/sysbios/sysbios.aa8fg(exc_Exception_asm_gnu.o)
                0x000000008000b290                ti_sysbios_family_arm_exc_Exception_excHandlerDataAsm(int0_t)
 .text.ti_sysbios_family_arm_exc_Exception_initCore0__I
                0x000000008000b2fc       0x64 /home/dmitrii/ti/ccs930/ccs/workspace/Test_TimerPeriodic/src/sysbios/sysbios.aa8fg(exc_Exception_asm_gnu.o)
                0x000000008000b2fc                ti_sysbios_family_arm_exc_Exception_initCore0(int0_t)
 .text.ti_sysbios_BIOS_linkedWithIncorrectBootLibrary__E
                0x000000008000b360        0x4 /home/dmitrii/ti/ccs930/ccs/workspace/Test_TimerPeriodic/src/sysbios/sysbios.aa8fg(_BIOS.o)
                0x000000008000b360                ti_sysbios_BIOS_linkedWithIncorrectBootLibrary__E
 .text.ti_sysbios_BIOS_getThreadType__E
                0x000000008000b364       0x10 /home/dmitrii/ti/ccs930/ccs/workspace/Test_TimerPeriodic/src/sysbios/sysbios.aa8fg(_BIOS.o)
                0x000000008000b364                ti_sysbios_BIOS_getThreadType__E
 .text.ti_sysbios_BIOS_setThreadType__E
                0x000000008000b374       0x18 /home/dmitrii/ti/ccs930/ccs/workspace/Test_TimerPeriodic/src/sysbios/sysbios.aa8fg(_BIOS.o)
                0x000000008000b374                ti_sysbios_BIOS_setThreadType__E
 .text.ti_sysbios_BIOS_getCpuFreq__E
                0x000000008000b38c       0x1c /home/dmitrii/ti/ccs930/ccs/workspace/Test_TimerPeriodic/src/sysbios/sysbios.aa8fg(_BIOS.o)
                0x000000008000b38c                ti_sysbios_BIOS_getCpuFreq__E
 .text.ti_sysbios_BIOS_start__E
                0x000000008000b3a8       0x10 /home/dmitrii/ti/ccs930/ccs/workspace/Test_TimerPeriodic/src/sysbios/sysbios.aa8fg(_BIOS.o)
                0x000000008000b3a8                ti_sysbios_BIOS_start__E
 .text.ti_sysbios_BIOS_exit__E
                0x000000008000b3b8       0x10 /home/dmitrii/ti/ccs930/ccs/workspace/Test_TimerPeriodic/src/sysbios/sysbios.aa8fg(_BIOS.o)
                0x000000008000b3b8                ti_sysbios_BIOS_exit__E
 .text.ti_sysbios_family_arm_IntrinsicsSupport_maxbit__E
                0x000000008000b3c8        0x4 /home/dmitrii/ti/ccs930/ccs/workspace/Test_TimerPeriodic/src/sysbios/sysbios.aa8fg(arm_IntrinsicsSupport.o)
                0x000000008000b3c8                ti_sysbios_family_arm_IntrinsicsSupport_maxbit__E
 .text.ti_sysbios_family_arm_TaskSupport_start__E
                0x000000008000b3cc       0x64 /home/dmitrii/ti/ccs930/ccs/workspace/Test_TimerPeriodic/src/sysbios/sysbios.aa8fg(arm_TaskSupport.o)
                0x000000008000b3cc                ti_sysbios_family_arm_TaskSupport_start__E
 .text.ti_sysbios_family_arm_TaskSupport_checkStack__E
                0x000000008000b430       0x14 /home/dmitrii/ti/ccs930/ccs/workspace/Test_TimerPeriodic/src/sysbios/sysbios.aa8fg(arm_TaskSupport.o)
                0x000000008000b430                ti_sysbios_family_arm_TaskSupport_checkStack__E
 .text.ti_sysbios_family_arm_TaskSupport_getStackAlignment__E
                0x000000008000b444       0x10 /home/dmitrii/ti/ccs930/ccs/workspace/Test_TimerPeriodic/src/sysbios/sysbios.aa8fg(arm_TaskSupport.o)
                0x000000008000b444                ti_sysbios_family_arm_TaskSupport_getStackAlignment__E
 .text.ti_sysbios_knl_Clock_Module_startup__E
                0x000000008000b454       0x18 /home/dmitrii/ti/ccs930/ccs/workspace/Test_TimerPeriodic/src/sysbios/sysbios.aa8fg(knl_Clock.o)
                0x000000008000b454                ti_sysbios_knl_Clock_Module_startup__E
 .text.ti_sysbios_knl_Idle_loop__E
                0x000000008000b46c       0x38 /home/dmitrii/ti/ccs930/ccs/workspace/Test_TimerPeriodic/src/sysbios/sysbios.aa8fg(knl_Idle.o)
                0x000000008000b46c                ti_sysbios_knl_Idle_loop__E
 .text.ti_sysbios_knl_Idle_run__E
                0x000000008000b4a4       0x34 /home/dmitrii/ti/ccs930/ccs/workspace/Test_TimerPeriodic/src/sysbios/sysbios.aa8fg(knl_Idle.o)
                0x000000008000b4a4                ti_sysbios_knl_Idle_run__E
 .text.ti_sysbios_knl_Queue_Instance_init__E
                0x000000008000b4d8        0xc /home/dmitrii/ti/ccs930/ccs/workspace/Test_TimerPeriodic/src/sysbios/sysbios.aa8fg(knl_Queue.o)
                0x000000008000b4d8                ti_sysbios_knl_Queue_Instance_init__E
 .text.ti_sysbios_knl_Queue_dequeue__E
                0x000000008000b4e4       0x18 /home/dmitrii/ti/ccs930/ccs/workspace/Test_TimerPeriodic/src/sysbios/sysbios.aa8fg(knl_Queue.o)
                0x000000008000b4e4                ti_sysbios_knl_Queue_dequeue__E
 .text.ti_sysbios_knl_Queue_empty__E
                0x000000008000b4fc       0x14 /home/dmitrii/ti/ccs930/ccs/workspace/Test_TimerPeriodic/src/sysbios/sysbios.aa8fg(knl_Queue.o)
                0x000000008000b4fc                ti_sysbios_knl_Queue_empty__E
 .text.ti_sysbios_knl_Queue_enqueue__E
                0x000000008000b510       0x18 /home/dmitrii/ti/ccs930/ccs/workspace/Test_TimerPeriodic/src/sysbios/sysbios.aa8fg(knl_Queue.o)
                0x000000008000b510                ti_sysbios_knl_Queue_enqueue__E
 .text.ti_sysbios_knl_Queue_head__E
                0x000000008000b528        0x8 /home/dmitrii/ti/ccs930/ccs/workspace/Test_TimerPeriodic/src/sysbios/sysbios.aa8fg(knl_Queue.o)
                0x000000008000b528                ti_sysbios_knl_Queue_head__E
 .text.ti_sysbios_knl_Queue_elemClear__E
                0x000000008000b530        0xc /home/dmitrii/ti/ccs930/ccs/workspace/Test_TimerPeriodic/src/sysbios/sysbios.aa8fg(knl_Queue.o)
                0x000000008000b530                ti_sysbios_knl_Queue_elemClear__E
 .text.ti_sysbios_knl_Queue_insert__E
                0x000000008000b53c       0x18 /home/dmitrii/ti/ccs930/ccs/workspace/Test_TimerPeriodic/src/sysbios/sysbios.aa8fg(knl_Queue.o)
                0x000000008000b53c                ti_sysbios_knl_Queue_insert__E
 .text.ti_sysbios_knl_Queue_next__E
                0x000000008000b554        0x8 /home/dmitrii/ti/ccs930/ccs/workspace/Test_TimerPeriodic/src/sysbios/sysbios.aa8fg(knl_Queue.o)
                0x000000008000b554                ti_sysbios_knl_Queue_next__E
 .text.ti_sysbios_knl_Queue_put__E
                0x000000008000b55c       0x38 /home/dmitrii/ti/ccs930/ccs/workspace/Test_TimerPeriodic/src/sysbios/sysbios.aa8fg(knl_Queue.o)
                0x000000008000b55c                ti_sysbios_knl_Queue_put__E
 .text.ti_sysbios_knl_Queue_remove__E
                0x000000008000b594       0x1c /home/dmitrii/ti/ccs930/ccs/workspace/Test_TimerPeriodic/src/sysbios/sysbios.aa8fg(knl_Queue.o)
                0x000000008000b594                ti_sysbios_knl_Queue_remove__E
 .text.ti_sysbios_knl_Semaphore_Instance_init__E
                0x000000008000b5b0       0x40 /home/dmitrii/ti/ccs930/ccs/workspace/Test_TimerPeriodic/src/sysbios/sysbios.aa8fg(knl_Semaphore.o)
                0x000000008000b5b0                ti_sysbios_knl_Semaphore_Instance_init__E
 .text.ti_sysbios_knl_Semaphore_Instance_finalize__E
                0x000000008000b5f0       0x14 /home/dmitrii/ti/ccs930/ccs/workspace/Test_TimerPeriodic/src/sysbios/sysbios.aa8fg(knl_Semaphore.o)
                0x000000008000b5f0                ti_sysbios_knl_Semaphore_Instance_finalize__E
 .text.ti_sysbios_knl_Semaphore_pend__E
                0x000000008000b604      0x228 /home/dmitrii/ti/ccs930/ccs/workspace/Test_TimerPeriodic/src/sysbios/sysbios.aa8fg(knl_Semaphore.o)
                0x000000008000b604                ti_sysbios_knl_Semaphore_pend__E
 .text.ti_sysbios_knl_Semaphore_post__E
                0x000000008000b82c      0x13c /home/dmitrii/ti/ccs930/ccs/workspace/Test_TimerPeriodic/src/sysbios/sysbios.aa8fg(knl_Semaphore.o)
                0x000000008000b82c                ti_sysbios_knl_Semaphore_post__E
 .text.ti_sysbios_knl_Swi_runLoop__I
                0x000000008000b968      0x240 /home/dmitrii/ti/ccs930/ccs/workspace/Test_TimerPeriodic/src/sysbios/sysbios.aa8fg(knl_Swi.o)
                0x000000008000b968                ti_sysbios_knl_Swi_runLoop(int0_t)
 .text.ti_sysbios_knl_Swi_Module_startup__E
                0x000000008000bba8       0x3c /home/dmitrii/ti/ccs930/ccs/workspace/Test_TimerPeriodic/src/sysbios/sysbios.aa8fg(knl_Swi.o)
                0x000000008000bba8                ti_sysbios_knl_Swi_Module_startup__E
 .text.ti_sysbios_knl_Swi_startup__E
                0x000000008000bbe4      0x104 /home/dmitrii/ti/ccs930/ccs/workspace/Test_TimerPeriodic/src/sysbios/sysbios.aa8fg(knl_Swi.o)
                0x000000008000bbe4                ti_sysbios_knl_Swi_startup__E
 .text.ti_sysbios_knl_Swi_enabled__E
                0x000000008000bce8       0x18 /home/dmitrii/ti/ccs930/ccs/workspace/Test_TimerPeriodic/src/sysbios/sysbios.aa8fg(knl_Swi.o)
                0x000000008000bce8                ti_sysbios_knl_Swi_enabled__E
 .text.ti_sysbios_knl_Swi_disable__E
                0x000000008000bd00       0x28 /home/dmitrii/ti/ccs930/ccs/workspace/Test_TimerPeriodic/src/sysbios/sysbios.aa8fg(knl_Swi.o)
                0x000000008000bd00                ti_sysbios_knl_Swi_disable__E
 .text.ti_sysbios_knl_Swi_restoreHwi__E
                0x000000008000bd28      0x27c /home/dmitrii/ti/ccs930/ccs/workspace/Test_TimerPeriodic/src/sysbios/sysbios.aa8fg(knl_Swi.o)
                0x000000008000bd28                ti_sysbios_knl_Swi_restoreHwi__E
 .text.ti_sysbios_knl_Swi_self__E
                0x000000008000bfa4       0x10 /home/dmitrii/ti/ccs930/ccs/workspace/Test_TimerPeriodic/src/sysbios/sysbios.aa8fg(knl_Swi.o)
                0x000000008000bfa4                ti_sysbios_knl_Swi_self__E
 .text.ti_sysbios_knl_Task_schedule__I
                0x000000008000bfb4      0x304 /home/dmitrii/ti/ccs930/ccs/workspace/Test_TimerPeriodic/src/sysbios/sysbios.aa8fg(knl_Task.o)
                0x000000008000bfb4                ti_sysbios_knl_Task_schedule(int0_t)
 .text.ti_sysbios_knl_Task_enter__I
                0x000000008000c2b8       0x3c /home/dmitrii/ti/ccs930/ccs/workspace/Test_TimerPeriodic/src/sysbios/sysbios.aa8fg(knl_Task.o)
                0x000000008000c2b8                ti_sysbios_knl_Task_enter(int0_t)
 .text.ti_sysbios_knl_Task_startCore__E
                0x000000008000c2f4      0x1bc /home/dmitrii/ti/ccs930/ccs/workspace/Test_TimerPeriodic/src/sysbios/sysbios.aa8fg(knl_Task.o)
                0x000000008000c2f4                ti_sysbios_knl_Task_startCore__E
 .text.ti_sysbios_knl_Task_startup__E
                0x000000008000c4b0        0x8 /home/dmitrii/ti/ccs930/ccs/workspace/Test_TimerPeriodic/src/sysbios/sysbios.aa8fg(knl_Task.o)
                0x000000008000c4b0                ti_sysbios_knl_Task_startup__E
 .text.ti_sysbios_knl_Task_disable__E
                0x000000008000c4b8       0x28 /home/dmitrii/ti/ccs930/ccs/workspace/Test_TimerPeriodic/src/sysbios/sysbios.aa8fg(knl_Task.o)
                0x000000008000c4b8                ti_sysbios_knl_Task_disable__E
 .text.ti_sysbios_knl_Task_restore__E
                0x000000008000c4e0       0x5c /home/dmitrii/ti/ccs930/ccs/workspace/Test_TimerPeriodic/src/sysbios/sysbios.aa8fg(knl_Task.o)
                0x000000008000c4e0                ti_sysbios_knl_Task_restore__E
 .text.ti_sysbios_knl_Task_restoreHwi__E
                0x000000008000c53c       0x4c /home/dmitrii/ti/ccs930/ccs/workspace/Test_TimerPeriodic/src/sysbios/sysbios.aa8fg(knl_Task.o)
                0x000000008000c53c                ti_sysbios_knl_Task_restoreHwi__E
 .text.ti_sysbios_knl_Task_self__E
                0x000000008000c588       0x10 /home/dmitrii/ti/ccs930/ccs/workspace/Test_TimerPeriodic/src/sysbios/sysbios.aa8fg(knl_Task.o)
                0x000000008000c588                ti_sysbios_knl_Task_self__E
 .text.ti_sysbios_knl_Task_sleep__E
                0x000000008000c598      0x278 /home/dmitrii/ti/ccs930/ccs/workspace/Test_TimerPeriodic/src/sysbios/sysbios.aa8fg(knl_Task.o)
                0x000000008000c598                ti_sysbios_knl_Task_sleep__E
 .text.ti_sysbios_knl_Task_Instance_finalize__E
                0x000000008000c810      0x23c /home/dmitrii/ti/ccs930/ccs/workspace/Test_TimerPeriodic/src/sysbios/sysbios.aa8fg(knl_Task.o)
                0x000000008000c810                ti_sysbios_knl_Task_Instance_finalize__E
 .text.ti_sysbios_knl_Task_getHookContext__E
                0x000000008000ca4c        0xc /home/dmitrii/ti/ccs930/ccs/workspace/Test_TimerPeriodic/src/sysbios/sysbios.aa8fg(knl_Task.o)
                0x000000008000ca4c                ti_sysbios_knl_Task_getHookContext__E
 .text.ti_sysbios_knl_Task_setHookContext__E
                0x000000008000ca58        0xc /home/dmitrii/ti/ccs930/ccs/workspace/Test_TimerPeriodic/src/sysbios/sysbios.aa8fg(knl_Task.o)
                0x000000008000ca58                ti_sysbios_knl_Task_setHookContext__E
 .text.ti_sysbios_knl_Task_getPri__E
                0x000000008000ca64        0x8 /home/dmitrii/ti/ccs930/ccs/workspace/Test_TimerPeriodic/src/sysbios/sysbios.aa8fg(knl_Task.o)
                0x000000008000ca64                ti_sysbios_knl_Task_getPri__E
 .text.ti_sysbios_knl_Task_blockI__E
                0x000000008000ca6c      0x11c /home/dmitrii/ti/ccs930/ccs/workspace/Test_TimerPeriodic/src/sysbios/sysbios.aa8fg(knl_Task.o)
                0x000000008000ca6c                ti_sysbios_knl_Task_blockI__E
 .text.ti_sysbios_knl_Task_exit__E
                0x000000008000cb88      0x1fc /home/dmitrii/ti/ccs930/ccs/workspace/Test_TimerPeriodic/src/sysbios/sysbios.aa8fg(knl_Task.o)
                0x000000008000cb88                ti_sysbios_knl_Task_exit__E
 .text.ti_sysbios_knl_Task_unblockI__E
                0x000000008000cd84      0x12c /home/dmitrii/ti/ccs930/ccs/workspace/Test_TimerPeriodic/src/sysbios/sysbios.aa8fg(knl_Task.o)
                0x000000008000cd84                ti_sysbios_knl_Task_unblockI__E
 .text.ti_sysbios_knl_Task_postInit__I
                0x000000008000ceb0      0x1f4 /home/dmitrii/ti/ccs930/ccs/workspace/Test_TimerPeriodic/src/sysbios/sysbios.aa8fg(knl_Task.o)
                0x000000008000ceb0                ti_sysbios_knl_Task_postInit(int0_t)
 .text.ti_sysbios_knl_Task_Module_startup__E
                0x000000008000d0a4       0xcc /home/dmitrii/ti/ccs930/ccs/workspace/Test_TimerPeriodic/src/sysbios/sysbios.aa8fg(knl_Task.o)
                0x000000008000d0a4                ti_sysbios_knl_Task_Module_startup__E
 .text.ti_sysbios_knl_Task_Instance_init__E
                0x000000008000d170      0x184 /home/dmitrii/ti/ccs930/ccs/workspace/Test_TimerPeriodic/src/sysbios/sysbios.aa8fg(knl_Task.o)
                0x000000008000d170                ti_sysbios_knl_Task_Instance_init__E
 .text.ti_sysbios_hal_Hwi_Module_startup__E
                0x000000008000d2f4       0x18 /home/dmitrii/ti/ccs930/ccs/workspace/Test_TimerPeriodic/src/sysbios/sysbios.aa8fg(hal_Hwi.o)
                0x000000008000d2f4                ti_sysbios_hal_Hwi_Module_startup__E
 .text.ti_sysbios_hal_Hwi_disableInterrupt__E
                0x000000008000d30c        0x4 /home/dmitrii/ti/ccs930/ccs/workspace/Test_TimerPeriodic/src/sysbios/sysbios.aa8fg(hal_Hwi.o)
                0x000000008000d30c                ti_sysbios_hal_Hwi_disableInterrupt__E
 .text.ti_sysbios_hal_Hwi_enableInterrupt__E
                0x000000008000d310        0x4 /home/dmitrii/ti/ccs930/ccs/workspace/Test_TimerPeriodic/src/sysbios/sysbios.aa8fg(hal_Hwi.o)
                0x000000008000d310                ti_sysbios_hal_Hwi_enableInterrupt__E
 .text.ti_sysbios_hal_Hwi_clearInterrupt__E
                0x000000008000d314        0x4 /home/dmitrii/ti/ccs930/ccs/workspace/Test_TimerPeriodic/src/sysbios/sysbios.aa8fg(hal_Hwi.o)
                0x000000008000d314                ti_sysbios_hal_Hwi_clearInterrupt__E
 .text.ti_sysbios_hal_Hwi_getStackInfo__E
                0x000000008000d318        0x4 /home/dmitrii/ti/ccs930/ccs/workspace/Test_TimerPeriodic/src/sysbios/sysbios.aa8fg(hal_Hwi.o)
                0x000000008000d318                ti_sysbios_hal_Hwi_getStackInfo__E
 .text.ti_sysbios_hal_Hwi_switchFromBootStack__E
                0x000000008000d31c        0x4 /home/dmitrii/ti/ccs930/ccs/workspace/Test_TimerPeriodic/src/sysbios/sysbios.aa8fg(hal_Hwi.o)
                0x000000008000d31c                ti_sysbios_hal_Hwi_switchFromBootStack__E
 .text.ti_sysbios_hal_Hwi_Instance_init__E
                0x000000008000d320       0x34 /home/dmitrii/ti/ccs930/ccs/workspace/Test_TimerPeriodic/src/sysbios/sysbios.aa8fg(hal_Hwi.o)
                0x000000008000d320                ti_sysbios_hal_Hwi_Instance_init__E
 .text.ti_sysbios_hal_Hwi_Instance_finalize__E
                0x000000008000d354       0x10 /home/dmitrii/ti/ccs930/ccs/workspace/Test_TimerPeriodic/src/sysbios/sysbios.aa8fg(hal_Hwi.o)
                0x000000008000d354                ti_sysbios_hal_Hwi_Instance_finalize__E
 .text.ti_sysbios_hal_Hwi_initStack
                0x000000008000d364       0x3c /home/dmitrii/ti/ccs930/ccs/workspace/Test_TimerPeriodic/src/sysbios/sysbios.aa8fg(hal_Hwi_stack.o)
                0x000000008000d364                ti_sysbios_hal_Hwi_initStack
 .text.ti_sysbios_hal_Hwi_checkStack
                0x000000008000d3a0       0x5c /home/dmitrii/ti/ccs930/ccs/workspace/Test_TimerPeriodic/src/sysbios/sysbios.aa8fg(hal_Hwi_stack.o)
                0x000000008000d3a0                ti_sysbios_hal_Hwi_checkStack
 .text.ti_sysbios_hal_Hwi_startup__E
                0x000000008000d3fc        0x4 /home/dmitrii/ti/ccs930/ccs/workspace/Test_TimerPeriodic/src/sysbios/sysbios.aa8fg(hal_Hwi_startup.o)
                0x000000008000d3fc                ti_sysbios_hal_Hwi_startup__E
 .text.ti_sysbios_hal_Timer_Module_startup__E
                0x000000008000d400       0x18 /home/dmitrii/ti/ccs930/ccs/workspace/Test_TimerPeriodic/src/sysbios/sysbios.aa8fg(hal_Timer.o)
                0x000000008000d400                ti_sysbios_hal_Timer_Module_startup__E
 .text.ti_sysbios_hal_Timer_Instance_init__E
                0x000000008000d418       0x34 /home/dmitrii/ti/ccs930/ccs/workspace/Test_TimerPeriodic/src/sysbios/sysbios.aa8fg(hal_Timer.o)
                0x000000008000d418                ti_sysbios_hal_Timer_Instance_init__E
 .text.ti_sysbios_hal_Timer_Instance_finalize__E
                0x000000008000d44c       0x10 /home/dmitrii/ti/ccs930/ccs/workspace/Test_TimerPeriodic/src/sysbios/sysbios.aa8fg(hal_Timer.o)
                0x000000008000d44c                ti_sysbios_hal_Timer_Instance_finalize__E
 .text.ti_sysbios_hal_Timer_start__E
                0x000000008000d45c        0x8 /home/dmitrii/ti/ccs930/ccs/workspace/Test_TimerPeriodic/src/sysbios/sysbios.aa8fg(hal_Timer.o)
                0x000000008000d45c                ti_sysbios_hal_Timer_start__E
 .text.ti_sysbios_rts_gnu_ReentSupport_Module_startup__E
                0x000000008000d464       0x40 /home/dmitrii/ti/ccs930/ccs/workspace/Test_TimerPeriodic/src/sysbios/sysbios.aa8fg(gnu_ReentSupport.o)
                0x000000008000d464                ti_sysbios_rts_gnu_ReentSupport_Module_startup__E
 .text.ti_sysbios_rts_gnu_ReentSupport_taskRegHook__I
                0x000000008000d4a4       0x10 /home/dmitrii/ti/ccs930/ccs/workspace/Test_TimerPeriodic/src/sysbios/sysbios.aa8fg(gnu_ReentSupport.o)
                0x000000008000d4a4                ti_sysbios_rts_gnu_ReentSupport_taskRegHook(int0_t)
 .text.ti_sysbios_rts_gnu_ReentSupport_taskDeleteHook__I
                0x000000008000d4b4       0x60 /home/dmitrii/ti/ccs930/ccs/workspace/Test_TimerPeriodic/src/sysbios/sysbios.aa8fg(gnu_ReentSupport.o)
                0x000000008000d4b4                ti_sysbios_rts_gnu_ReentSupport_taskDeleteHook(int0_t)
 .text.ti_sysbios_rts_gnu_ReentSupport_getReent__I
                0x000000008000d514       0xb0 /home/dmitrii/ti/ccs930/ccs/workspace/Test_TimerPeriodic/src/sysbios/sysbios.aa8fg(gnu_ReentSupport.o)
                0x000000008000d514                ti_sysbios_rts_gnu_ReentSupport_getReent(int0_t)
 .text.ti_sysbios_rts_gnu_SemiHostSupport_startup__I
                0x000000008000d5c4        0x4 /home/dmitrii/ti/ccs930/ccs/workspace/Test_TimerPeriodic/src/sysbios/sysbios.aa8fg(gnu_SemiHostSupport.o)
                0x000000008000d5c4                ti_sysbios_rts_gnu_SemiHostSupport_startup(int0_t)
 .text.ti_sysbios_family_arm_a8_Cache_startup__I
                0x000000008000d5c8      0x198 /home/dmitrii/ti/ccs930/ccs/workspace/Test_TimerPeriodic/src/sysbios/sysbios.aa8fg(a8_Cache.o)
                0x000000008000d5c8                ti_sysbios_family_arm_a8_Cache_startup(int0_t)
 .text.ti_sysbios_family_arm_a8_Cache_disable__E
                0x000000008000d760       0xb4 /home/dmitrii/ti/ccs930/ccs/workspace/Test_TimerPeriodic/src/sysbios/sysbios.aa8fg(a8_Cache.o)
                0x000000008000d760                ti_sysbios_family_arm_a8_Cache_disable__E
 .text.ti_sysbios_family_arm_a8_Cache_enable__E
                0x000000008000d814       0x48 /home/dmitrii/ti/ccs930/ccs/workspace/Test_TimerPeriodic/src/sysbios/sysbios.aa8fg(a8_Cache.o)
                0x000000008000d814                ti_sysbios_family_arm_a8_Cache_enable__E
 .text.ti_sysbios_family_arm_a8_Mmu_Module_startup__E
                0x000000008000d85c       0xf0 /home/dmitrii/ti/ccs930/ccs/workspace/Test_TimerPeriodic/src/sysbios/sysbios.aa8fg(a8_Mmu.o)
                0x000000008000d85c                ti_sysbios_family_arm_a8_Mmu_Module_startup__E
 .text.ti_sysbios_family_arm_a8_Mmu_disable__E
                0x000000008000d94c       0x48 /home/dmitrii/ti/ccs930/ccs/workspace/Test_TimerPeriodic/src/sysbios/sysbios.aa8fg(a8_Mmu.o)
                0x000000008000d94c                ti_sysbios_family_arm_a8_Mmu_disable__E
 .text.ti_sysbios_family_arm_a8_TimestampProvider_Module_startup__E
                0x000000008000d994       0x10 /home/dmitrii/ti/ccs930/ccs/workspace/Test_TimerPeriodic/src/sysbios/sysbios.aa8fg(a8_TimestampProvider.o)
                0x000000008000d994                ti_sysbios_family_arm_a8_TimestampProvider_Module_startup__E
 .text.ti_sysbios_family_arm_a8_TimestampProvider_get64__E
                0x000000008000d9a4       0x54 /home/dmitrii/ti/ccs930/ccs/workspace/Test_TimerPeriodic/src/sysbios/sysbios.aa8fg(a8_TimestampProvider.o)
                0x000000008000d9a4                ti_sysbios_family_arm_a8_TimestampProvider_get64__E
 .text.ti_sysbios_family_arm_a8_TimestampProvider_getFreq__E
                0x000000008000d9f8        0x4 /home/dmitrii/ti/ccs930/ccs/workspace/Test_TimerPeriodic/src/sysbios/sysbios.aa8fg(a8_TimestampProvider.o)
                0x000000008000d9f8                ti_sysbios_family_arm_a8_TimestampProvider_getFreq__E
 .text.ti_sysbios_family_arm_a8_intcps_Hwi_Module_startup__E
                0x000000008000d9fc      0x198 /home/dmitrii/ti/ccs930/ccs/workspace/Test_TimerPeriodic/src/sysbios/sysbios.aa8fg(intcps_Hwi.o)
                0x000000008000d9fc                ti_sysbios_family_arm_a8_intcps_Hwi_Module_startup__E
 .text.ti_sysbios_family_arm_a8_intcps_Hwi_Instance_finalize__E
                0x000000008000db94      0x1b8 /home/dmitrii/ti/ccs930/ccs/workspace/Test_TimerPeriodic/src/sysbios/sysbios.aa8fg(intcps_Hwi.o)
                0x000000008000db94                ti_sysbios_family_arm_a8_intcps_Hwi_Instance_finalize__E
 .text.ti_sysbios_family_arm_a8_intcps_Hwi_startup__E
                0x000000008000dd4c       0x1c /home/dmitrii/ti/ccs930/ccs/workspace/Test_TimerPeriodic/src/sysbios/sysbios.aa8fg(intcps_Hwi.o)
                0x000000008000dd4c                ti_sysbios_family_arm_a8_intcps_Hwi_startup__E
 .text.ti_sysbios_family_xxx_Hwi_switchToIsrStack
                0x000000008000dd68       0x20 /home/dmitrii/ti/ccs930/ccs/workspace/Test_TimerPeriodic/src/sysbios/sysbios.aa8fg(intcps_Hwi.o)