Archive member included to satisfy reference by file (symbol)

/home/dmitrii/ti/pdk_am335x_1_0_17/packages/ti/fs/fatfs/lib/a8/release/ti.fs.fatfs.aa8fg(ff.oa8fg)
                              ./fs_shell_app_utils.o (f_open)
/home/dmitrii/ti/pdk_am335x_1_0_17/packages/ti/fs/fatfs/lib/a8/release/ti.fs.fatfs.aa8fg(FATFS_drv.oa8fg)
                              ./main.o (FATFS_close)
/home/dmitrii/ti/pdk_am335x_1_0_17/packages/ti/fs/fatfs/lib/a8/release/ti.fs.fatfs.aa8fg(diskio.oa8fg)
                              /home/dmitrii/ti/pdk_am335x_1_0_17/packages/ti/fs/fatfs/lib/a8/release/ti.fs.fatfs.aa8fg(FATFS_drv.oa8fg) (disk_register)
/home/dmitrii/ti/pdk_am335x_1_0_17/packages/ti/drv/mmcsd/lib/a8/release/ti.drv.mmcsd.aa8fg(MMCSD_drv.oa8fg)
                              ./main.o (MMCSD_close)
/home/dmitrii/ti/pdk_am335x_1_0_17/packages/ti/drv/mmcsd/lib/a8/release/ti.drv.mmcsd.aa8fg(MMCSD_v1.oa8fg)
                              ./MMCSD_soc.o (MMCSD_v1_FxnTable)
/home/dmitrii/ti/pdk_am335x_1_0_17/packages/ti/drv/mmcsd/lib/a8/release/ti.drv.mmcsd.aa8fg(MMCSD_v1_lld.oa8fg)
                              /home/dmitrii/ti/pdk_am335x_1_0_17/packages/ti/drv/mmcsd/lib/a8/release/ti.drv.mmcsd.aa8fg(MMCSD_v1.oa8fg) (HSMMCSDSoftReset)
/home/dmitrii/ti/pdk_am335x_1_0_17/packages/ti/drv/gpio/lib/a8/release/ti.drv.gpio.aa8fg(GPIO_drv.oa8fg)
                              ./main.o (GPIO_enableInt)
/home/dmitrii/ti/pdk_am335x_1_0_17/packages/ti/drv/gpio/lib/a8/release/ti.drv.gpio.aa8fg(GPIO_v1.oa8fg)
                              ./GPIO_soc.o (GPIO_FxnTable_v1)
/home/dmitrii/ti/pdk_am335x_1_0_17/packages/ti/board/lib/bbbAM335x/a8/release/ti.board.aa8fg(bbbAM335x.oa8fg)
                              ./main.o (Board_init)
/home/dmitrii/ti/pdk_am335x_1_0_17/packages/ti/board/lib/bbbAM335x/a8/release/ti.board.aa8fg(bbbAM335x_lld_init.oa8fg)
                              /home/dmitrii/ti/pdk_am335x_1_0_17/packages/ti/board/lib/bbbAM335x/a8/release/ti.board.aa8fg(bbbAM335x.oa8fg) (Board_uartStdioInit)
/home/dmitrii/ti/pdk_am335x_1_0_17/packages/ti/board/lib/bbbAM335x/a8/release/ti.board.aa8fg(bbbAM335x_pinmux.oa8fg)
                              /home/dmitrii/ti/pdk_am335x_1_0_17/packages/ti/board/lib/bbbAM335x/a8/release/ti.board.aa8fg(bbbAM335x.oa8fg) (Board_pinmuxConfig)
/home/dmitrii/ti/pdk_am335x_1_0_17/packages/ti/board/lib/bbbAM335x/a8/release/ti.board.aa8fg(am335x_chipdb.oa8fg)
                              /home/dmitrii/ti/pdk_am335x_1_0_17/packages/ti/board/lib/bbbAM335x/a8/release/ti.board.aa8fg(bbbAM335x_pinmux.oa8fg) (CHIPDBBaseAddress)
/home/dmitrii/ti/pdk_am335x_1_0_17/packages/ti/board/lib/bbbAM335x/a8/release/ti.board.aa8fg(am335x_prcm.oa8fg)
                              /home/dmitrii/ti/pdk_am335x_1_0_17/packages/ti/board/lib/bbbAM335x/a8/release/ti.board.aa8fg(bbbAM335x.oa8fg) (PRCMModuleEnable)
/home/dmitrii/ti/pdk_am335x_1_0_17/packages/ti/board/lib/bbbAM335x/a8/release/ti.board.aa8fg(hw_am335x_chipdb.oa8fg)
                              /home/dmitrii/ti/pdk_am335x_1_0_17/packages/ti/board/lib/bbbAM335x/a8/release/ti.board.aa8fg(am335x_chipdb.oa8fg) (CHIPDBSpeedGradeProcID)
/home/dmitrii/ti/pdk_am335x_1_0_17/packages/ti/board/lib/bbbAM335x/a8/release/ti.board.aa8fg(hw_am335x_chipdb_baseaddr.oa8fg)
                              /home/dmitrii/ti/pdk_am335x_1_0_17/packages/ti/board/lib/bbbAM335x/a8/release/ti.board.aa8fg(am335x_chipdb.oa8fg) (gChipDBBaseAddrTable)
/home/dmitrii/ti/pdk_am335x_1_0_17/packages/ti/board/lib/bbbAM335x/a8/release/ti.board.aa8fg(hw_am335x_chipdb_interrupt.oa8fg)
                              /home/dmitrii/ti/pdk_am335x_1_0_17/packages/ti/board/lib/bbbAM335x/a8/release/ti.board.aa8fg(am335x_chipdb.oa8fg) (gChipDBInterruptTables)
/home/dmitrii/ti/pdk_am335x_1_0_17/packages/ti/board/lib/bbbAM335x/a8/release/ti.board.aa8fg(am335x_beagleboneblack_pinmux_data.oa8fg)
                              /home/dmitrii/ti/pdk_am335x_1_0_17/packages/ti/board/lib/bbbAM335x/a8/release/ti.board.aa8fg(bbbAM335x_pinmux.oa8fg) (gBbbPinmuxData)
/home/dmitrii/ti/pdk_am335x_1_0_17/packages/ti/drv/i2c/lib/am335x/a8/release/ti.drv.i2c.aa8fg(I2C_drv.oa8fg)
                              /home/dmitrii/ti/pdk_am335x_1_0_17/packages/ti/board/lib/bbbAM335x/a8/release/ti.board.aa8fg(bbbAM335x_lld_init.oa8fg) (I2C_init)
/home/dmitrii/ti/pdk_am335x_1_0_17/packages/ti/drv/i2c/lib/am335x/a8/release/ti.drv.i2c.aa8fg(I2C_soc.oa8fg)
                              /home/dmitrii/ti/pdk_am335x_1_0_17/packages/ti/board/lib/bbbAM335x/a8/release/ti.board.aa8fg(bbbAM335x_lld_init.oa8fg) (I2C_config)
/home/dmitrii/ti/pdk_am335x_1_0_17/packages/ti/drv/i2c/lib/am335x/a8/release/ti.drv.i2c.aa8fg(I2C_v2.oa8fg)
                              /home/dmitrii/ti/pdk_am335x_1_0_17/packages/ti/drv/i2c/lib/am335x/a8/release/ti.drv.i2c.aa8fg(I2C_soc.oa8fg) (I2C_v2_FxnTable)
/home/dmitrii/ti/pdk_am335x_1_0_17/packages/ti/drv/i2c/lib/am335x/a8/release/ti.drv.i2c.aa8fg(I2C_v1.oa8fg)
[...]
Memory Configuration

Name             Origin             Length             Attributes
SRAM_LO          0x00000000402f0000 0x0000000000000400 xrw
SRAM_HI          0x00000000402f0400 0x000000000000fc00 xrw
OCMC_SRAM        0x0000000040300000 0x0000000000010000 xrw
DDR2             0x0000000080000000 0x0000000010000000
*default*        0x0000000000000000 0xffffffffffffffff

Linker script and memory map

                0x000000000001c000                STACKSIZE = 0x1c000
                0x0000000000000400                HEAPSIZE = 0x400
LOAD ./FATFS_log.o
LOAD ./GPIO_soc.o
LOAD ./MMCSD_soc.o
LOAD ./UART_soc.o
LOAD ./fs_shell_app_utils.o
LOAD ./main.o
                0x0000000000004000                __TI_STACK_SIZE = 0x4000
                0x0000000000004000                __STACK_SIZE = __TI_STACK_SIZE
                0x0000000000000000                __HEAP_SIZE = 0x0
LOAD /home/dmitrii/ti/ccs930/ccs/workspace/Test_FatFS/Debug/configPkg/package/cfg/app_pa8fg.oa8fg
LOAD /home/dmitrii/ti/pdk_am335x_1_0_17/packages/ti/fs/fatfs/lib/a8/release/ti.fs.fatfs.aa8fg
LOAD /home/dmitrii/ti/pdk_am335x_1_0_17/packages/ti/drv/mmcsd/lib/a8/release/ti.drv.mmcsd.aa8fg
LOAD /home/dmitrii/ti/pdk_am335x_1_0_17/packages/ti/drv/gpio/lib/a8/release/ti.drv.gpio.aa8fg
LOAD /home/dmitrii/ti/pdk_am335x_1_0_17/packages/ti/board/lib/bbbAM335x/a8/release/ti.board.aa8fg
LOAD /home/dmitrii/ti/pdk_am335x_1_0_17/packages/ti/drv/i2c/lib/am335x/a8/release/ti.drv.i2c.aa8fg
LOAD /home/dmitrii/ti/pdk_am335x_1_0_17/packages/ti/drv/uart/lib/a8/release/ti.drv.uart.aa8fg
LOAD /home/dmitrii/ti/pdk_am335x_1_0_17/packages/ti/osal/lib/tirtos/am335x/a8/release/ti.osal.aa8fg
LOAD /home/dmitrii/ti/ccs930/ccs/workspace/Test_FatFS/src/sysbios/sysbios.aa8fg
LOAD /home/dmitrii/ti/pdk_am335x_1_0_17/packages/ti/utils/profiling/lib/a8/release/ti.utils.profiling.aa8fg
LOAD /home/dmitrii/ti/pdk_am335x_1_0_17/packages/ti/csl/lib/am335x/a8/release/ti.csl.aa8fg
LOAD /home/dmitrii/ti/bios_6_76_03_01/packages/gnu/targets/arm/rtsv7A/lib/gnu.targets.arm.rtsv7A.aa8fg
LOAD /home/dmitrii/ti/bios_6_76_03_01/packages/gnu/targets/arm/rtsv7A/lib/boot.aa8fg
LOAD /home/dmitrii/ti/bios_6_76_03_01/packages/gnu/targets/arm/rtsv7A/lib/syscalls.aa8fg
                0x0000000000000001                xdc_runtime_Startup__EXECFXN__C = 0x1
                0x0000000000000001                xdc_runtime_Startup__RESETFXN__C = 0x1
                0x0000000000000001                xdc_rov_runtime_Mon__checksum = 0x1
                0x0000000000000001                xdc_rov_runtime_Mon__write = 0x1
                0x0000000048200000                ti_sysbios_family_arm_a8_intcps_Hwi_intc = 0x48200000

.c_int00        0x0000000080000000       0xb4
 *(.c_int00)
 .c_int00       0x0000000080000000       0xb4 /home/dmitrii/ti/bios_6_76_03_01/packages/gnu/targets/arm/rtsv7A/lib/boot.aa8fg(boot.oa8fg)
                0x0000000080000000                _c_int00

.text           0x00000000800000c0    0x1adb0
 CREATE_OBJECT_SYMBOLS
 *(.resetVecs)
 *(.text)
 .text          0x00000000800000c0       0x38 ./FATFS_log.o
                0x00000000800000c0                Board_initUART
                0x00000000800000e4                ConsoleUtilsInit
 .text          0x00000000800000f8        0x0 ./GPIO_soc.o
 .text          0x00000000800000f8        0x4 ./MMCSD_soc.o
                0x00000000800000f8                MMCSD_soc_l2_global_addr
 .text          0x00000000800000fc       0x70 ./UART_soc.o
                0x00000000800000fc                UART_socGetInitCfg
                0x0000000080000138                UART_socSetInitCfg
 .text          0x000000008000016c      0xa64 ./fs_shell_app_utils.o
                0x000000008000016c                FSShellAppUtilsCmdPwd
                0x000000008000018c                FSShellAppUtilsCmdHelp
                0x00000000800001dc                FSShellAppUtilsCmdLs
                0x0000000080000504                FSShellAppUtilsCmdRm
                0x0000000080000540                FSShellAppUtilsCmdCd
                0x00000000800005b4                FSShellAppUtilsCmdMkDir
                0x0000000080000604                FSShellAppUtilsCmdCat
                0x0000000080000848                FSShellAppUtilsInit
                0x0000000080000850                FSShellAppUtilsCmdExecute
                0x0000000080000934                FSShellAppUtilsProcess
 .text          0x0000000080000bd0      0xed0 ./main.o
                0x0000000080000f80                AppGpioCallbackFxn
                0x00000000800011a8                AES_init_ctx_iv
                0x00000000800011dc                AES_ctx_set_iv
                0x0000000080001204                AES_CTR_xcrypt_buffer
                0x00000000800012cc                sgenrand
                0x000000008000133c                genrand
                0x00000000800014e0                fatfs_console
                0x0000000080001a00                taskFxn
                0x0000000080001a10                main
                0x0000000080001a54                media_open
                0x0000000080001a80                media_close
 .text          0x0000000080001aa0        0x0 /home/dmitrii/ti/ccs930/ccs/workspace/Test_FatFS/Debug/configPkg/package/cfg/app_pa8fg.oa8fg
 .text          0x0000000080001aa0        0x0 /home/dmitrii/ti/pdk_am335x_1_0_17/packages/ti/fs/fatfs/lib/a8/release/ti.fs.fatfs.aa8fg(ff.oa8fg)
 .text          0x0000000080001aa0        0x0 /home/dmitrii/ti/pdk_am335x_1_0_17/packages/ti/fs/fatfs/lib/a8/release/ti.fs.fatfs.aa8fg(FATFS_drv.oa8fg)
 .text          0x0000000080001aa0        0x0 /home/dmitrii/ti/pdk_am335x_1_0_17/packages/ti/fs/fatfs/lib/a8/release/ti.fs.fatfs.aa8fg(diskio.oa8fg)
 .text          0x0000000080001aa0        0x0 /home/dmitrii/ti/pdk_am335x_1_0_17/packages/ti/drv/mmcsd/lib/a8/release/ti.drv.mmcsd.aa8fg(MMCSD_drv.oa8fg)
 .text          0x0000000080001aa0        0x0 /home/dmitrii/ti/pdk_am335x_1_0_17/packages/ti/drv/mmcsd/lib/a8/release/ti.drv.mmcsd.aa8fg(MMCSD_v1.oa8fg)
 .text          0x0000000080001aa0        0x0 /home/dmitrii/ti/pdk_am335x_1_0_17/packages/ti/drv/mmcsd/lib/a8/release/ti.drv.mmcsd.aa8fg(MMCSD_v1_lld.oa8fg)
 .text          0x0000000080001aa0        0x0 /home/dmitrii/ti/pdk_am335x_1_0_17/packages/ti/drv/gpio/lib/a8/release/ti.drv.gpio.aa8fg(GPIO_drv.oa8fg)
 .text          0x0000000080001aa0        0x0 /home/dmitrii/ti/pdk_am335x_1_0_17/packages/ti/drv/gpio/lib/a8/release/ti.drv.gpio.aa8fg(GPIO_v1.oa8fg)
 .text          0x0000000080001aa0        0x0 /home/dmitrii/ti/pdk_am335x_1_0_17/packages/ti/board/lib/bbbAM335x/a8/release/ti.board.aa8fg(bbbAM335x.oa8fg)
 .text          0x0000000080001aa0        0x0 /home/dmitrii/ti/pdk_am335x_1_0_17/packages/ti/board/lib/bbbAM335x/a8/release/ti.board.aa8fg(bbbAM335x_lld_init.oa8fg)
 .text          0x0000000080001aa0        0x0 /home/dmitrii/ti/pdk_am335x_1_0_17/packages/ti/board/lib/bbbAM335x/a8/release/ti.board.aa8fg(bbbAM335x_pinmux.oa8fg)
 .text          0x0000000080001aa0        0x0 /home/dmitrii/ti/pdk_am335x_1_0_17/packages/ti/board/lib/bbbAM335x/a8/release/ti.board.aa8fg(am335x_chipdb.oa8fg)
 .text          0x0000000080001aa0        0x0 /home/dmitrii/ti/pdk_am335x_1_0_17/packages/ti/board/lib/bbbAM335x/a8/release/ti.board.aa8fg(am335x_prcm.oa8fg)
 .text          0x0000000080001aa0        0x0 /home/dmitrii/ti/pdk_am335x_1_0_17/packages/ti/board/lib/bbbAM335x/a8/release/ti.board.aa8fg(hw_am335x_chipdb.oa8fg)
 .text          0x0000000080001aa0        0x0 /home/dmitrii/ti/pdk_am335x_1_0_17/packages/ti/board/lib/bbbAM335x/a8/release/ti.board.aa8fg(hw_am335x_chipdb_baseaddr.oa8fg)
 .text          0x0000000080001aa0        0x0 /home/dmitrii/ti/pdk_am335x_1_0_17/packages/ti/board/lib/bbbAM335x/a8/release/ti.board.aa8fg(hw_am335x_chipdb_interrupt.oa8fg)
 .text          0x0000000080001aa0        0x0 /home/dmitrii/ti/pdk_am335x_1_0_17/packages/ti/board/lib/bbbAM335x/a8/release/ti.board.aa8fg(am335x_beagleboneblack_pinmux_data.oa8fg)
 .text          0x0000000080001aa0        0x0 /home/dmitrii/ti/pdk_am335x_1_0_17/packages/ti/drv/i2c/lib/am335x/a8/release/ti.drv.i2c.aa8fg(I2C_drv.oa8fg)
 .text          0x0000000080001aa0        0x0 /home/dmitrii/ti/pdk_am335x_1_0_17/packages/ti/drv/i2c/lib/am335x/a8/release/ti.drv.i2c.aa8fg(I2C_soc.oa8fg)
 .text          0x0000000080001aa0        0x0 /home/dmitrii/ti/pdk_am335x_1_0_17/packages/ti/drv/i2c/lib/am335x/a8/release/ti.drv.i2c.aa8fg(I2C_v2.oa8fg)
 .text          0x0000000080001aa0        0x0 /home/dmitrii/ti/pdk_am335x_1_0_17/packages/ti/drv/i2c/lib/am335x/a8/release/ti.drv.i2c.aa8fg(I2C_v1.oa8fg)
 .text          0x0000000080001aa0        0x0 /home/dmitrii/ti/pdk_am335x_1_0_17/packages/ti/drv/uart/lib/a8/release/ti.drv.uart.aa8fg(UART_v1.oa8fg)
 .text          0x0000000080001aa0        0x0 /home/dmitrii/ti/pdk_am335x_1_0_17/packages/ti/drv/uart/lib/a8/release/ti.drv.uart.aa8fg(UART_stdio.oa8fg)
 .text          0x0000000080001aa0        0x0 /home/dmitrii/ti/pdk_am335x_1_0_17/packages/ti/drv/uart/lib/a8/release/ti.drv.uart.aa8fg(UART_ascii_utils.oa8fg)
 .text          0x0000000080001aa0        0x0 /home/dmitrii/ti/pdk_am335x_1_0_17/packages/ti/drv/uart/lib/a8/release/ti.drv.uart.aa8fg(UART_drv.oa8fg)
 .text          0x0000000080001aa0        0x0 /home/dmitrii/ti/pdk_am335x_1_0_17/packages/ti/osal/lib/tirtos/am335x/a8/release/ti.osal.aa8fg(SemaphoreP_tirtos.oa8fg)
 .text          0x0000000080001aa0        0x0 /home/dmitrii/ti/pdk_am335x_1_0_17/packages/ti/osal/lib/tirtos/am335x/a8/release/ti.osal.aa8fg(HwiP_tirtos.oa8fg)
 .text          0x0000000080001aa0        0x0 /home/dmitrii/ti/pdk_am335x_1_0_17/packages/ti/osal/lib/tirtos/am335x/a8/release/ti.osal.aa8fg(Utils_tirtos.oa8fg)
 .text          0x0000000080001aa0        0x0 /home/dmitrii/ti/pdk_am335x_1_0_17/packages/ti/osal/lib/tirtos/am335x/a8/release/ti.osal.aa8fg(RegisterIntr_tirtos.oa8fg)
 .text          0x0000000080001aa0        0x0 /home/dmitrii/ti/pdk_am335x_1_0_17/packages/ti/osal/lib/tirtos/am335x/a8/release/ti.osal.aa8fg(MuxIntcP_tirtos.oa8fg)
 .text          0x0000000080001aa0        0x0 /home/dmitrii/ti/ccs930/ccs/workspace/Test_FatFS/src/sysbios/sysbios.aa8fg(arm_TaskSupport_asm_gnu.o)
 .text          0x0000000080001aa0        0x0 /home/dmitrii/ti/ccs930/ccs/workspace/Test_FatFS/src/sysbios/sysbios.aa8fg(a8_Cache_asm_gnu.o)
 .text          0x0000000080001aa0        0x0 /home/dmitrii/ti/ccs930/ccs/workspace/Test_FatFS/src/sysbios/sysbios.aa8fg(a8_TimestampProvider_asm_gnu.o)
 .text          0x0000000080001aa0        0x0 /home/dmitrii/ti/ccs930/ccs/workspace/Test_FatFS/src/sysbios/sysbios.aa8fg(intcps_Hwi_asm_gnu.o)
 .text          0x0000000080001aa0        0x0 /home/dmitrii/ti/ccs930/ccs/workspace/Test_FatFS/src/sysbios/sysbios.aa8fg(exc_Exception_asm_gnu.o)
 .text          0x0000000080001aa0        0x0 /home/dmitrii/ti/ccs930/ccs/workspace/Test_FatFS/src/sysbios/sysbios.aa8fg(_BIOS.o)
 .text          0x0000000080001aa0        0x0 /home/dmitrii/ti/ccs930/ccs/workspace/Test_FatFS/src/sysbios/sysbios.aa8fg(arm_IntrinsicsSupport.o)
 .text          0x0000000080001aa0        0x0 /home/dmitrii/ti/ccs930/ccs/workspace/Test_FatFS/src/sysbios/sysbios.aa8fg(arm_TaskSupport.o)
 .text          0x0000000080001aa0        0x0 /home/dmitrii/ti/ccs930/ccs/workspace/Test_FatFS/src/sysbios/sysbios.aa8fg(knl_Clock.o)
 .text          0x0000000080001aa0        0x0 /home/dmitrii/ti/ccs930/ccs/workspace/Test_FatFS/src/sysbios/sysbios.aa8fg(knl_Queue.o)
 .text          0x0000000080001aa0        0x0 /home/dmitrii/ti/ccs930/ccs/workspace/Test_FatFS/src/sysbios/sysbios.aa8fg(knl_Semaphore.o)
 .text          0x0000000080001aa0        0x0 /home/dmitrii/ti/ccs930/ccs/workspace/Test_FatFS/src/sysbios/sysbios.aa8fg(knl_Swi.o)
 .text          0x0000000080001aa0        0x0 /home/dmitrii/ti/ccs930/ccs/workspace/Test_FatFS/src/sysbios/sysbios.aa8fg(knl_Task.o)
 .text          0x0000000080001aa0        0x0 /home/dmitrii/ti/ccs930/ccs/workspace/Test_FatFS/src/sysbios/sysbios.aa8fg(hal_Core.o)
 .text          0x0000000080001aa0        0x0 /home/dmitrii/ti/ccs930/ccs/workspace/Test_FatFS/src/sysbios/sysbios.aa8fg(hal_CoreNull.o)
 .text          0x0000000080001aa0        0x0 /home/dmitrii/ti/ccs930/ccs/workspace/Test_FatFS/src/sysbios/sysbios.aa8fg(hal_Hwi.o)
 .text          0x0000000080001aa0        0x0 /home/dmitrii/ti/ccs930/ccs/workspace/Test_FatFS/src/sysbios/sysbios.aa8fg(hal_Hwi_stack.o)
 .text          0x0000000080001aa0        0x0 /home/dmitrii/ti/ccs930/ccs/workspace/Test_FatFS/src/sysbios/sysbios.aa8fg(hal_Hwi_startup.o)
 .text          0x0000000080001aa0        0x0 /home/dmitrii/ti/ccs930/ccs/workspace/Test_FatFS/src/sysbios/sysbios.aa8fg(hal_Timer.o)
 .text          0x0000000080001aa0        0x0 /home/dmitrii/ti/ccs930/ccs/workspace/Test_FatFS/src/sysbios/sysbios.aa8fg(gnu_ReentSupport.o)
 .text          0x0000000080001aa0        0x0 /home/dmitrii/ti/ccs930/ccs/workspace/Test_FatFS/src/sysbios/sysbios.aa8fg(gnu_SemiHostSupport.o)
 .text          0x0000000080001aa0        0x0 /home/dmitrii/ti/ccs930/ccs/workspace/Test_FatFS/src/sysbios/sysbios.aa8fg(heaps_HeapMem.o)
 .text          0x0000000080001aa0        0x0 /home/dmitrii/ti/ccs930/ccs/workspace/Test_FatFS/src/sysbios/sysbios.aa8fg(a8_Cache.o)
 .text          0x0000000080001aa0        0x0 /home/dmitrii/ti/ccs930/ccs/workspace/Test_FatFS/src/sysbios/sysbios.aa8fg(a8_Mmu.o)
 .text          0x0000000080001aa0        0x0 /home/dmitrii/ti/ccs930/ccs/workspace/Test_FatFS/src/sysbios/sysbios.aa8fg(a8_TimestampProvider.o)
 .text          0x0000000080001aa0        0x0 /home/dmitrii/ti/ccs930/ccs/workspace/Test_FatFS/src/sysbios/sysbios.aa8fg(intcps_Hwi.o)
 .text          0x0000000080001aa0        0x0 /home/dmitrii/ti/ccs930/ccs/workspace/Test_FatFS/src/sysbios/sysbios.aa8fg(exc_Exception.o)
 .text          0x0000000080001aa0        0x0 /home/dmitrii/ti/ccs930/ccs/workspace/Test_FatFS/src/sysbios/sysbios.aa8fg(gates_GateHwi.o)
 .text          0x0000000080001aa0        0x0 /home/dmitrii/ti/ccs930/ccs/workspace/Test_FatFS/src/sysbios/sysbios.aa8fg(gates_GateMutex.o)
 .text          0x0000000080001aa0        0x0 /home/dmitrii/ti/ccs930/ccs/workspace/Test_FatFS/src/sysbios/sysbios.aa8fg(dmtimer_Timer.o)
 .text          0x0000000080001aa0        0x0 /home/dmitrii/ti/ccs930/ccs/workspace/Test_FatFS/src/sysbios/sysbios.aa8fg(ti81xx_TimerSupport.o)
 .text          0x0000000080001aa0        0x0 /home/dmitrii/ti/ccs930/ccs/workspace/Test_FatFS/src/sysbios/sysbios.aa8fg(arm_IntrinsicsSupport_asm_gnu.o)
 .text          0x0000000080001aa0        0x0 /home/dmitrii/ti/ccs930/ccs/workspace/Test_FatFS/src/sysbios/sysbios.aa8fg(a8_Mmu_asm_gnu.o)
 .text          0x0000000080001aa0        0xc /home/dmitrii/ti/ccs930/ccs/workspace/Test_FatFS/src/sysbios/sysbios.aa8fg(dmtimer_Timer_asm_gnu.o)
                0x0000000080001aa0                ti_sysbios_timers_dmtimer_Timer_spinLoop(int0_t)
 .text          0x0000000080001aac        0x0 /home/dmitrii/ti/ccs930/ccs/workspace/Test_FatFS/src/sysbios/sysbios.aa8fg(knl_Idle.o)
 .text          0x0000000080001aac        0x0 /home/dmitrii/ti/pdk_am335x_1_0_17/packages/ti/csl/lib/am335x/a8/release/ti.csl.aa8fg(gpio_v2.oa8fg)
 .text          0x0000000080001aac        0x0 /home/dmitrii/ti/pdk_am335x_1_0_17/packages/ti/csl/lib/am335x/a8/release/ti.csl.aa8fg(i2c.oa8fg)
 .text          0x0000000080001aac        0x0 /home/dmitrii/ti/pdk_am335x_1_0_17/packages/ti/csl/lib/am335x/a8/release/ti.csl.aa8fg(uart.oa8fg)
 .text          0x0000000080001aac        0x0 /home/dmitrii/ti/bios_6_76_03_01/packages/gnu/targets/arm/rtsv7A/lib/gnu.targets.arm.rtsv7A.aa8fg(Assert.oa8fg)
 .text          0x0000000080001aac        0x0 /home/dmitrii/ti/bios_6_76_03_01/packages/gnu/targets/arm/rtsv7A/lib/gnu.targets.arm.rtsv7A.aa8fg(Core-mem.oa8fg)
 .text          0x0000000080001aac        0x0 /home/dmitrii/ti/bios_6_76_03_01/packages/gnu/targets/arm/rtsv7A/lib/gnu.targets.arm.rtsv7A.aa8fg(Core-smem.oa8fg)
 .text          0x0000000080001aac        0x0 /home/dmitrii/ti/bios_6_76_03_01/packages/gnu/targets/arm/rtsv7A/lib/gnu.targets.arm.rtsv7A.aa8fg(Core-label.oa8fg)
 .text          0x0000000080001aac        0x0 /home/dmitrii/ti/bios_6_76_03_01/packages/gnu/targets/arm/rtsv7A/lib/gnu.targets.arm.rtsv7A.aa8fg(Core-params.oa8fg)
 .text          0x0000000080001aac        0x0 /home/dmitrii/ti/bios_6_76_03_01/packages/gnu/targets/arm/rtsv7A/lib/gnu.targets.arm.rtsv7A.aa8fg(Error.oa8fg)
 .text          0x0000000080001aac        0x0 /home/dmitrii/ti/bios_6_76_03_01/packages/gnu/targets/arm/rtsv7A/lib/gnu.targets.arm.rtsv7A.aa8fg(Gate.oa8fg)
 .text          0x0000000080001aac        0x0 /home/dmitrii/ti/bios_6_76_03_01/packages/gnu/targets/arm/rtsv7A/lib/gnu.targets.arm.rtsv7A.aa8fg(LoggerBuf.oa8fg)
 .text          0x0000000080001aac        0x0 /home/dmitrii/ti/bios_6_76_03_01/packages/gnu/targets/arm/rtsv7A/lib/gnu.targets.arm.rtsv7A.aa8fg(Memory.oa8fg)
 .text          0x0000000080001aac        0x0 /home/dmitrii/ti/bios_6_76_03_01/packages/gnu/targets/arm/rtsv7A/lib/gnu.targets.arm.rtsv7A.aa8fg(Startup.oa8fg)
 .text          0x0000000080001aac        0x0 /home/dmitrii/ti/bios_6_76_03_01/packages/gnu/targets/arm/rtsv7A/lib/gnu.targets.arm.rtsv7A.aa8fg(System.oa8fg)
 .text          0x0000000080001aac        0x0 /home/dmitrii/ti/bios_6_76_03_01/packages/gnu/targets/arm/rtsv7A/lib/gnu.targets.arm.rtsv7A.aa8fg(SysMin.oa8fg)
 .text          0x0000000080001aac        0x0 /home/dmitrii/ti/bios_6_76_03_01/packages/gnu/targets/arm/rtsv7A/lib/gnu.targets.arm.rtsv7A.aa8fg(Text.oa8fg)
 .text          0x0000000080001aac        0x0 /home/dmitrii/ti/bios_6_76_03_01/packages/gnu/targets/arm/rtsv7A/lib/gnu.targets.arm.rtsv7A.aa8fg(Timestamp.oa8fg)
 .text          0x0000000080001aac        0x0 /home/dmitrii/ti/bios_6_76_03_01/packages/gnu/targets/arm/rtsv7A/lib/gnu.targets.arm.rtsv7A.aa8fg(xdc_noinit.oa8fg)
 .text          0x0000000080001aac        0x0 /home/dmitrii/ti/bios_6_76_03_01/packages/gnu/targets/arm/rtsv7A/lib/gnu.targets.arm.rtsv7A.aa8fg(Log.oa8fg)
 .text          0x0000000080001aac        0x0 /home/dmitrii/ti/bios_6_76_03_01/packages/gnu/targets/arm/rtsv7A/lib/gnu.targets.arm.rtsv7A.aa8fg(Registry.oa8fg)
 .text          0x0000000080001aac        0x0 /home/dmitrii/ti/bios_6_76_03_01/packages/gnu/targets/arm/rtsv7A/lib/boot.aa8fg(boot.oa8fg)
 .text          0x0000000080001aac        0x0 /home/dmitrii/ti/bios_6_76_03_01/packages/gnu/targets/arm/rtsv7A/lib/boot.aa8fg(startup.oa8fg)
 .text          0x0000000080001aac        0x0 /home/dmitrii/ti/bios_6_76_03_01/packages/gnu/targets/arm/rtsv7A/lib/syscalls.aa8fg(syscalls.oa8fg)
 .text          0x0000000080001aac      0x114 /home/dmitrii/ti/ccs930/ccs/tools/compiler/gcc-arm-none-eabi-7-2017-q4-major/bin/../lib/gcc/arm-none-eabi/7.2.1/hard/libgcc.a(_udivsi3.o)
                0x0000000080001aac                __udivsi3
                0x0000000080001aac                __aeabi_uidiv
                0x0000000080001ba0                __aeabi_uidivmod
 .text          0x0000000080001bc0        0x4 /home/dmitrii/ti/ccs930/ccs/tools/compiler/gcc-arm-none-eabi-7-2017-q4-major/bin/../lib/gcc/arm-none-eabi/7.2.1/hard/libgcc.a(_dvmd_tls.o)
                0x0000000080001bc0                __aeabi_ldiv0
                0x0000000080001bc0                __aeabi_idiv0
 .text          0x0000000080001bc4       0xd4 /home/dmitrii/ti/ccs930/ccs/tools/compiler/gcc-arm-none-eabi-7-2017-q4-major/bin/../lib/gcc/arm-none-eabi/7.2.1/hard/libgcc.a(_aeabi_ldivmod.o)
                0x0000000080001bc4                __aeabi_ldivmod
 .text          0x0000000080001c98       0x3c /home/dmitrii/ti/ccs930/ccs/tools/compiler/gcc-arm-none-eabi-7-2017-q4-major/bin/../lib/gcc/arm-none-eabi/7.2.1/hard/libgcc.a(_aeabi_uldivmod.o)
                0x0000000080001c98                __aeabi_uldivmod
 .text          0x0000000080001cd4      0x16c /home/dmitrii/ti/ccs930/ccs/tools/compiler/gcc-arm-none-eabi-7-2017-q4-major/bin/../lib/gcc/arm-none-eabi/7.2.1/hard/libgcc.a(_udivmoddi4.o)
                0x0000000080001cd4                __udivmoddi4
 .text          0x0000000080001e40       0x28 /home/dmitrii/ti/ccs930/ccs/tools/compiler/gcc-arm-none-eabi-7-2017-q4-major/bin/../lib/gcc/arm-none-eabi/7.2.1/hard/libgcc.a(_clzdi2.o)
                0x0000000080001e40                __clzdi2
 .text          0x0000000080001e68       0x48 /home/dmitrii/ti/ccs930/ccs/tools/compiler/gcc-arm-none-eabi-7-2017-q4-major/bin/../lib/gcc/arm-none-eabi/7.2.1/hard/libgcc.a(_clzsi2.o)
                0x0000000080001e68                __clzsi2
 .text          0x0000000080001eb0        0x0 /home/dmitrii/ti/bios_6_76_03_01/packages/gnu/targets/arm/libs/install-native/arm-none-eabi/lib/hard/librdimon_nano.a(rdimon-syscalls.o)
 .text          0x0000000080001eb0        0x0 /home/dmitrii/ti/bios_6_76_03_01/packages/gnu/targets/arm/libs/install-native/arm-none-eabi/lib/hard/libc_nano.a(lib_a-abort.o)
 .text          0x0000000080001eb0        0x0 /home/dmitrii/ti/bios_6_76_03_01/packages/gnu/targets/arm/libs/install-native/arm-none-eabi/lib/hard/libc_nano.a(lib_a-errno.o)
 .text          0x0000000080001eb0        0x0 /home/dmitrii/ti/bios_6_76_03_01/packages/gnu/targets/arm/libs/install-native/arm-none-eabi/lib/hard/libc_nano.a(lib_a-exit.o)
 .text          0x0000000080001eb0        0x0 /home/dmitrii/ti/bios_6_76_03_01/packages/gnu/targets/arm/libs/install-native/arm-none-eabi/lib/hard/libc_nano.a(lib_a-fclose.o)
 .text          0x0000000080001eb0        0x0 /home/dmitrii/ti/bios_6_76_03_01/packages/gnu/targets/arm/libs/install-native/arm-none-eabi/lib/hard/libc_nano.a(lib_a-fflush.o)
 .text          0x0000000080001eb0        0x0 /home/dmitrii/ti/bios_6_76_03_01/packages/gnu/targets/arm/libs/install-native/arm-none-eabi/lib/hard/libc_nano.a(lib_a-findfp.o)
 .text          0x0000000080001eb0        0x0 /home/dmitrii/ti/bios_6_76_03_01/packages/gnu/targets/arm/libs/install-native/arm-none-eabi/lib/hard/libc_nano.a(lib_a-fwalk.o)
 .text          0x0000000080001eb0        0x0 /home/dmitrii/ti/bios_6_76_03_01/packages/gnu/targets/arm/libs/install-native/arm-none-eabi/lib/hard/libc_nano.a(lib_a-impure.o)
 .text          0x0000000080001eb0        0x0 /home/dmitrii/ti/bios_6_76_03_01/packages/gnu/targets/arm/libs/install-native/arm-none-eabi/lib/hard/libc_nano.a(lib_a-memcpy-stub.o)
 .text          0x0000000080001eb0        0x0 /home/dmitrii/ti/bios_6_76_03_01/packages/gnu/targets/arm/libs/install-native/arm-none-eabi/lib/hard/libc_nano.a(lib_a-memset.o)
 .text          0x0000000080001eb0        0x0 /home/dmitrii/ti/bios_6_76_03_01/packages/gnu/targets/arm/libs/install-native/arm-none-eabi/lib/hard/libc_nano.a(lib_a-reent.o)
 .text          0x0000000080001eb0        0x0 /home/dmitrii/ti/bios_6_76_03_01/packages/gnu/targets/arm/libs/install-native/arm-none-eabi/lib/hard/libc_nano.a(lib_a-signal.o)
 .text          0x0000000080001eb0        0x0 /home/dmitrii/ti/bios_6_76_03_01/packages/gnu/targets/arm/libs/install-native/arm-none-eabi/lib/hard/libc_nano.a(lib_a-signalr.o)
 .text          0x0000000080001eb0        0x0 /home/dmitrii/ti/bios_6_76_03_01/packages/gnu/targets/arm/libs/install-native/arm-none-eabi/lib/hard/libc_nano.a(lib_a-snprintf.o)
 .text          0x0000000080001eb0        0x0 /home/dmitrii/ti/bios_6_76_03_01/packages/gnu/targets/arm/libs/install-native/arm-none-eabi/lib/hard/libc_nano.a(lib_a-stdio.o)
 .text          0x0000000080001eb0        0x0 /home/dmitrii/ti/bios_6_76_03_01/packages/gnu/targets/arm/libs/install-native/arm-none-eabi/lib/hard/libc_nano.a(lib_a-strcat.o)
 .text          0x0000000080001eb0       0x1c /home/dmitrii/ti/bios_6_76_03_01/packages/gnu/targets/arm/libs/install-native/arm-none-eabi/lib/hard/libc_nano.a(lib_a-strcmp.o)
                0x0000000080001eb0                strcmp
 .text          0x0000000080001ecc        0x0 /home/dmitrii/ti/bios_6_76_03_01/packages/gnu/targets/arm/libs/install-native/arm-none-eabi/lib/hard/libc_nano.a(lib_a-strcpy.o)
 .text          0x0000000080001ecc        0x0 /home/dmitrii/ti/bios_6_76_03_01/packages/gnu/targets/arm/libs/install-native/arm-none-eabi/lib/hard/libc_nano.a(lib_a-strcspn.o)
 .text          0x0000000080001ecc        0xe /home/dmitrii/ti/bios_6_76_03_01/packages/gnu/targets/arm/libs/install-native/arm-none-eabi/lib/hard/libc_nano.a(lib_a-strlen.o)
                0x0000000080001ecc                strlen
 .text          0x0000000080001eda        0x0 /home/dmitrii/ti/bios_6_76_03_01/packages/gnu/targets/arm/libs/install-native/arm-none-eabi/lib/hard/libc_nano.a(lib_a-strncpy.o)
 .text          0x0000000080001eda        0x0 /home/dmitrii/ti/bios_6_76_03_01/packages/gnu/targets/arm/libs/install-native/arm-none-eabi/lib/hard/libc_nano.a(lib_a-tirtos_validate.o)
 .text          0x0000000080001eda        0x0 /home/dmitrii/ti/bios_6_76_03_01/packages/gnu/targets/arm/libs/install-native/arm-none-eabi/lib/hard/libc_nano.a(lib_a-writer.o)
 .text          0x0000000080001eda        0x0 /home/dmitrii/ti/bios_6_76_03_01/packages/gnu/targets/arm/libs/install-native/arm-none-eabi/lib/hard/libc_nano.a(lib_a-closer.o)
 .text          0x0000000080001eda        0x0 /home/dmitrii/ti/bios_6_76_03_01/packages/gnu/targets/arm/libs/install-native/arm-none-eabi/lib/hard/libc_nano.a(lib_a-lseekr.o)
 .text          0x0000000080001eda        0x0 /home/dmitrii/ti/bios_6_76_03_01/packages/gnu/targets/arm/libs/install-native/arm-none-eabi/lib/hard/libc_nano.a(lib_a-nano-svfprintf.o)
 .text          0x0000000080001eda        0x0 /home/dmitrii/ti/bios_6_76_03_01/packages/gnu/targets/arm/libs/install-native/arm-none-eabi/lib/hard/libc_nano.a(lib_a-nano-vfprintf_i.o)
 .text          0x0000000080001eda        0x0 /home/dmitrii/ti/bios_6_76_03_01/packages/gnu/targets/arm/libs/install-native/arm-none-eabi/lib/hard/libc_nano.a(lib_a-readr.o)
 .text          0x0000000080001eda        0x0 /home/dmitrii/ti/bios_6_76_03_01/packages/gnu/targets/arm/libs/install-native/arm-none-eabi/lib/hard/libc_nano.a(lib_a-memchr-stub.o)
 .text          0x0000000080001eda        0x0 /home/dmitrii/ti/bios_6_76_03_01/packages/gnu/targets/arm/libs/install-native/arm-none-eabi/lib/hard/libc_nano.a(lib_a-memmove.o)
 .text          0x0000000080001eda        0x0 /home/dmitrii/ti/bios_6_76_03_01/packages/gnu/targets/arm/libs/install-native/arm-none-eabi/lib/hard/librdimon_nano.a(rdimon-_kill.o)
 *(.text.*)
 *fill*         0x0000000080001eda        0x2 
 .text.xdc_runtime_Text_visitRope__I
                0x0000000080001edc        0xc /home/dmitrii/ti/ccs930/ccs/workspace/Test_FatFS/Debug/configPkg/package/cfg/app_pa8fg.oa8fg
                0x0000000080001edc                xdc_runtime_Text_visitRope(int0_t)
 .text.SVC_Handler
                0x0000000080001ee8        0x4 /home/dmitrii/ti/ccs930/ccs/workspace/Test_FatFS/Debug/configPkg/package/cfg/app_pa8fg.oa8fg
                0x0000000080001ee8                SVC_Handler
 .text.ti_sysbios_heaps_HeapMem_Handle__label__S
                0x0000000080001eec       0x28 /home/dmitrii/ti/ccs930/ccs/workspace/Test_FatFS/Debug/configPkg/package/cfg/app_pa8fg.oa8fg
                0x0000000080001eec                ti_sysbios_heaps_HeapMem_Handle__label(void) static
 .text.xdc_runtime_LoggerBuf_Handle__label__S
                0x0000000080001f14       0x28 /home/dmitrii/ti/ccs930/ccs/workspace/Test_FatFS/Debug/configPkg/package/cfg/app_pa8fg.oa8fg
                0x0000000080001f14                xdc_runtime_LoggerBuf_Handle__label(void) static
 .text.xdc_runtime_Startup_exec__I
                0x0000000080001f3c       0x1c /home/dmitrii/ti/ccs930/ccs/workspace/Test_FatFS/Debug/configPkg/package/cfg/app_pa8fg.oa8fg
                0x0000000080001f3c                xdc_runtime_Startup_exec(int0_t)
 .text.xdc_runtime_System_printfExtend__I
                0x0000000080001f58      0x178 /home/dmitrii/ti/ccs930/ccs/workspace/Test_FatFS/Debug/configPkg/package/cfg/app_pa8fg.oa8fg
                0x0000000080001f58                xdc_runtime_System_printfExtend(int0_t)
 .text.xdc_runtime_SysMin_output__I
                0x00000000800020d0       0x4c /home/dmitrii/ti/ccs930/ccs/workspace/Test_FatFS/Debug/configPkg/package/cfg/app_pa8fg.oa8fg
                0x00000000800020d0                xdc_runtime_SysMin_output(int0_t)
 .text.ti_sysbios_BIOS_startFunc__I
                0x000000008000211c       0x34 /home/dmitrii/ti/ccs930/ccs/workspace/Test_FatFS/Debug/configPkg/package/cfg/app_pa8fg.oa8fg
                0x000000008000211c                ti_sysbios_BIOS_startFunc(int0_t)
 .text.ti_sysbios_BIOS_atExitFunc__I
                0x0000000080002150       0x18 /home/dmitrii/ti/ccs930/ccs/workspace/Test_FatFS/Debug/configPkg/package/cfg/app_pa8fg.oa8fg
                0x0000000080002150                ti_sysbios_BIOS_atExitFunc(int0_t)
 .text.ti_sysbios_BIOS_errorRaiseHook__I
                0x0000000080002168       0x14 /home/dmitrii/ti/ccs930/ccs/workspace/Test_FatFS/Debug/configPkg/package/cfg/app_pa8fg.oa8fg
                0x0000000080002168                ti_sysbios_BIOS_errorRaiseHook(int0_t)
 .text.ti_sysbios_BIOS_exitFunc__I
                0x000000008000217c       0x1c /home/dmitrii/ti/ccs930/ccs/workspace/Test_FatFS/Debug/configPkg/package/cfg/app_pa8fg.oa8fg
                0x000000008000217c                ti_sysbios_BIOS_exitFunc(int0_t)
 .text.ti_sysbios_rts_MemAlloc_alloc
                0x0000000080002198       0x54 /home/dmitrii/ti/ccs930/ccs/workspace/Test_FatFS/Debug/configPkg/package/cfg/app_pa8fg.oa8fg
 .text.ti_sysbios_gates_GateHwi_Object__delete__S
                0x00000000800021ec       0x38 /home/dmitrii/ti/ccs930/ccs/workspace/Test_FatFS/Debug/configPkg/package/cfg/app_pa8fg.oa8fg
                0x00000000800021ec                ti_sysbios_gates_GateHwi_Object__delete(void) static
 .text.ti_sysbios_gates_GateMutex_Object__delete__S
                0x0000000080002224       0x3c /home/dmitrii/ti/ccs930/ccs/workspace/Test_FatFS/Debug/configPkg/package/cfg/app_pa8fg.oa8fg
                0x0000000080002224                ti_sysbios_gates_GateMutex_Object__delete(void) static
 .text.ti_sysbios_heaps_HeapMem_Object__delete__S
                0x0000000080002260       0x38 /home/dmitrii/ti/ccs930/ccs/workspace/Test_FatFS/Debug/configPkg/package/cfg/app_pa8fg.oa8fg
                0x0000000080002260                ti_sysbios_heaps_HeapMem_Object__delete(void) static
 .text.xdc_runtime_LoggerBuf_Object__delete__S
                0x0000000080002298       0x3c /home/dmitrii/ti/ccs930/ccs/workspace/Test_FatFS/Debug/configPkg/package/cfg/app_pa8fg.oa8fg
                0x0000000080002298                xdc_runtime_LoggerBuf_Object__delete(void) static
 .text.ti_sysbios_gates_GateHwi_Object__create__S
                0x00000000800022d4       0x48 /home/dmitrii/ti/ccs930/ccs/workspace/Test_FatFS/Debug/configPkg/package/cfg/app_pa8fg.oa8fg
                0x00000000800022d4                ti_sysbios_gates_GateHwi_Object__create(void) static
 .text.ti_sysbios_gates_GateMutex_Object__create__S
                0x000000008000231c       0x48 /home/dmitrii/ti/ccs930/ccs/workspace/Test_FatFS/Debug/configPkg/package/cfg/app_pa8fg.oa8fg
                0x000000008000231c                ti_sysbios_gates_GateMutex_Object__create(void) static
 .text.ti_sysbios_heaps_HeapMem_Object__create__S
                0x0000000080002364       0x48 /home/dmitrii/ti/ccs930/ccs/workspace/Test_FatFS/Debug/configPkg/package/cfg/app_pa8fg.oa8fg
                0x0000000080002364                ti_sysbios_heaps_HeapMem_Object__create(void) static
 .text.xdc_runtime_LoggerBuf_Object__create__S
                0x00000000800023ac       0x80 /home/dmitrii/ti/ccs930/ccs/workspace/Test_FatFS/Debug/configPkg/package/cfg/app_pa8fg.oa8fg
                0x00000000800023ac                xdc_runtime_LoggerBuf_Object__create(void) static
 .text.ti_sysbios_knl_Clock_doTick__I
                0x000000008000242c       0x44 /home/dmitrii/ti/ccs930/ccs/workspace/Test_FatFS/Debug/configPkg/package/cfg/app_pa8fg.oa8fg
                0x000000008000242c                ti_sysbios_knl_Clock_doTick(int0_t)
 .text.free.part.1
                0x0000000080002470       0x1c /home/dmitrii/ti/ccs930/ccs/workspace/Test_FatFS/Debug/configPkg/package/cfg/app_pa8fg.oa8fg
 .text.ti_sysbios_gates_GateHwi_Handle__label__S
                0x000000008000248c       0x28 /home/dmitrii/ti/ccs930/ccs/workspace/Test_FatFS/Debug/configPkg/package/cfg/app_pa8fg.oa8fg
                0x000000008000248c                ti_sysbios_gates_GateHwi_Handle__label(void) static
 .text.ti_sysbios_gates_GateMutex_Handle__label__S
                0x00000000800024b4       0x28 /home/dmitrii/ti/ccs930/ccs/workspace/Test_FatFS/Debug/configPkg/package/cfg/app_pa8fg.oa8fg
                0x00000000800024b4                ti_sysbios_gates_GateMutex_Handle__label(void) static
 .text.xdc_runtime_Startup_reset__I
                0x00000000800024dc        0x4 /home/dmitrii/ti/ccs930/ccs/workspace/Test_FatFS/Debug/configPkg/package/cfg/app_pa8fg.oa8fg
                0x00000000800024dc                xdc_runtime_Startup_reset(int0_t)
 .text.__getreent
                0x00000000800024e0       0x28 /home/dmitrii/ti/ccs930/ccs/workspace/Test_FatFS/Debug/configPkg/package/cfg/app_pa8fg.oa8fg
                0x00000000800024e0                __getreent
 .text.__libc_lock_release_recursive
                0x0000000080002508       0x1c /home/dmitrii/ti/ccs930/ccs/workspace/Test_FatFS/Debug/configPkg/package/cfg/app_pa8fg.oa8fg
                0x0000000080002508                __libc_lock_release_recursive
 .text.__libc_lock_close_recursive
                0x0000000080002524       0x48 /home/dmitrii/ti/ccs930/ccs/workspace/Test_FatFS/Debug/configPkg/package/cfg/app_pa8fg.oa8fg
                0x0000000080002524                __libc_lock_close_recursive
 .text.ti_sysbios_family_arm_a8_Mmu_initTableBuf__I
                0x000000008000256c     0x1064 /home/dmitrii/ti/ccs930/ccs/workspace/Test_FatFS/Debug/configPkg/package/cfg/app_pa8fg.oa8fg
                0x000000008000256c                ti_sysbios_family_arm_a8_Mmu_initTableBuf(int0_t)
 .text.malloc   0x00000000800035d0        0x4 /home/dmitrii/ti/ccs930/ccs/workspace/Test_FatFS/Debug/configPkg/package/cfg/app_pa8fg.oa8fg
                0x00000000800035d0                malloc
 .text.free     0x00000000800035d4        0xc /home/dmitrii/ti/ccs930/ccs/workspace/Test_FatFS/Debug/configPkg/package/cfg/app_pa8fg.oa8fg
                0x00000000800035d4                free
 .text.realloc  0x00000000800035e0       0x68 /home/dmitrii/ti/ccs930/ccs/workspace/Test_FatFS/Debug/configPkg/package/cfg/app_pa8fg.oa8fg
                0x00000000800035e0                realloc
 .text._malloc_r
                0x0000000080003648        0x8 /home/dmitrii/ti/ccs930/ccs/workspace/Test_FatFS/Debug/configPkg/package/cfg/app_pa8fg.oa8fg
                0x0000000080003648                _malloc_r
 .text._free_r  0x0000000080003650        0xc /home/dmitrii/ti/ccs930/ccs/workspace/Test_FatFS/Debug/configPkg/package/cfg/app_pa8fg.oa8fg
                0x0000000080003650                _free_r
 .text._realloc_r
                0x000000008000365c        0xc /home/dmitrii/ti/ccs930/ccs/workspace/Test_FatFS/Debug/configPkg/package/cfg/app_pa8fg.oa8fg
                0x000000008000365c                _realloc_r
 .text.xdc_runtime_System_printf__E
                0x0000000080003668       0x2c /home/dmitrii/ti/ccs930/ccs/workspace/Test_FatFS/Debug/configPkg/package/cfg/app_pa8fg.oa8fg
                0x0000000080003668                xdc_runtime_System_printf__E
 .text.ti_sysbios_hal_Hwi_HwiProxy_getStackInfo__E
                0x0000000080003694        0x4 /home/dmitrii/ti/ccs930/ccs/workspace/Test_FatFS/Debug/configPkg/package/cfg/app_pa8fg.oa8fg
                0x0000000080003694                ti_sysbios_hal_Hwi_HwiProxy_getStackInfo__E
 .text.ti_sysbios_hal_Hwi_HwiProxy_startup__E
                0x0000000080003698        0x4 /home/dmitrii/ti/ccs930/ccs/workspace/Test_FatFS/Debug/configPkg/package/cfg/app_pa8fg.oa8fg
                0x0000000080003698                ti_sysbios_hal_Hwi_HwiProxy_startup__E
 .text.ti_sysbios_hal_Hwi_HwiProxy_switchFromBootStack__E
                0x000000008000369c        0x4 /home/dmitrii/ti/ccs930/ccs/workspace/Test_FatFS/Debug/configPkg/package/cfg/app_pa8fg.oa8fg
                0x000000008000369c                ti_sysbios_hal_Hwi_HwiProxy_switchFromBootStack__E
 .text.ti_sysbios_hal_Hwi_HwiProxy_disableInterrupt__E
                0x00000000800036a0        0x4 /home/dmitrii/ti/ccs930/ccs/workspace/Test_FatFS/Debug/configPkg/package/cfg/app_pa8fg.oa8fg
                0x00000000800036a0                ti_sysbios_hal_Hwi_HwiProxy_disableInterrupt__E
 .text.ti_sysbios_hal_Hwi_HwiProxy_enableInterrupt__E
                0x00000000800036a4        0x4 /home/dmitrii/ti/ccs930/ccs/workspace/Test_FatFS/Debug/configPkg/package/cfg/app_pa8fg.oa8fg
                0x00000000800036a4                ti_sysbios_hal_Hwi_HwiProxy_enableInterrupt__E
 .text.ti_sysbios_hal_Hwi_HwiProxy_clearInterrupt__E
                0x00000000800036a8        0x4 /home/dmitrii/ti/ccs930/ccs/workspace/Test_FatFS/Debug/configPkg/package/cfg/app_pa8fg.oa8fg
                0x00000000800036a8                ti_sysbios_hal_Hwi_HwiProxy_clearInterrupt__E
 .text.ti_sysbios_heaps_HeapMem_Module_GateProxy_query__E
                0x00000000800036ac        0x4 /home/dmitrii/ti/ccs930/ccs/workspace/Test_FatFS/Debug/configPkg/package/cfg/app_pa8fg.oa8fg
                0x00000000800036ac                ti_sysbios_heaps_HeapMem_Module_GateProxy_query__E
 .text.ti_sysbios_heaps_HeapMem_Module_GateProxy_enter__E
                0x00000000800036b0        0x4 /home/dmitrii/ti/ccs930/ccs/workspace/Test_FatFS/Debug/configPkg/package/cfg/app_pa8fg.oa8fg
                0x00000000800036b0                ti_sysbios_heaps_HeapMem_Module_GateProxy_enter__E
 .text.ti_sysbios_heaps_HeapMem_Module_GateProxy_leave__E
                0x00000000800036b4        0x4 /home/dmitrii/ti/ccs930/ccs/workspace/Test_FatFS/Debug/configPkg/package/cfg/app_pa8fg.oa8fg
                0x00000000800036b4                ti_sysbios_heaps_HeapMem_Module_GateProxy_leave__E
 .text.ti_sysbios_knl_Clock_TimerProxy_Module__startupDone__S
                0x00000000800036b8       0x20 /home/dmitrii/ti/ccs930/ccs/workspace/Test_FatFS/Debug/configPkg/package/cfg/app_pa8fg.oa8fg
                0x00000000800036b8                ti_sysbios_knl_Clock_TimerProxy_Module__startupDone(void) static
 .text.ti_sysbios_hal_Timer_TimerProxy_Module__startupDone__S
                0x00000000800036d8        0x4 /home/dmitrii/ti/ccs930/ccs/workspace/Test_FatFS/Debug/configPkg/package/cfg/app_pa8fg.oa8fg
                0x00000000800036d8                ti_sysbios_hal_Timer_TimerProxy_Module__startupDone(void) static
 .text.ti_sysbios_knl_Clock_TimerProxy_getMaxTicks__E
                0x00000000800036dc        0x4 /home/dmitrii/ti/ccs930/ccs/workspace/Test_FatFS/Debug/configPkg/package/cfg/app_pa8fg.oa8fg
                0x00000000800036dc                ti_sysbios_knl_Clock_TimerProxy_getMaxTicks__E
 .text.ti_sysbios_knl_Intrinsics_SupportProxy_maxbit__E
                0x00000000800036e0        0x4 /home/dmitrii/ti/ccs930/ccs/workspace/Test_FatFS/Debug/configPkg/package/cfg/app_pa8fg.oa8fg
                0x00000000800036e0                ti_sysbios_knl_Intrinsics_SupportProxy_maxbit__E
 .text.ti_sysbios_knl_Task_SupportProxy_Module__startupDone__S
                0x00000000800036e4        0x8 /home/dmitrii/ti/ccs930/ccs/workspace/Test_FatFS/Debug/configPkg/package/cfg/app_pa8fg.oa8fg
                0x00000000800036e4                ti_sysbios_knl_Task_SupportProxy_Module__startupDone(void) static
 .text.ti_sysbios_knl_Task_SupportProxy_start__E
                0x00000000800036ec        0x4 /home/dmitrii/ti/ccs930/ccs/workspace/Test_FatFS/Debug/configPkg/package/cfg/app_pa8fg.oa8fg
                0x00000000800036ec                ti_sysbios_knl_Task_SupportProxy_start__E
 .text.ti_sysbios_knl_Task_SupportProxy_swap__E
                0x00000000800036f0        0x4 /home/dmitrii/ti/ccs930/ccs/workspace/Test_FatFS/Debug/configPkg/package/cfg/app_pa8fg.oa8fg
                0x00000000800036f0                ti_sysbios_knl_Task_SupportProxy_swap__E
 .text.ti_sysbios_knl_Task_SupportProxy_getStackAlignment__E
                0x00000000800036f4        0x4 /home/dmitrii/ti/ccs930/ccs/workspace/Test_FatFS/Debug/configPkg/package/cfg/app_pa8fg.oa8fg
                0x00000000800036f4                ti_sysbios_knl_Task_SupportProxy_getStackAlignment__E
 .text.ti_sysbios_timers_dmtimer_Timer_TimerSupportProxy_enable__E
                0x00000000800036f8        0x4 /home/dmitrii/ti/ccs930/ccs/workspace/Test_FatFS/Debug/configPkg/package/cfg/app_pa8fg.oa8fg
                0x00000000800036f8                ti_sysbios_timers_dmtimer_Timer_TimerSupportProxy_enable__E
 .text.xdc_runtime_LoggerBuf_Module_GateProxy_enter__E
                0x00000000800036fc        0x4 /home/dmitrii/ti/ccs930/ccs/workspace/Test_FatFS/Debug/configPkg/package/cfg/app_pa8fg.oa8fg
                0x00000000800036fc                xdc_runtime_LoggerBuf_Module_GateProxy_enter__E
 .text.xdc_runtime_LoggerBuf_Module_GateProxy_leave__E
                0x0000000080003700        0x4 /home/dmitrii/ti/ccs930/ccs/workspace/Test_FatFS/Debug/configPkg/package/cfg/app_pa8fg.oa8fg
                0x0000000080003700                xdc_runtime_LoggerBuf_Module_GateProxy_leave__E
 .text.xdc_runtime_LoggerBuf_TimestampProxy_get64__E
                0x0000000080003704        0x4 /home/dmitrii/ti/ccs930/ccs/workspace/Test_FatFS/Debug/configPkg/package/cfg/app_pa8fg.oa8fg
                0x0000000080003704                xdc_runtime_LoggerBuf_TimestampProxy_get64__E
 .text.xdc_runtime_Memory_HeapProxy_alloc__E
                0x0000000080003708       0x18 /home/dmitrii/ti/ccs930/ccs/workspace/Test_FatFS/Debug/configPkg/package/cfg/app_pa8fg.oa8fg
                0x0000000080003708                xdc_runtime_Memory_HeapProxy_alloc__E
 .text.xdc_runtime_Memory_HeapProxy_free__E
                0x0000000080003720        0xc /home/dmitrii/ti/ccs930/ccs/workspace/Test_FatFS/Debug/configPkg/package/cfg/app_pa8fg.oa8fg
                0x0000000080003720                xdc_runtime_Memory_HeapProxy_free__E
 .text.xdc_runtime_System_Module_GateProxy_enter__E
                0x000000008000372c        0x4 /home/dmitrii/ti/ccs930/ccs/workspace/Test_FatFS/Debug/configPkg/package/cfg/app_pa8fg.oa8fg
                0x000000008000372c                xdc_runtime_System_Module_GateProxy_enter__E
 .text.xdc_runtime_System_Module_GateProxy_leave__E
                0x0000000080003730        0x4 /home/dmitrii/ti/ccs930/ccs/workspace/Test_FatFS/Debug/configPkg/package/cfg/app_pa8fg.oa8fg
                0x0000000080003730                xdc_runtime_System_Module_GateProxy_leave__E
 .text.xdc_runtime_System_SupportProxy_abort__E
                0x0000000080003734        0x4 /home/dmitrii/ti/ccs930/ccs/workspace/Test_FatFS/Debug/configPkg/package/cfg/app_pa8fg.oa8fg
                0x0000000080003734                xdc_runtime_System_SupportProxy_abort__E
 .text.xdc_runtime_System_SupportProxy_exit__E
                0x0000000080003738        0x4 /home/dmitrii/ti/ccs930/ccs/workspace/Test_FatFS/Debug/configPkg/package/cfg/app_pa8fg.oa8fg
                0x0000000080003738                xdc_runtime_System_SupportProxy_exit__E
 .text.xdc_runtime_System_SupportProxy_putch__E
                0x000000008000373c        0x4 /home/dmitrii/ti/ccs930/ccs/workspace/Test_FatFS/Debug/configPkg/package/cfg/app_pa8fg.oa8fg
                0x000000008000373c                xdc_runtime_System_SupportProxy_putch__E
 .text.xdc_runtime_System_SupportProxy_ready__E
                0x0000000080003740        0x4 /home/dmitrii/ti/ccs930/ccs/workspace/Test_FatFS/Debug/configPkg/package/cfg/app_pa8fg.oa8fg
                0x0000000080003740                xdc_runtime_System_SupportProxy_ready__E
 .text.xdc_runtime_Timestamp_SupportProxy_get32__E
                0x0000000080003744        0x4 /home/dmitrii/ti/ccs930/ccs/workspace/Test_FatFS/Debug/configPkg/package/cfg/app_pa8fg.oa8fg
                0x0000000080003744                xdc_runtime_Timestamp_SupportProxy_get32__E
 .text.xdc_runtime_Timestamp_SupportProxy_getFreq__E
                0x0000000080003748        0x4 /home/dmitrii/ti/ccs930/ccs/workspace/Test_FatFS/Debug/configPkg/package/cfg/app_pa8fg.oa8fg
                0x0000000080003748                xdc_runtime_Timestamp_SupportProxy_getFreq__E
 .text.ti_sysbios_family_arm_a8_TimestampProvider_Module__startupDone__S
                0x000000008000374c       0x20 /home/dmitrii/ti/ccs930/ccs/workspace/Test_FatFS/Debug/configPkg/package/cfg/app_pa8fg.oa8fg
                0x000000008000374c                ti_sysbios_family_arm_a8_TimestampProvider_Module__startupDone(void) static
 .text.xdc_runtime_Timestamp_SupportProxy_Module__startupDone__S
                0x000000008000376c        0x4 /home/dmitrii/ti/ccs930/ccs/workspace/Test_FatFS/Debug/configPkg/package/cfg/app_pa8fg.oa8fg
                0x000000008000376c                xdc_runtime_Timestamp_SupportProxy_Module__startupDone(void) static
 .text.ti_sysbios_family_arm_a8_intcps_Hwi_Module__startupDone__S
                0x0000000080003770       0x20 /home/dmitrii/ti/ccs930/ccs/workspace/Test_FatFS/Debug/configPkg/package/cfg/app_pa8fg.oa8fg
                0x0000000080003770                ti_sysbios_family_arm_a8_intcps_Hwi_Module__startupDone(void) static
 .text.ti_sysbios_hal_Hwi_HwiProxy_Module__startupDone__S
                0x0000000080003790        0x4 /home/dmitrii/ti/ccs930/ccs/workspace/Test_FatFS/Debug/configPkg/package/cfg/app_pa8fg.oa8fg
                0x0000000080003790                ti_sysbios_hal_Hwi_HwiProxy_Module__startupDone(void) static
 .text.ti_sysbios_family_arm_a8_intcps_Hwi_Params__init__S
                0x0000000080003794       0x14 /home/dmitrii/ti/ccs930/ccs/workspace/Test_FatFS/Debug/configPkg/package/cfg/app_pa8fg.oa8fg
                0x0000000080003794                ti_sysbios_family_arm_a8_intcps_Hwi_Params__init(void) static
 .text.ti_sysbios_family_arm_a8_intcps_Hwi_construct
                0x00000000800037a8       0x80 /home/dmitrii/ti/ccs930/ccs/workspace/Test_FatFS/Debug/configPkg/package/cfg/app_pa8fg.oa8fg
                0x00000000800037a8                ti_sysbios_family_arm_a8_intcps_Hwi_construct
 .text.ti_sysbios_family_arm_a8_intcps_Hwi_destruct
                0x0000000080003828       0x34 /home/dmitrii/ti/ccs930/ccs/workspace/Test_FatFS/Debug/configPkg/package/cfg/app_pa8fg.oa8fg
                0x0000000080003828                ti_sysbios_family_arm_a8_intcps_Hwi_destruct
 .text.ti_sysbios_family_arm_a8_ti81xx_TimerSupport_Module__startupDone__S
                0x000000008000385c       0x20 /home/dmitrii/ti/ccs930/ccs/workspace/Test_FatFS/Debug/configPkg/package/cfg/app_pa8fg.oa8fg
                0x000000008000385c                ti_sysbios_family_arm_a8_ti81xx_TimerSupport_Module__startupDone(void) static
 .text.ti_sysbios_timers_dmtimer_Timer_TimerSupportProxy_Module__startupDone__S
                0x000000008000387c        0x4 /home/dmitrii/ti/ccs930/ccs/workspace/Test_FatFS/Debug/configPkg/package/cfg/app_pa8fg.oa8fg
                0x000000008000387c                ti_sysbios_timers_dmtimer_Timer_TimerSupportProxy_Module__startupDone(void) static
 .text.ti_sysbios_heaps_HeapMem_Object__get__S
                0x0000000080003880       0x1c /home/dmitrii/ti/ccs930/ccs/workspace/Test_FatFS/Debug/configPkg/package/cfg/app_pa8fg.oa8fg
                0x0000000080003880                ti_sysbios_heaps_HeapMem_Object__get(void) static
 .text.ti_sysbios_knl_Queue_Object__get__S
                0x000000008000389c        0xc /home/dmitrii/ti/ccs930/ccs/workspace/Test_FatFS/Debug/configPkg/package/cfg/app_pa8fg.oa8fg
                0x000000008000389c                ti_sysbios_knl_Queue_Object__get(void) static
 .text.ti_sysbios_knl_Queue_construct
                0x00000000800038a8       0x44 /home/dmitrii/ti/ccs930/ccs/workspace/Test_FatFS/Debug/configPkg/package/cfg/app_pa8fg.oa8fg
                0x00000000800038a8                ti_sysbios_knl_Queue_construct
 .text.ti_sysbios_knl_Queue_destruct
                0x00000000800038ec       0x30 /home/dmitrii/ti/ccs930/ccs/workspace/Test_FatFS/Debug/configPkg/package/cfg/app_pa8fg.oa8fg
                0x00000000800038ec                ti_sysbios_knl_Queue_destruct
 .text.ti_sysbios_knl_Semaphore_Params__init__S
                0x000000008000391c       0x14 /home/dmitrii/ti/ccs930/ccs/workspace/Test_FatFS/Debug/configPkg/package/cfg/app_pa8fg.oa8fg
                0x000000008000391c                ti_sysbios_knl_Semaphore_Params__init(void) static
 .text.ti_sysbios_knl_Semaphore_construct
                0x0000000080003930       0x4c /home/dmitrii/ti/ccs930/ccs/workspace/Test_FatFS/Debug/configPkg/package/cfg/app_pa8fg.oa8fg
                0x0000000080003930                ti_sysbios_knl_Semaphore_construct
 .text.__libc_lock_init_recursive
                0x000000008000397c       0x54 /home/dmitrii/ti/ccs930/ccs/workspace/Test_FatFS/Debug/configPkg/package/cfg/app_pa8fg.oa8fg
                0x000000008000397c                __libc_lock_init_recursive
 .text.__libc_lock_acquire_recursive
                0x00000000800039d0       0xb0 /home/dmitrii/ti/ccs930/ccs/workspace/Test_FatFS/Debug/configPkg/package/cfg/app_pa8fg.oa8fg
                0x00000000800039d0                __libc_lock_acquire_recursive
 .text.ti_sysbios_knl_Semaphore_destruct
                0x0000000080003a80       0x34 /home/dmitrii/ti/ccs930/ccs/workspace/Test_FatFS/Debug/configPkg/package/cfg/app_pa8fg.oa8fg
                0x0000000080003a80                ti_sysbios_knl_Semaphore_destruct
 .text.ti_sysbios_knl_Swi_Object__get__S
                0x0000000080003ab4       0x1c /home/dmitrii/ti/ccs930/ccs/workspace/Test_FatFS/Debug/configPkg/package/cfg/app_pa8fg.oa8fg
                0x0000000080003ab4                ti_sysbios_knl_Swi_Object__get(void) static
 .text.ti_sysbios_knl_Task_Object__get__S
                0x0000000080003ad0       0x10 /home/dmitrii/ti/ccs930/ccs/workspace/Test_FatFS/Debug/configPkg/package/cfg/app_pa8fg.oa8fg
                0x0000000080003ad0                ti_sysbios_knl_Task_Object__get(void) static
 .text.ti_sysbios_knl_Task_create
                0x0000000080003ae0       0x88 /home/dmitrii/ti/ccs930/ccs/workspace/Test_FatFS/Debug/configPkg/package/cfg/app_pa8fg.oa8fg
                0x0000000080003ae0                ti_sysbios_knl_Task_create
 .text.xdc_runtime_LoggerBuf_Object__get__S
                0x0000000080003b68       0x1c /home/dmitrii/ti/ccs930/ccs/workspace/Test_FatFS/Debug/configPkg/package/cfg/app_pa8fg.oa8fg
                0x0000000080003b68                xdc_runtime_LoggerBuf_Object__get(void) static
 .text.get_ldnumber
                0x0000000080003b84       0x74 /home/dmitrii/ti/pdk_am335x_1_0_17/packages/ti/fs/fatfs/lib/a8/release/ti.fs.fatfs.aa8fg(ff.oa8fg)
 .text.validate
                0x0000000080003bf8       0x7c /home/dmitrii/ti/pdk_am335x_1_0_17/packages/ti/fs/fatfs/lib/a8/release/ti.fs.fatfs.aa8fg(ff.oa8fg)
 .text.mem_cpy.part.0
                0x0000000080003c74       0x1c /home/dmitrii/ti/pdk_am335x_1_0_17/packages/ti/fs/fatfs/lib/a8/release/ti.fs.fatfs.aa8fg(ff.oa8fg)
 .text.sync_window.part.3
                0x0000000080003c90       0x94 /home/dmitrii/ti/pdk_am335x_1_0_17/packages/ti/fs/fatfs/lib/a8/release/ti.fs.fatfs.aa8fg(ff.oa8fg)
 .text.sync_fs  0x0000000080003d24      0x124 /home/dmitrii/ti/pdk_am335x_1_0_17/packages/ti/fs/fatfs/lib/a8/release/ti.fs.fatfs.aa8fg(ff.oa8fg)
 .text.move_window.part.4
                0x0000000080003e48       0x58 /home/dmitrii/ti/pdk_am335x_1_0_17/packages/ti/fs/fatfs/lib/a8/release/ti.fs.fatfs.aa8fg(ff.oa8fg)
 .text.check_fs
                0x0000000080003ea0       0xb4 /home/dmitrii/ti/pdk_am335x_1_0_17/packages/ti/fs/fatfs/lib/a8/release/ti.fs.fatfs.aa8fg(ff.oa8fg)
 .text.find_volume
                0x0000000080003f54      0x4c0 /home/dmitrii/ti/pdk_am335x_1_0_17/packages/ti/fs/fatfs/lib/a8/release/ti.fs.fatfs.aa8fg(ff.oa8fg)
 .text.get_fat.isra.6
                0x0000000080004414      0x16c /home/dmitrii/ti/pdk_am335x_1_0_17/packages/ti/fs/fatfs/lib/a8/release/ti.fs.fatfs.aa8fg(ff.oa8fg)
 .text.dir_sdi  0x0000000080004580      0x124 /home/dmitrii/ti/pdk_am335x_1_0_17/packages/ti/fs/fatfs/lib/a8/release/ti.fs.fatfs.aa8fg(ff.oa8fg)
 .text.put_fat.part.7
                0x00000000800046a4      0x1d8 /home/dmitrii/ti/pdk_am335x_1_0_17/packages/ti/fs/fatfs/lib/a8/release/ti.fs.fatfs.aa8fg(ff.oa8fg)
 .text.create_chain
                0x000000008000487c      0x16c /home/dmitrii/ti/pdk_am335x_1_0_17/packages/ti/fs/fatfs/lib/a8/release/ti.fs.fatfs.aa8fg(ff.oa8fg)
 .text.dir_next
                0x00000000800049e8      0x1e4 /home/dmitrii/ti/pdk_am335x_1_0_17/packages/ti/fs/fatfs/lib/a8/release/ti.fs.fatfs.aa8fg(ff.oa8fg)
 .text.dir_remove
                0x0000000080004bcc       0xa4 /home/dmitrii/ti/pdk_am335x_1_0_17/packages/ti/fs/fatfs/lib/a8/release/ti.fs.fatfs.aa8fg(ff.oa8fg)
 .text.remove_chain
                0x0000000080004c70       0xf8 /home/dmitrii/ti/pdk_am335x_1_0_17/packages/ti/fs/fatfs/lib/a8/release/ti.fs.fatfs.aa8fg(ff.oa8fg)
 .text.get_fileinfo.part.8
                0x0000000080004d68      0x170 /home/dmitrii/ti/pdk_am335x_1_0_17/packages/ti/fs/fatfs/lib/a8/release/ti.fs.fatfs.aa8fg(ff.oa8fg)
 .text.dir_read.constprop.11
                0x0000000080004ed8      0x208 /home/dmitrii/ti/pdk_am335x_1_0_17/packages/ti/fs/fatfs/lib/a8/release/ti.fs.fatfs.aa8fg(ff.oa8fg)
 .text.dir_find
                0x00000000800050e0      0x2c8 /home/dmitrii/ti/pdk_am335x_1_0_17/packages/ti/fs/fatfs/lib/a8/release/ti.fs.fatfs.aa8fg(ff.oa8fg)
 .text.follow_path
                0x00000000800053a8      0x47c /home/dmitrii/ti/pdk_am335x_1_0_17/packages/ti/fs/fatfs/lib/a8/release/ti.fs.fatfs.aa8fg(ff.oa8fg)
 .text.dir_register
                0x0000000080005824      0x524 /home/dmitrii/ti/pdk_am335x_1_0_17/packages/ti/fs/fatfs/lib/a8/release/ti.fs.fatfs.aa8fg(ff.oa8fg)
 .text.f_mount  0x0000000080005d48       0x98 /home/dmitrii/ti/pdk_am335x_1_0_17/packages/ti/fs/fatfs/lib/a8/release/ti.fs.fatfs.aa8fg(ff.oa8fg)
                0x0000000080005d48                f_mount
 .text.f_open   0x0000000080005de0      0x2c0 /home/dmitrii/ti/pdk_am335x_1_0_17/packages/ti/fs/fatfs/lib/a8/release/ti.fs.fatfs.aa8fg(ff.oa8fg)
                0x0000000080005de0                f_open
 .text.f_read   0x00000000800060a0      0x238 /home/dmitrii/ti/pdk_am335x_1_0_17/packages/ti/fs/fatfs/lib/a8/release/ti.fs.fatfs.aa8fg(ff.oa8fg)
                0x00000000800060a0                f_read
 .text.f_write  0x00000000800062d8      0x2a4 /home/dmitrii/ti/pdk_am335x_1_0_17/packages/ti/fs/fatfs/lib/a8/release/ti.fs.fatfs.aa8fg(ff.oa8fg)
                0x00000000800062d8                f_write
 .text.f_sync   0x000000008000657c      0x144 /home/dmitrii/ti/pdk_am335x_1_0_17/packages/ti/fs/fatfs/lib/a8/release/ti.fs.fatfs.aa8fg(ff.oa8fg)
                0x000000008000657c                f_sync
 .text.f_close  0x00000000800066c0       0x3c /home/dmitrii/ti/pdk_am335x_1_0_17/packages/ti/fs/fatfs/lib/a8/release/ti.fs.fatfs.aa8fg(ff.oa8fg)
                0x00000000800066c0                f_close
 .text.f_opendir
                0x00000000800066fc      0x10c /home/dmitrii/ti/pdk_am335x_1_0_17/packages/ti/fs/fatfs/lib/a8/release/ti.fs.fatfs.aa8fg(ff.oa8fg)
                0x00000000800066fc                f_opendir
 .text.f_readdir
                0x0000000080006808       0xa4 /home/dmitrii/ti/pdk_am335x_1_0_17/packages/ti/fs/fatfs/lib/a8/release/ti.fs.fatfs.aa8fg(ff.oa8fg)
                0x0000000080006808                f_readdir
 .text.f_stat   0x00000000800068ac       0xa0 /home/dmitrii/ti/pdk_am335x_1_0_17/packages/ti/fs/fatfs/lib/a8/release/ti.fs.fatfs.aa8fg(ff.oa8fg)
                0x00000000800068ac                f_stat
 .text.f_getfree
                0x000000008000694c      0x18c /home/dmitrii/ti/pdk_am335x_1_0_17/packages/ti/fs/fatfs/lib/a8/release/ti.fs.fatfs.aa8fg(ff.oa8fg)
                0x000000008000694c                f_getfree
 .text.f_unlink
                0x0000000080006ad8      0x140 /home/dmitrii/ti/pdk_am335x_1_0_17/packages/ti/fs/fatfs/lib/a8/release/ti.fs.fatfs.aa8fg(ff.oa8fg)
                0x0000000080006ad8                f_unlink
 .text.f_mkdir  0x0000000080006c18      0x328 /home/dmitrii/ti/pdk_am335x_1_0_17/packages/ti/fs/fatfs/lib/a8/release/ti.fs.fatfs.aa8fg(ff.oa8fg)
                0x0000000080006c18                f_mkdir
 .text.FATFS_diskIOctrl
                0x0000000080006f40        0x8 /home/dmitrii/ti/pdk_am335x_1_0_17/packages/ti/fs/fatfs/lib/a8/release/ti.fs.fatfs.aa8fg(FATFS_drv.oa8fg)
 .text.FATFS_diskRead
                0x0000000080006f48       0x64 /home/dmitrii/ti/pdk_am335x_1_0_17/packages/ti/fs/fatfs/lib/a8/release/ti.fs.fatfs.aa8fg(FATFS_drv.oa8fg)
 .text.FATFS_diskStatus
                0x0000000080006fac       0x1c /home/dmitrii/ti/pdk_am335x_1_0_17/packages/ti/fs/fatfs/lib/a8/release/ti.fs.fatfs.aa8fg(FATFS_drv.oa8fg)
 .text.FATFS_diskWrite
                0x0000000080006fc8       0x74 /home/dmitrii/ti/pdk_am335x_1_0_17/packages/ti/fs/fatfs/lib/a8/release/ti.fs.fatfs.aa8fg(FATFS_drv.oa8fg)
 .text.FATFS_readBootSector
                0x000000008000703c      0x1cc /home/dmitrii/ti/pdk_am335x_1_0_17/packages/ti/fs/fatfs/lib/a8/release/ti.fs.fatfs.aa8fg(FATFS_drv.oa8fg)
 .text.FATFS_diskInitialize
                0x0000000080007208       0xd0 /home/dmitrii/ti/pdk_am335x_1_0_17/packages/ti/fs/fatfs/lib/a8/release/ti.fs.fatfs.aa8fg(FATFS_drv.oa8fg)
 .text.FATFS_close
                0x00000000800072d8       0xe8 /home/dmitrii/ti/pdk_am335x_1_0_17/packages/ti/fs/fatfs/lib/a8/release/ti.fs.fatfs.aa8fg(FATFS_drv.oa8fg)
                0x00000000800072d8                FATFS_close
 .text.FATFS_init
                0x00000000800073c0       0x70 /home/dmitrii/ti/pdk_am335x_1_0_17/packages/ti/fs/fatfs/lib/a8/release/ti.fs.fatfs.aa8fg(FATFS_drv.oa8fg)
                0x00000000800073c0                FATFS_init
 .text.FATFS_open
                0x0000000080007430      0x1b4 /home/dmitrii/ti/pdk_am335x_1_0_17/packages/ti/fs/fatfs/lib/a8/release/ti.fs.fatfs.aa8fg(FATFS_drv.oa8fg)
                0x0000000080007430                FATFS_open
 .text.disk_register
                0x00000000800075e4       0x48 /home/dmitrii/ti/pdk_am335x_1_0_17/packages/ti/fs/fatfs/lib/a8/release/ti.fs.fatfs.aa8fg(diskio.oa8fg)
                0x00000000800075e4                disk_register
 .text.disk_unregister
                0x000000008000762c       0x44 /home/dmitrii/ti/pdk_am335x_1_0_17/packages/ti/fs/fatfs/lib/a8/release/ti.fs.fatfs.aa8fg(diskio.oa8fg)
                0x000000008000762c                disk_unregister
 .text.disk_initialize
                0x0000000080007670       0x28 /home/dmitrii/ti/pdk_am335x_1_0_17/packages/ti/fs/fatfs/lib/a8/release/ti.fs.fatfs.aa8fg(diskio.oa8fg)
                0x0000000080007670                disk_initialize
 .text.disk_status
                0x0000000080007698       0x28 /home/dmitrii/ti/pdk_am335x_1_0_17/packages/ti/fs/fatfs/lib/a8/release/ti.fs.fatfs.aa8fg(diskio.oa8fg)
                0x0000000080007698                disk_status
 .text.disk_read
                0x00000000800076c0       0x38 /home/dmitrii/ti/pdk_am335x_1_0_17/packages/ti/fs/fatfs/lib/a8/release/ti.fs.fatfs.aa8fg(diskio.oa8fg)
                0x00000000800076c0                disk_read
 .text.disk_write
                0x00000000800076f8       0x38 /home/dmitrii/ti/pdk_am335x_1_0_17/packages/ti/fs/fatfs/lib/a8/release/ti.fs.fatfs.aa8fg(diskio.oa8fg)
                0x00000000800076f8                disk_write
 .text.disk_ioctl
                0x0000000080007730       0x28 /home/dmitrii/ti/pdk_am335x_1_0_17/packages/ti/fs/fatfs/lib/a8/release/ti.fs.fatfs.aa8fg(diskio.oa8fg)
                0x0000000080007730                disk_ioctl
 .text.get_fattime
                0x0000000080007758        0xc /home/dmitrii/ti/pdk_am335x_1_0_17/packages/ti/fs/fatfs/lib/a8/release/ti.fs.fatfs.aa8fg(diskio.oa8fg)
                0x0000000080007758                get_fattime
 .text.MMCSD_close
                0x0000000080007764       0x1c /home/dmitrii/ti/pdk_am335x_1_0_17/packages/ti/drv/mmcsd/lib/a8/release/ti.drv.mmcsd.aa8fg(MMCSD_drv.oa8fg)
                0x0000000080007764                MMCSD_close
 .text.MMCSD_control
                0x0000000080007780       0x1c /home/dmitrii/ti/pdk_am335x_1_0_17/packages/ti/drv/mmcsd/lib/a8/release/ti.drv.mmcsd.aa8fg(MMCSD_drv.oa8fg)
                0x0000000080007780                MMCSD_control
 .text.MMCSD_init
                0x000000008000779c       0x78 /home/dmitrii/ti/pdk_am335x_1_0_17/packages/ti/drv/mmcsd/lib/a8/release/ti.drv.mmcsd.aa8fg(MMCSD_drv.oa8fg)
                0x000000008000779c                MMCSD_init
 .text.MMCSD_open
                0x0000000080007814       0x4c /home/dmitrii/ti/pdk_am335x_1_0_17/packages/ti/drv/mmcsd/lib/a8/release/ti.drv.mmcsd.aa8fg(MMCSD_drv.oa8fg)
                0x0000000080007814                MMCSD_open
 .text.MMCSD_Params_init
                0x0000000080007860       0x18 /home/dmitrii/ti/pdk_am335x_1_0_17/packages/ti/drv/mmcsd/lib/a8/release/ti.drv.mmcsd.aa8fg(MMCSD_drv.oa8fg)
                0x0000000080007860                MMCSD_Params_init
 .text.MMCSD_write
                0x0000000080007878       0x2c /home/dmitrii/ti/pdk_am335x_1_0_17/packages/ti/drv/mmcsd/lib/a8/release/ti.drv.mmcsd.aa8fg(MMCSD_drv.oa8fg)
                0x0000000080007878                MMCSD_write
 .text.MMCSD_read
                0x00000000800078a4       0x2c /home/dmitrii/ti/pdk_am335x_1_0_17/packages/ti/drv/mmcsd/lib/a8/release/ti.drv.mmcsd.aa8fg(MMCSD_drv.oa8fg)
                0x00000000800078a4                MMCSD_read
 .text.MMCSD_v1_init
                0x00000000800078d0       0x34 /home/dmitrii/ti/pdk_am335x_1_0_17/packages/ti/drv/mmcsd/lib/a8/release/ti.drv.mmcsd.aa8fg(MMCSD_v1.oa8fg)
 .text.MMCSD_v1_cmdStatusFxn
                0x0000000080007904       0x94 /home/dmitrii/ti/pdk_am335x_1_0_17/packages/ti/drv/mmcsd/lib/a8/release/ti.drv.mmcsd.aa8fg(MMCSD_v1.oa8fg)
 .text.MMCSD_v1_transfer
                0x0000000080007998      0x880 /home/dmitrii/ti/pdk_am335x_1_0_17/packages/ti/drv/mmcsd/lib/a8/release/ti.drv.mmcsd.aa8fg(MMCSD_v1.oa8fg)
 .text.mmcsd_check_transfer_ready
                0x0000000080008218       0xa0 /home/dmitrii/ti/pdk_am335x_1_0_17/packages/ti/drv/mmcsd/lib/a8/release/ti.drv.mmcsd.aa8fg(MMCSD_v1.oa8fg)
 .text.MMCSD_v1_read
                0x00000000800082b8      0x118 /home/dmitrii/ti/pdk_am335x_1_0_17/packages/ti/drv/mmcsd/lib/a8/release/ti.drv.mmcsd.aa8fg(MMCSD_v1.oa8fg)
 .text.MMCSD_v1_write
                0x00000000800083d0      0x118 /home/dmitrii/ti/pdk_am335x_1_0_17/packages/ti/drv/mmcsd/lib/a8/release/ti.drv.mmcsd.aa8fg(MMCSD_v1.oa8fg)
 .text.MMCSD_switch_card_speed
                0x00000000800084e8      0x44c /home/dmitrii/ti/pdk_am335x_1_0_17/packages/ti/drv/mmcsd/lib/a8/release/ti.drv.mmcsd.aa8fg(MMCSD_v1.oa8fg)
 .text.MMCSD_v1_control
                0x0000000080008934      0x254 /home/dmitrii/ti/pdk_am335x_1_0_17/packages/ti/drv/mmcsd/lib/a8/release/ti.drv.mmcsd.aa8fg(MMCSD_v1.oa8fg)
 .text.MMCSD_v1_close
                0x0000000080008b88       0xbc /home/dmitrii/ti/pdk_am335x_1_0_17/packages/ti/drv/mmcsd/lib/a8/release/ti.drv.mmcsd.aa8fg(MMCSD_v1.oa8fg)
 .text.MMCSD_v1_hwiFxn
                0x0000000080008c44      0x378 /home/dmitrii/ti/pdk_am335x_1_0_17/packages/ti/drv/mmcsd/lib/a8/release/ti.drv.mmcsd.aa8fg(MMCSD_v1.oa8fg)
                0x0000000080008c44                MMCSD_v1_hwiFxn
 .text.MMCSD_v1_open
                0x0000000080008fbc     0x13bc /home/dmitrii/ti/pdk_am335x_1_0_17/packages/ti/drv/mmcsd/lib/a8/release/ti.drv.mmcsd.aa8fg(MMCSD_v1.oa8fg)
 .text.HSMMCSDSoftReset
                0x000000008000a378       0x34 /home/dmitrii/ti/pdk_am335x_1_0_17/packages/ti/drv/mmcsd/lib/a8/release/ti.drv.mmcsd.aa8fg(MMCSD_v1_lld.oa8fg)
                0x000000008000a378                HSMMCSDSoftReset
 .text.HSMMCSDLinesReset
                0x000000008000a3ac       0x2c /home/dmitrii/ti/pdk_am335x_1_0_17/packages/ti/drv/mmcsd/lib/a8/release/ti.drv.mmcsd.aa8fg(MMCSD_v1_lld.oa8fg)
                0x000000008000a3ac                HSMMCSDLinesReset
 .text.HSMMCSDSystemConfig
                0x000000008000a3d8       0x74 /home/dmitrii/ti/pdk_am335x_1_0_17/packages/ti/drv/mmcsd/lib/a8/release/ti.drv.mmcsd.aa8fg(MMCSD_v1_lld.oa8fg)
                0x000000008000a3d8                HSMMCSDSystemConfig
 .text.HSMMCSDSetBusWidth
                0x000000008000a44c       0x84 /home/dmitrii/ti/pdk_am335x_1_0_17/packages/ti/drv/mmcsd/lib/a8/release/ti.drv.mmcsd.aa8fg(MMCSD_v1_lld.oa8fg)
                0x000000008000a44c                HSMMCSDSetBusWidth
 .text.HSMMCSDSetPAD
                0x000000008000a4d0       0x1c /home/dmitrii/ti/pdk_am335x_1_0_17/packages/ti/drv/mmcsd/lib/a8/release/ti.drv.mmcsd.aa8fg(MMCSD_v1_lld.oa8fg)
                0x000000008000a4d0                HSMMCSDSetPAD
 .text.HSMMCSDSetDLL
                0x000000008000a4ec       0x74 /home/dmitrii/ti/pdk_am335x_1_0_17/packages/ti/drv/mmcsd/lib/a8/release/ti.drv.mmcsd.aa8fg(MMCSD_v1_lld.oa8fg)
                0x000000008000a4ec                HSMMCSDSetDLL
 .text.HSMMCSDDisableTuning
                0x000000008000a560       0x34 /home/dmitrii/ti/pdk_am335x_1_0_17/packages/ti/drv/mmcsd/lib/a8/release/ti.drv.mmcsd.aa8fg(MMCSD_v1_lld.oa8fg)
                0x000000008000a560                HSMMCSDDisableTuning
 .text.HSMMCSDSetDLLSWT
                0x000000008000a594       0x1c /home/dmitrii/ti/pdk_am335x_1_0_17/packages/ti/drv/mmcsd/lib/a8/release/ti.drv.mmcsd.aa8fg(MMCSD_v1_lld.oa8fg)
                0x000000008000a594                HSMMCSDSetDLLSWT
 .text.HSMMCSDGetDLLSWT
                0x000000008000a5b0       0x14 /home/dmitrii/ti/pdk_am335x_1_0_17/packages/ti/drv/mmcsd/lib/a8/release/ti.drv.mmcsd.aa8fg(MMCSD_v1_lld.oa8fg)
                0x000000008000a5b0                HSMMCSDGetDLLSWT
 .text.HSMMCSDGetAC12SCLKSEL
                0x000000008000a5c4       0x14 /home/dmitrii/ti/pdk_am335x_1_0_17/packages/ti/drv/mmcsd/lib/a8/release/ti.drv.mmcsd.aa8fg(MMCSD_v1_lld.oa8fg)
                0x000000008000a5c4                HSMMCSDGetAC12SCLKSEL
 .text.HSMMCSDSetCLKEXTFree
                0x000000008000a5d8       0x1c /home/dmitrii/ti/pdk_am335x_1_0_17/packages/ti/drv/mmcsd/lib/a8/release/ti.drv.mmcsd.aa8fg(MMCSD_v1_lld.oa8fg)
                0x000000008000a5d8                HSMMCSDSetCLKEXTFree
 .text.HSMMCSDSetAC12UHSMode
                0x000000008000a5f4       0x44 /home/dmitrii/ti/pdk_am335x_1_0_17/packages/ti/drv/mmcsd/lib/a8/release/ti.drv.mmcsd.aa8fg(MMCSD_v1_lld.oa8fg)
                0x000000008000a5f4                HSMMCSDSetAC12UHSMode
 .text.HSMMCSDV18SigSet
                0x000000008000a638       0x1c /home/dmitrii/ti/pdk_am335x_1_0_17/packages/ti/drv/mmcsd/lib/a8/release/ti.drv.mmcsd.aa8fg(MMCSD_v1_lld.oa8fg)
                0x000000008000a638                HSMMCSDV18SigSet
 .text.HSMMCSDSetBusVolt
                0x000000008000a654       0x1c /home/dmitrii/ti/pdk_am335x_1_0_17/packages/ti/drv/mmcsd/lib/a8/release/ti.drv.mmcsd.aa8fg(MMCSD_v1_lld.oa8fg)
                0x000000008000a654                HSMMCSDSetBusVolt
 .text.HSMMCSDGetBusVolt
                0x000000008000a670       0x14 /home/dmitrii/ti/pdk_am335x_1_0_17/packages/ti/drv/mmcsd/lib/a8/release/ti.drv.mmcsd.aa8fg(MMCSD_v1_lld.oa8fg)
                0x000000008000a670                HSMMCSDGetBusVolt
 .text.HSMMCSDBusPowerOnCtrl
                0x000000008000a684       0x50 /home/dmitrii/ti/pdk_am335x_1_0_17/packages/ti/drv/mmcsd/lib/a8/release/ti.drv.mmcsd.aa8fg(MMCSD_v1_lld.oa8fg)
                0x000000008000a684                HSMMCSDBusPowerOnCtrl
 .text.HSMMCSDSetSupportedVoltage
                0x000000008000a6d4       0x1c /home/dmitrii/ti/pdk_am335x_1_0_17/packages/ti/drv/mmcsd/lib/a8/release/ti.drv.mmcsd.aa8fg(MMCSD_v1_lld.oa8fg)
                0x000000008000a6d4                HSMMCSDSetSupportedVoltage
 .text.HSMMCSDIsHighSpeedSupported
                0x000000008000a6f0       0x14 /home/dmitrii/ti/pdk_am335x_1_0_17/packages/ti/drv/mmcsd/lib/a8/release/ti.drv.mmcsd.aa8fg(MMCSD_v1_lld.oa8fg)
                0x000000008000a6f0                HSMMCSDIsHighSpeedSupported
 .text.HSMMCSDIsUHSSDR50Supported
                0x000000008000a704       0x10 /home/dmitrii/ti/pdk_am335x_1_0_17/packages/ti/drv/mmcsd/lib/a8/release/ti.drv.mmcsd.aa8fg(MMCSD_v1_lld.oa8fg)
                0x000000008000a704                HSMMCSDIsUHSSDR50Supported
 .text.HSMMCSDIsUHSSDR104Supported
                0x000000008000a714       0x14 /home/dmitrii/ti/pdk_am335x_1_0_17/packages/ti/drv/mmcsd/lib/a8/release/ti.drv.mmcsd.aa8fg(MMCSD_v1_lld.oa8fg)
                0x000000008000a714                HSMMCSDIsUHSSDR104Supported
 .text.HSMMCSDIsUHSDDR50Supported
                0x000000008000a728       0x14 /home/dmitrii/ti/pdk_am335x_1_0_17/packages/ti/drv/mmcsd/lib/a8/release/ti.drv.mmcsd.aa8fg(MMCSD_v1_lld.oa8fg)
                0x000000008000a728                HSMMCSDIsUHSDDR50Supported
 .text.HSMMCSDSetDataTimeout
                0x000000008000a73c       0x20 /home/dmitrii/ti/pdk_am335x_1_0_17/packages/ti/drv/mmcsd/lib/a8/release/ti.drv.mmcsd.aa8fg(MMCSD_v1_lld.oa8fg)
                0x000000008000a73c                HSMMCSDSetDataTimeout
 .text.HSMMCSDSetBusFreq
                0x000000008000a75c      0x1a4 /home/dmitrii/ti/pdk_am335x_1_0_17/packages/ti/drv/mmcsd/lib/a8/release/ti.drv.mmcsd.aa8fg(MMCSD_v1_lld.oa8fg)
                0x000000008000a75c                HSMMCSDSetBusFreq
 .text.HSMMCSDInitStreamSend
                0x000000008000a900       0xac /home/dmitrii/ti/pdk_am335x_1_0_17/packages/ti/drv/mmcsd/lib/a8/release/ti.drv.mmcsd.aa8fg(MMCSD_v1_lld.oa8fg)
                0x000000008000a900                HSMMCSDInitStreamSend
 .text.HSMMCSDIntrStatusEnable
                0x000000008000a9ac       0x18 /home/dmitrii/ti/pdk_am335x_1_0_17/packages/ti/drv/mmcsd/lib/a8/release/ti.drv.mmcsd.aa8fg(MMCSD_v1_lld.oa8fg)
                0x000000008000a9ac                HSMMCSDIntrStatusEnable
 .text.HSMMCSDIntrStatusDisable
                0x000000008000a9c4       0x18 /home/dmitrii/ti/pdk_am335x_1_0_17/packages/ti/drv/mmcsd/lib/a8/release/ti.drv.mmcsd.aa8fg(MMCSD_v1_lld.oa8fg)
                0x000000008000a9c4                HSMMCSDIntrStatusDisable
 .text.HSMMCSDIntrEnable
                0x000000008000a9dc       0x2c /home/dmitrii/ti/pdk_am335x_1_0_17/packages/ti/drv/mmcsd/lib/a8/release/ti.drv.mmcsd.aa8fg(MMCSD_v1_lld.oa8fg)
                0x000000008000a9dc                HSMMCSDIntrEnable
 .text.HSMMCSDIntrDisable
                0x000000008000aa08       0x18 /home/dmitrii/ti/pdk_am335x_1_0_17/packages/ti/drv/mmcsd/lib/a8/release/ti.drv.mmcsd.aa8fg(MMCSD_v1_lld.oa8fg)
                0x000000008000aa08                HSMMCSDIntrDisable
 .text.HSMMCSDIntrGet
                0x000000008000aa20        0xc /home/dmitrii/ti/pdk_am335x_1_0_17/packages/ti/drv/mmcsd/lib/a8/release/ti.drv.mmcsd.aa8fg(MMCSD_v1_lld.oa8fg)
                0x000000008000aa20                HSMMCSDIntrGet
 .text.HSMMCSDIntrStatus
                0x000000008000aa2c        0xc /home/dmitrii/ti/pdk_am335x_1_0_17/packages/ti/drv/mmcsd/lib/a8/release/ti.drv.mmcsd.aa8fg(MMCSD_v1_lld.oa8fg)
                0x000000008000aa2c                HSMMCSDIntrStatus
 .text.HSMMCSDIntrClear
                0x000000008000aa38        0xc /home/dmitrii/ti/pdk_am335x_1_0_17/packages/ti/drv/mmcsd/lib/a8/release/ti.drv.mmcsd.aa8fg(MMCSD_v1_lld.oa8fg)
                0x000000008000aa38                HSMMCSDIntrClear
 .text.HSMMCSDSetBlkLength
                0x000000008000aa44       0x1c /home/dmitrii/ti/pdk_am335x_1_0_17/packages/ti/drv/mmcsd/lib/a8/release/ti.drv.mmcsd.aa8fg(MMCSD_v1_lld.oa8fg)
                0x000000008000aa44                HSMMCSDSetBlkLength
 .text.HSMMCSDCommandSend
                0x000000008000aa60       0x84 /home/dmitrii/ti/pdk_am335x_1_0_17/packages/ti/drv/mmcsd/lib/a8/release/ti.drv.mmcsd.aa8fg(MMCSD_v1_lld.oa8fg)
                0x000000008000aa60                HSMMCSDCommandSend
 .text.HSMMCSDGetResponse
                0x000000008000aae4       0x34 /home/dmitrii/ti/pdk_am335x_1_0_17/packages/ti/drv/mmcsd/lib/a8/release/ti.drv.mmcsd.aa8fg(MMCSD_v1_lld.oa8fg)
                0x000000008000aae4                HSMMCSDGetResponse
 .text.HSMMCSDGetData
                0x000000008000ab18       0x28 /home/dmitrii/ti/pdk_am335x_1_0_17/packages/ti/drv/mmcsd/lib/a8/release/ti.drv.mmcsd.aa8fg(MMCSD_v1_lld.oa8fg)
                0x000000008000ab18                HSMMCSDGetData
 .text.HSMMCSDGetCmdSignalLevel
                0x000000008000ab40       0x14 /home/dmitrii/ti/pdk_am335x_1_0_17/packages/ti/drv/mmcsd/lib/a8/release/ti.drv.mmcsd.aa8fg(MMCSD_v1_lld.oa8fg)
                0x000000008000ab40                HSMMCSDGetCmdSignalLevel
 .text.GPIO_enableInt
                0x000000008000ab54       0x24 /home/dmitrii/ti/pdk_am335x_1_0_17/packages/ti/drv/gpio/lib/a8/release/ti.drv.gpio.aa8fg(GPIO_drv.oa8fg)
                0x000000008000ab54                GPIO_enableInt
 .text.GPIO_init
                0x000000008000ab78       0x24 /home/dmitrii/ti/pdk_am335x_1_0_17/packages/ti/drv/gpio/lib/a8/release/ti.drv.gpio.aa8fg(GPIO_drv.oa8fg)
                0x000000008000ab78                GPIO_init
 .text.GPIO_read
                0x000000008000ab9c       0x2c /home/dmitrii/ti/pdk_am335x_1_0_17/packages/ti/drv/gpio/lib/a8/release/ti.drv.gpio.aa8fg(GPIO_drv.oa8fg)
                0x000000008000ab9c                GPIO_read
 .text.GPIO_setCallback
                0x000000008000abc8       0x24 /home/dmitrii/ti/pdk_am335x_1_0_17/packages/ti/drv/gpio/lib/a8/release/ti.drv.gpio.aa8fg(GPIO_drv.oa8fg)
                0x000000008000abc8                GPIO_setCallback
 .text.GPIO_toggle_v1
                0x000000008000abec       0xc8 /home/dmitrii/ti/pdk_am335x_1_0_17/packages/ti/drv/gpio/lib/a8/release/ti.drv.gpio.aa8fg(GPIO_v1.oa8fg)
 .text.GPIO_setCallback_v1
                0x000000008000acb4       0x98 /home/dmitrii/ti/pdk_am335x_1_0_17/packages/ti/drv/gpio/lib/a8/release/ti.drv.gpio.aa8fg(GPIO_v1.oa8fg)
 .text.GPIO_write_v1
                0x000000008000ad4c       0xc4 /home/dmitrii/ti/pdk_am335x_1_0_17/packages/ti/drv/gpio/lib/a8/release/ti.drv.gpio.aa8fg(GPIO_v1.oa8fg)
 .text.GPIO_setConfig_v1
                0x000000008000ae10      0x220 /home/dmitrii/ti/pdk_am335x_1_0_17/packages/ti/drv/gpio/lib/a8/release/ti.drv.gpio.aa8fg(GPIO_v1.oa8fg)
 .text.GPIO_clearInt_v1
                0x000000008000b030       0x94 /home/dmitrii/ti/pdk_am335x_1_0_17/packages/ti/drv/gpio/lib/a8/release/ti.drv.gpio.aa8fg(GPIO_v1.oa8fg)
 .text.GPIO_v1_hwiFxn
                0x000000008000b0c4       0xbc /home/dmitrii/ti/pdk_am335x_1_0_17/packages/ti/drv/gpio/lib/a8/release/ti.drv.gpio.aa8fg(GPIO_v1.oa8fg)
 .text.GPIO_enableInt_v1
                0x000000008000b180       0xa8 /home/dmitrii/ti/pdk_am335x_1_0_17/packages/ti/drv/gpio/lib/a8/release/ti.drv.gpio.aa8fg(GPIO_v1.oa8fg)
 .text.GPIO_disableInt_v1
                0x000000008000b228       0xa8 /home/dmitrii/ti/pdk_am335x_1_0_17/packages/ti/drv/gpio/lib/a8/release/ti.drv.gpio.aa8fg(GPIO_v1.oa8fg)
 .text.GPIO_read_v1
                0x000000008000b2d0       0x98 /home/dmitrii/ti/pdk_am335x_1_0_17/packages/ti/drv/gpio/lib/a8/release/ti.drv.gpio.aa8fg(GPIO_v1.oa8fg)
 .text.GPIO_init_v1
                0x000000008000b368      0x164 /home/dmitrii/ti/pdk_am335x_1_0_17/packages/ti/drv/gpio/lib/a8/release/ti.drv.gpio.aa8fg(GPIO_v1.oa8fg)
 .text.Board_moduleClockInit
                0x000000008000b4cc      0x148 /home/dmitrii/ti/pdk_am335x_1_0_17/packages/ti/board/lib/bbbAM335x/a8/release/ti.board.aa8fg(bbbAM335x.oa8fg)
                0x000000008000b4cc                Board_moduleClockInit
 .text.Board_init
                0x000000008000b614       0x58 /home/dmitrii/ti/pdk_am335x_1_0_17/packages/ti/board/lib/bbbAM335x/a8/release/ti.board.aa8fg(bbbAM335x.oa8fg)
                0x000000008000b614                Board_init
 .text.Board_uartStdioInit
                0x000000008000b66c       0x1c /home/dmitrii/ti/pdk_am335x_1_0_17/packages/ti/board/lib/bbbAM335x/a8/release/ti.board.aa8fg(bbbAM335x_lld_init.oa8fg)
                0x000000008000b66c                Board_uartStdioInit
 .text.PINMUXModuleConfig
                0x000000008000b688      0x128 /home/dmitrii/ti/pdk_am335x_1_0_17/packages/ti/board/lib/bbbAM335x/a8/release/ti.board.aa8fg(bbbAM335x_pinmux.oa8fg)
                0x000000008000b688                PINMUXModuleConfig
 .text.Board_pinmuxConfig
                0x000000008000b7b0       0xcc /home/dmitrii/ti/pdk_am335x_1_0_17/packages/ti/board/lib/bbbAM335x/a8/release/ti.board.aa8fg(bbbAM335x_pinmux.oa8fg)
                0x000000008000b7b0                Board_pinmuxConfig
 .text.CHIPDBBaseAddress
                0x000000008000b87c       0x38 /home/dmitrii/ti/pdk_am335x_1_0_17/packages/ti/board/lib/bbbAM335x/a8/release/ti.board.aa8fg(am335x_chipdb.oa8fg)
                0x000000008000b87c                CHIPDBBaseAddress
 .text.PRCMModuleEnable
                0x000000008000b8b4     0x11ec /home/dmitrii/ti/pdk_am335x_1_0_17/packages/ti/board/lib/bbbAM335x/a8/release/ti.board.aa8fg(am335x_prcm.oa8fg)
                0x000000008000b8b4                PRCMModuleEnable
 .text.I2C_Params_init
                0x000000008000caa0       0x14 /home/dmitrii/ti/pdk_am335x_1_0_17/packages/ti/drv/i2c/lib/am335x/a8/release/ti.drv.i2c.aa8fg(I2C_drv.oa8fg)
                0x000000008000caa0                I2C_Params_init
 .text.I2C_init_v1
                0x000000008000cab4       0x14 /home/dmitrii/ti/pdk_am335x_1_0_17/packages/ti/drv/i2c/lib/am335x/a8/release/ti.drv.i2c.aa8fg(I2C_v1.oa8fg)
 .text.I2C_close_v1
                0x000000008000cac8       0x98 /home/dmitrii/ti/pdk_am335x_1_0_17/packages/ti/drv/i2c/lib/am335x/a8/release/ti.drv.i2c.aa8fg(I2C_v1.oa8fg)
 .text.I2C_open_v1
                0x000000008000cb60      0x224 /home/dmitrii/ti/pdk_am335x_1_0_17/packages/ti/drv/i2c/lib/am335x/a8/release/ti.drv.i2c.aa8fg(I2C_v1.oa8fg)
 .text.I2C_transfer_Callback_v1
                0x000000008000cd84       0x14 /home/dmitrii/ti/pdk_am335x_1_0_17/packages/ti/drv/i2c/lib/am335x/a8/release/ti.drv.i2c.aa8fg(I2C_v1.oa8fg)
 .text.I2C_v1_waitForPin.isra.2
                0x000000008000cd98       0xcc /home/dmitrii/ti/pdk_am335x_1_0_17/packages/ti/drv/i2c/lib/am335x/a8/release/ti.drv.i2c.aa8fg(I2C_v1.oa8fg)
 .text.I2C_primeTransfer_v1
                0x000000008000ce64      0x524 /home/dmitrii/ti/pdk_am335x_1_0_17/packages/ti/drv/i2c/lib/am335x/a8/release/ti.drv.i2c.aa8fg(I2C_v1.oa8fg)
 .text.I2C_v1_complete_curr_transfer
                0x000000008000d388       0x8c /home/dmitrii/ti/pdk_am335x_1_0_17/packages/ti/drv/i2c/lib/am335x/a8/release/ti.drv.i2c.aa8fg(I2C_v1.oa8fg)
 .text.I2C_v1_hwiFxn
                0x000000008000d414      0x528 /home/dmitrii/ti/pdk_am335x_1_0_17/packages/ti/drv/i2c/lib/am335x/a8/release/ti.drv.i2c.aa8fg(I2C_v1.oa8fg)
 .text.I2C_v1_resetCtrl
                0x000000008000d93c      0x164 /home/dmitrii/ti/pdk_am335x_1_0_17/packages/ti/drv/i2c/lib/am335x/a8/release/ti.drv.i2c.aa8fg(I2C_v1.oa8fg)
 .text.I2C_v1_recoverBus
                0x000000008000daa0      0x11c /home/dmitrii/ti/pdk_am335x_1_0_17/packages/ti/drv/i2c/lib/am335x/a8/release/ti.drv.i2c.aa8fg(I2C_v1.oa8fg)
 .text.I2C_transfer_v1
                0x000000008000dbbc      0x18c /home/dmitrii/ti/pdk_am335x_1_0_17/packages/ti/drv/i2c/lib/am335x/a8/release/ti.drv.i2c.aa8fg(I2C_v1.oa8fg)
 .text.I2C_v1_waitForBb.constprop.5
                0x000000008000dd48       0xbc /home/dmitrii/ti/pdk_am335x_1_0_17/packages/ti/drv/i2c/lib/am335x/a8/release/ti.drv.i2c.aa8fg(I2C_v1.oa8fg)
 .text.I2C_v1_control
                0x000000008000de04      0x238 /home/dmitrii/ti/pdk_am335x_1_0_17/packages/ti/drv/i2c/lib/am335x/a8/release/ti.drv.i2c.aa8fg(I2C_v1.oa8fg)
 .text.UART_init_v1
                0x000000008000e03c       0x10 /home/dmitrii/ti/pdk_am335x_1_0_17/packages/ti/drv/uart/lib/a8/release/ti.drv.uart.aa8fg(UART_v1.oa8fg)
 .text.UART_control_v1
                0x000000008000e04c        0x8 /home/dmitrii/ti/pdk_am335x_1_0_17/packages/ti/drv/uart/lib/a8/release/ti.drv.uart.aa8fg(UART_v1.oa8fg)
 .text.UART_open_v1
                0x000000008000e054      0x31c /home/dmitrii/ti/pdk_am335x_1_0_17/packages/ti/drv/uart/lib/a8/release/ti.drv.uart.aa8fg(UART_v1.oa8fg)
 .text.UART_close_v1
                0x000000008000e370       0xb8 /home/dmitrii/ti/pdk_am335x_1_0_17/packages/ti/drv/uart/lib/a8/release/ti.drv.uart.aa8fg(UART_v1.oa8fg)
 .text.UART_writeCancelNoCB.isra.0
                0x000000008000e428       0x78 /home/dmitrii/ti/pdk_am335x_1_0_17/packages/ti/drv/uart/lib/a8/release/ti.drv.uart.aa8fg(UART_v1.oa8fg)
 .text.UART_writeCancel_v1
                0x000000008000e4a0       0x48 /home/dmitrii/ti/pdk_am335x_1_0_17/packages/ti/drv/uart/lib/a8/release/ti.drv.uart.aa8fg(UART_v1.oa8fg)
 .text.UART_readCancelNoCB.isra.2
                0x000000008000e4e8       0x8c /home/dmitrii/ti/pdk_am335x_1_0_17/packages/ti/drv/uart/lib/a8/release/ti.drv.uart.aa8fg(UART_v1.oa8fg)
 .text.UART_charPut_v1.isra.4
                0x000000008000e574       0x5c /home/dmitrii/ti/pdk_am335x_1_0_17/packages/ti/drv/uart/lib/a8/release/ti.drv.uart.aa8fg(UART_v1.oa8fg)
 .text.UART_writePolling_v1
                0x000000008000e5d0       0xc0 /home/dmitrii/ti/pdk_am335x_1_0_17/packages/ti/drv/uart/lib/a8/release/ti.drv.uart.aa8fg(UART_v1.oa8fg)
 .text.UART_write2_v1
                0x000000008000e690      0x264 /home/dmitrii/ti/pdk_am335x_1_0_17/packages/ti/drv/uart/lib/a8/release/ti.drv.uart.aa8fg(UART_v1.oa8fg)
 .text.UART_write_v1
                0x000000008000e8f4       0x7c /home/dmitrii/ti/pdk_am335x_1_0_17/packages/ti/drv/uart/lib/a8/release/ti.drv.uart.aa8fg(UART_v1.oa8fg)
 .text.UART_readPolling_v1
                0x000000008000e970      0x12c /home/dmitrii/ti/pdk_am335x_1_0_17/packages/ti/drv/uart/lib/a8/release/ti.drv.uart.aa8fg(UART_v1.oa8fg)
 .text.UART_v1_callback
                0x000000008000ea9c       0x98 /home/dmitrii/ti/pdk_am335x_1_0_17/packages/ti/drv/uart/lib/a8/release/ti.drv.uart.aa8fg(UART_v1.oa8fg)
                0x000000008000ea9c                UART_v1_callback
 .text.UART_read2_v1
                0x000000008000eb34      0x274 /home/dmitrii/ti/pdk_am335x_1_0_17/packages/ti/drv/uart/lib/a8/release/ti.drv.uart.aa8fg(UART_v1.oa8fg)
 .text.UART_read_v1
                0x000000008000eda8       0x7c /home/dmitrii/ti/pdk_am335x_1_0_17/packages/ti/drv/uart/lib/a8/release/ti.drv.uart.aa8fg(UART_v1.oa8fg)
 .text.UART_readCancel_v1
                0x000000008000ee24       0x34 /home/dmitrii/ti/pdk_am335x_1_0_17/packages/ti/drv/uart/lib/a8/release/ti.drv.uart.aa8fg(UART_v1.oa8fg)
 .text.UART_v1_hwiIntFxn
                0x000000008000ee58      0x544 /home/dmitrii/ti/pdk_am335x_1_0_17/packages/ti/drv/uart/lib/a8/release/ti.drv.uart.aa8fg(UART_v1.oa8fg)
 .text.uart_console_putc
                0x000000008000f39c       0x58 /home/dmitrii/ti/pdk_am335x_1_0_17/packages/ti/drv/uart/lib/a8/release/ti.drv.uart.aa8fg(UART_stdio.oa8fg)
 .text.UART_stdioInit
                0x000000008000f3f4       0x90 /home/dmitrii/ti/pdk_am335x_1_0_17/packages/ti/drv/uart/lib/a8/release/ti.drv.uart.aa8fg(UART_stdio.oa8fg)
                0x000000008000f3f4                UART_stdioInit
 .text.UART_getc
                0x000000008000f484       0x44 /home/dmitrii/ti/pdk_am335x_1_0_17/packages/ti/drv/uart/lib/a8/release/ti.drv.uart.aa8fg(UART_stdio.oa8fg)
                0x000000008000f484                UART_getc
 .text.UART_dataWrite
                0x000000008000f4c8       0x5c /home/dmitrii/ti/pdk_am335x_1_0_17/packages/ti/drv/uart/lib/a8/release/ti.drv.uart.aa8fg(UART_stdio.oa8fg)
                0x000000008000f4c8                UART_dataWrite
 .text.UART_convertVal.constprop.0
                0x000000008000f524      0x16c /home/dmitrii/ti/pdk_am335x_1_0_17/packages/ti/drv/uart/lib/a8/release/ti.drv.uart.aa8fg(UART_stdio.oa8fg)
 .text.UART_printf
                0x000000008000f690      0x2d4 /home/dmitrii/ti/pdk_am335x_1_0_17/packages/ti/drv/uart/lib/a8/release/ti.drv.uart.aa8fg(UART_stdio.oa8fg)
                0x000000008000f690                UART_printf
 .text.UART_init
                0x000000008000f964       0x6c /home/dmitrii/ti/pdk_am335x_1_0_17/packages/ti/drv/uart/lib/a8/release/ti.drv.uart.aa8fg(UART_drv.oa8fg)
                0x000000008000f964                UART_init
 .text.UART_open
                0x000000008000f9d0       0x20 /home/dmitrii/ti/pdk_am335x_1_0_17/packages/ti/drv/uart/lib/a8/release/ti.drv.uart.aa8fg(UART_drv.oa8fg)
                0x000000008000f9d0                UART_open
 .text.UART_Params_init
                0x000000008000f9f0       0x2c /home/dmitrii/ti/pdk_am335x_1_0_17/packages/ti/drv/uart/lib/a8/release/ti.drv.uart.aa8fg(UART_drv.oa8fg)
                0x000000008000f9f0                UART_Params_init
 .text.UART_readPolling
                0x000000008000fa1c        0xc /home/dmitrii/ti/pdk_am335x_1_0_17/packages/ti/drv/uart/lib/a8/release/ti.drv.uart.aa8fg(UART_drv.oa8fg)
                0x000000008000fa1c                UART_readPolling
 .text.UART_write
                0x000000008000fa28        0xc /home/dmitrii/ti/pdk_am335x_1_0_17/packages/ti/drv/uart/lib/a8/release/ti.drv.uart.aa8fg(UART_drv.oa8fg)
                0x000000008000fa28                UART_write
 .text.UART_writePolling
                0x000000008000fa34        0xc /home/dmitrii/ti/pdk_am335x_1_0_17/packages/ti/drv/uart/lib/a8/release/ti.drv.uart.aa8fg(UART_drv.oa8fg)
                0x000000008000fa34                UART_writePolling
 .text.SemaphoreP_create
                0x000000008000fa40      0x1c4 /home/dmitrii/ti/pdk_am335x_1_0_17/packages/ti/osal/lib/tirtos/am335x/a8/release/ti.osal.aa8fg(SemaphoreP_tirtos.oa8fg)
                0x000000008000fa40                SemaphoreP_create
 .text.SemaphoreP_delete
                0x000000008000fc04       0x7c /home/dmitrii/ti/pdk_am335x_1_0_17/packages/ti/osal/lib/tirtos/am335x/a8/release/ti.osal.aa8fg(SemaphoreP_tirtos.oa8fg)
                0x000000008000fc04                SemaphoreP_delete
 .text.SemaphoreP_Params_init
                0x000000008000fc80       0x48 /home/dmitrii/ti/pdk_am335x_1_0_17/packages/ti/osal/lib/tirtos/am335x/a8/release/ti.osal.aa8fg(SemaphoreP_tirtos.oa8fg)
                0x000000008000fc80                SemaphoreP_Params_init
 .text.SemaphoreP_pend
                0x000000008000fcc8       0x48 /home/dmitrii/ti/pdk_am335x_1_0_17/packages/ti/osal/lib/tirtos/am335x/a8/release/ti.osal.aa8fg(SemaphoreP_tirtos.oa8fg)
                0x000000008000fcc8                SemaphoreP_pend
 .text.SemaphoreP_post
                0x000000008000fd10       0x38 /home/dmitrii/ti/pdk_am335x_1_0_17/packages/ti/osal/lib/tirtos/am335x/a8/release/ti.osal.aa8fg(SemaphoreP_tirtos.oa8fg)
                0x000000008000fd10                SemaphoreP_post
 .text.HwiP_create
                0x000000008000fd48      0x20c /home/dmitrii/ti/pdk_am335x_1_0_17/packages/ti/osal/lib/tirtos/am335x/a8/release/ti.osal.aa8fg(HwiP_tirtos.oa8fg)
                0x000000008000fd48                HwiP_create
 .text.HwiP_delete
                0x000000008000ff54       0x90 /home/dmitrii/ti/pdk_am335x_1_0_17/packages/ti/osal/lib/tirtos/am335x/a8/release/ti.osal.aa8fg(HwiP_tirtos.oa8fg)
                0x000000008000ff54                HwiP_delete
 .text.HwiP_disable
                0x000000008000ffe4        0xc /home/dmitrii/ti/pdk_am335x_1_0_17/packages/ti/osal/lib/tirtos/am335x/a8/release/ti.osal.aa8fg(HwiP_tirtos.oa8fg)
                0x000000008000ffe4                HwiP_disable
 .text.HwiP_disableInterrupt
                0x000000008000fff0        0x4 /home/dmitrii/ti/pdk_am335x_1_0_17/packages/ti/osal/lib/tirtos/am335x/a8/release/ti.osal.aa8fg(HwiP_tirtos.oa8fg)
                0x000000008000fff0                HwiP_disableInterrupt
 .text.HwiP_enableInterrupt
                0x000000008000fff4        0x4 /home/dmitrii/ti/pdk_am335x_1_0_17/packages/ti/osal/lib/tirtos/am335x/a8/release/ti.osal.aa8fg(HwiP_tirtos.oa8fg)
                0x000000008000fff4                HwiP_enableInterrupt
 .text.HwiP_Params_init
                0x000000008000fff8       0x24 /home/dmitrii/ti/pdk_am335x_1_0_17/packages/ti/osal/lib/tirtos/am335x/a8/release/ti.osal.aa8fg(HwiP_tirtos.oa8fg)
                0x000000008000fff8                HwiP_Params_init
 .text.HwiP_restore
                0x000000008001001c       0x1c /home/dmitrii/ti/pdk_am335x_1_0_17/packages/ti/osal/lib/tirtos/am335x/a8/release/ti.osal.aa8fg(HwiP_tirtos.oa8fg)
                0x000000008001001c                HwiP_restore
 .text.Osal_DebugP_assert
                0x0000000080010038       0x1c /home/dmitrii/ti/pdk_am335x_1_0_17/packages/ti/osal/lib/tirtos/am335x/a8/release/ti.osal.aa8fg(Utils_tirtos.oa8fg)
                0x0000000080010038                Osal_DebugP_assert
 .text.Osal_getThreadType
                0x0000000080010054       0x28 /home/dmitrii/ti/pdk_am335x_1_0_17/packages/ti/osal/lib/tirtos/am335x/a8/release/ti.osal.aa8fg(Utils_tirtos.oa8fg)
                0x0000000080010054                Osal_getThreadType
 .text.Osal_delay
                0x000000008001007c       0x48 /home/dmitrii/ti/pdk_am335x_1_0_17/packages/ti/osal/lib/tirtos/am335x/a8/release/ti.osal.aa8fg(Utils_tirtos.oa8fg)
                0x000000008001007c                Osal_delay
 .text.Osal_RegisterInterrupt_initParams
                0x00000000800100c4       0x40 /home/dmitrii/ti/pdk_am335x_1_0_17/packages/ti/osal/lib/tirtos/am335x/a8/release/ti.osal.aa8fg(RegisterIntr_tirtos.oa8fg)
                0x00000000800100c4                Osal_RegisterInterrupt_initParams
 .text.Osal_RegisterInterrupt
                0x0000000080010104       0x7c /home/dmitrii/ti/pdk_am335x_1_0_17/packages/ti/osal/lib/tirtos/am335x/a8/release/ti.osal.aa8fg(RegisterIntr_tirtos.oa8fg)
                0x0000000080010104                Osal_RegisterInterrupt
 .text.Osal_DeleteInterrupt
                0x0000000080010180       0x18 /home/dmitrii/ti/pdk_am335x_1_0_17/packages/ti/osal/lib/tirtos/am335x/a8/release/ti.osal.aa8fg(RegisterIntr_tirtos.oa8fg)
                0x0000000080010180                Osal_DeleteInterrupt
 .text.Osal_EnableInterrupt
                0x0000000080010198        0x8 /home/dmitrii/ti/pdk_am335x_1_0_17/packages/ti/osal/lib/tirtos/am335x/a8/release/ti.osal.aa8fg(RegisterIntr_tirtos.oa8fg)
                0x0000000080010198                Osal_EnableInterrupt
 .text.Osal_DisableInterrupt
                0x00000000800101a0        0x8 /home/dmitrii/ti/pdk_am335x_1_0_17/packages/ti/osal/lib/tirtos/am335x/a8/release/ti.osal.aa8fg(RegisterIntr_tirtos.oa8fg)
                0x00000000800101a0                Osal_DisableInterrupt
 .text.MuxIntcP_create
                0x00000000800101a8       0x20 /home/dmitrii/ti/pdk_am335x_1_0_17/packages/ti/osal/lib/tirtos/am335x/a8/release/ti.osal.aa8fg(MuxIntcP_tirtos.oa8fg)
                0x00000000800101a8                MuxIntcP_create
 .text.ti_sysbios_family_arm_TaskSupport_buildTaskStack
                0x00000000800101c8       0x7c /home/dmitrii/ti/ccs930/ccs/workspace/Test_FatFS/src/sysbios/sysbios.aa8fg(arm_TaskSupport_asm_gnu.o)
                0x00000000800101c8                ti_sysbios_family_arm_TaskSupport_buildTaskStack
 .text.ti_sysbios_family_arm_TaskSupport_swap__E
                0x0000000080010244       0x1c /home/dmitrii/ti/ccs930/ccs/workspace/Test_FatFS/src/sysbios/sysbios.aa8fg(arm_TaskSupport_asm_gnu.o)
                0x0000000080010244                ti_sysbios_family_arm_TaskSupport_swap__E
 .text.ti_sysbios_family_arm_TaskSupport_glue
                0x0000000080010260       0x1c /home/dmitrii/ti/ccs930/ccs/workspace/Test_FatFS/src/sysbios/sysbios.aa8fg(arm_TaskSupport_asm_gnu.o)
                0x0000000080010260                ti_sysbios_family_arm_TaskSupport_glue
 .text.ti_sysbios_family_arm_a8_Cache_disableL1d__I
                0x000000008001027c       0x1c /home/dmitrii/ti/ccs930/ccs/workspace/Test_FatFS/src/sysbios/sysbios.aa8fg(a8_Cache_asm_gnu.o)
                0x000000008001027c                ti_sysbios_family_arm_a8_Cache_disableL1d(int0_t)
 .text.ti_sysbios_family_arm_a8_Cache_disableL1p__I
                0x0000000080010298       0x14 /home/dmitrii/ti/ccs930/ccs/workspace/Test_FatFS/src/sysbios/sysbios.aa8fg(a8_Cache_asm_gnu.o)
                0x0000000080010298                ti_sysbios_family_arm_a8_Cache_disableL1p(int0_t)
 .text.ti_sysbios_family_arm_a8_Cache_disableL2__I
                0x00000000800102ac       0x10 /home/dmitrii/ti/ccs930/ccs/workspace/Test_FatFS/src/sysbios/sysbios.aa8fg(a8_Cache_asm_gnu.o)
                0x00000000800102ac                ti_sysbios_family_arm_a8_Cache_disableL2(int0_t)
 .text.ti_sysbios_family_arm_a8_Cache_enableL1d__I
                0x00000000800102bc       0x10 /home/dmitrii/ti/ccs930/ccs/workspace/Test_FatFS/src/sysbios/sysbios.aa8fg(a8_Cache_asm_gnu.o)
                0x00000000800102bc                ti_sysbios_family_arm_a8_Cache_enableL1d(int0_t)
 .text.ti_sysbios_family_arm_a8_Cache_enableL1p__I
                0x00000000800102cc       0x14 /home/dmitrii/ti/ccs930/ccs/workspace/Test_FatFS/src/sysbios/sysbios.aa8fg(a8_Cache_asm_gnu.o)
                0x00000000800102cc                ti_sysbios_family_arm_a8_Cache_enableL1p(int0_t)
 .text.ti_sysbios_family_arm_a8_Cache_enableL2__I
                0x00000000800102e0       0x10 /home/dmitrii/ti/ccs930/ccs/workspace/Test_FatFS/src/sysbios/sysbios.aa8fg(a8_Cache_asm_gnu.o)
                0x00000000800102e0                ti_sysbios_family_arm_a8_Cache_enableL2(int0_t)
 .text.ti_sysbios_family_arm_a8_Cache_invL1dAll__E
                0x00000000800102f0       0x94 /home/dmitrii/ti/ccs930/ccs/workspace/Test_FatFS/src/sysbios/sysbios.aa8fg(a8_Cache_asm_gnu.o)
                0x00000000800102f0                ti_sysbios_family_arm_a8_Cache_invL1dAll__E
 .text.ti_sysbios_family_arm_a8_Cache_invL1pAll__E
                0x0000000080010384        0x8 /home/dmitrii/ti/ccs930/ccs/workspace/Test_FatFS/src/sysbios/sysbios.aa8fg(a8_Cache_asm_gnu.o)
                0x0000000080010384                ti_sysbios_family_arm_a8_Cache_invL1pAll__E
 .text.ti_sysbios_family_arm_a8_Cache_wbInvAll__E
                0x000000008001038c       0x94 /home/dmitrii/ti/ccs930/ccs/workspace/Test_FatFS/src/sysbios/sysbios.aa8fg(a8_Cache_asm_gnu.o)
                0x000000008001038c                ti_sysbios_family_arm_a8_Cache_wbInvAll__E
 .text.ti_sysbios_family_arm_a8_Cache_getEnabled__E
                0x0000000080010420       0x38 /home/dmitrii/ti/ccs930/ccs/workspace/Test_FatFS/src/sysbios/sysbios.aa8fg(a8_Cache_asm_gnu.o)